2026-09-21 02:51:47.345 PDT [195799] LOG:  starting PostgreSQL 20devel on x86_64-pc-linux-gnu, compiled by gcc (Ubuntu 13.3.0-6ubuntu2~24.04.1) 13.3.0, 64-bit
2026-09-21 02:51:47.349 PDT [195799] LOG:  listening on Unix socket "/tmp/rbi-comparison-oeg6mubw/socket/.s.PGSQL.55449"
2026-09-21 02:51:47.359 PDT [195804] LOG:  database system was shut down at 2026-09-21 02:51:46 PDT
2026-09-21 02:51:47.363 PDT [195799] LOG:  database system is ready to accept connections
2026-09-21 02:51:47.481 PDT [195802] LOG:  checkpoint starting: fast force wait
2026-09-21 02:51:47.559 PDT [195802] LOG:  checkpoint complete: fast force wait: wrote 230 buffers (0.4%), wrote 3 SLRU buffers; 0 WAL file(s) added, 0 removed, 0 recycled; write=0.011 s, sync=0.056 s, total=0.078 s; sync files=74, longest=0.006 s, average=0.001 s; distance=2088 kB, estimate=2088 kB; lsn=0/018FD1C8, redo lsn=0/018FD168
2026-09-21 02:51:49.784 PDT [195802] LOG:  checkpoint starting: fast force wait
2026-09-21 02:51:49.857 PDT [195802] LOG:  checkpoint complete: fast force wait: wrote 48 buffers (0.1%), wrote 1 SLRU buffers; 0 WAL file(s) added, 0 removed, 4 recycled; write=0.005 s, sync=0.036 s, total=0.073 s; sync files=38, longest=0.005 s, average=0.001 s; distance=64931 kB, estimate=64931 kB; lsn=0/05865DF0, redo lsn=0/05865D90
2026-09-21 02:51:50.747 PDT [195802] LOG:  checkpoint starting: fast force wait
2026-09-21 02:51:50.819 PDT [195802] LOG:  checkpoint complete: fast force wait: wrote 1276 buffers (1.9%), wrote 1 SLRU buffers; 0 WAL file(s) added, 0 removed, 4 recycled; write=0.016 s, sync=0.026 s, total=0.073 s; sync files=29, longest=0.005 s, average=0.001 s; distance=69059 kB, estimate=69059 kB; lsn=0/09BD6D98, redo lsn=0/09BD6D38
2026-09-21 02:51:51.502 PDT [195802] LOG:  checkpoint starting: fast force wait
2026-09-21 02:51:51.570 PDT [195802] LOG:  checkpoint complete: fast force wait: wrote 2984 buffers (4.6%), wrote 1 SLRU buffers; 0 WAL file(s) added, 0 removed, 4 recycled; write=0.023 s, sync=0.016 s, total=0.069 s; sync files=11, longest=0.005 s, average=0.002 s; distance=66055 kB, estimate=68759 kB; lsn=0/0DC58CE8, redo lsn=0/0DC58C88
2026-09-21 02:51:52.221 PDT [195802] LOG:  checkpoint starting: fast force wait
2026-09-21 02:51:52.295 PDT [195802] LOG:  checkpoint complete: fast force wait: wrote 2989 buffers (4.6%), wrote 1 SLRU buffers; 0 WAL file(s) added, 0 removed, 4 recycled; write=0.022 s, sync=0.022 s, total=0.074 s; sync files=10, longest=0.011 s, average=0.002 s; distance=66071 kB, estimate=68490 kB; lsn=0/11CDE8F8, redo lsn=0/11CDE898
2026-09-21 02:51:52.963 PDT [195802] LOG:  checkpoint starting: fast force wait
2026-09-21 02:51:53.030 PDT [195802] LOG:  checkpoint complete: fast force wait: wrote 2997 buffers (4.6%), wrote 1 SLRU buffers; 0 WAL file(s) added, 0 removed, 4 recycled; write=0.021 s, sync=0.015 s, total=0.067 s; sync files=10, longest=0.005 s, average=0.002 s; distance=66103 kB, estimate=68251 kB; lsn=0/15D6C7D0, redo lsn=0/15D6C770
2026-09-21 02:51:54.655 PDT [195802] LOG:  checkpoint starting: fast force wait
2026-09-21 02:51:54.719 PDT [195802] LOG:  checkpoint complete: fast force wait: wrote 2996 buffers (4.6%), wrote 1 SLRU buffers; 0 WAL file(s) added, 0 removed, 4 recycled; write=0.022 s, sync=0.014 s, total=0.064 s; sync files=10, longest=0.004 s, average=0.002 s; distance=66086 kB, estimate=68035 kB; lsn=0/19DF61D8, redo lsn=0/19DF6178
2026-09-21 02:51:55.507 PDT [195802] LOG:  checkpoint starting: fast force wait
2026-09-21 02:51:55.564 PDT [195802] LOG:  checkpoint complete: fast force wait: wrote 27 buffers (0.0%), wrote 1 SLRU buffers; 0 WAL file(s) added, 0 removed, 5 recycled; write=0.005 s, sync=0.020 s, total=0.058 s; sync files=23, longest=0.004 s, average=0.001 s; distance=69080 kB, estimate=69080 kB; lsn=0/1E16C480, redo lsn=0/1E16C420
2026-09-21 02:51:58.640 PDT [195802] LOG:  checkpoint starting: fast force wait
2026-09-21 02:51:58.689 PDT [195802] LOG:  checkpoint complete: fast force wait: wrote 25 buffers (0.0%), wrote 2 SLRU buffers; 0 WAL file(s) added, 0 removed, 2 recycled; write=0.008 s, sync=0.021 s, total=0.049 s; sync files=23, longest=0.004 s, average=0.001 s; distance=35606 kB, estimate=65733 kB; lsn=0/20432070, redo lsn=0/20431FF8
2026-09-21 02:52:01.827 PDT [195802] LOG:  checkpoint starting: fast force wait
2026-09-21 02:52:01.887 PDT [195802] LOG:  checkpoint complete: fast force wait: wrote 29 buffers (0.0%), wrote 2 SLRU buffers; 0 WAL file(s) added, 0 removed, 5 recycled; write=0.008 s, sync=0.021 s, total=0.061 s; sync files=24, longest=0.004 s, average=0.001 s; distance=78834 kB, estimate=78834 kB; lsn=0/2512EBD8, redo lsn=0/2512EB78
2026-09-21 02:52:05.057 PDT [195802] LOG:  checkpoint starting: fast force wait
2026-09-21 02:52:05.123 PDT [195802] LOG:  checkpoint complete: fast force wait: wrote 26 buffers (0.0%), wrote 4 SLRU buffers; 0 WAL file(s) added, 0 removed, 6 recycled; write=0.008 s, sync=0.022 s, total=0.066 s; sync files=24, longest=0.004 s, average=0.001 s; distance=108179 kB, estimate=108179 kB; lsn=0/2BAD3980, redo lsn=0/2BAD3920
2026-09-21 02:52:09.622 PDT [195802] LOG:  checkpoint starting: fast force wait
2026-09-21 02:52:09.690 PDT [195802] LOG:  checkpoint complete: fast force wait: wrote 37 buffers (0.1%), wrote 1 SLRU buffers; 0 WAL file(s) added, 0 removed, 4 recycled; write=0.006 s, sync=0.031 s, total=0.068 s; sync files=29, longest=0.005 s, average=0.001 s; distance=61107 kB, estimate=103472 kB; lsn=0/2F6806B8, redo lsn=0/2F680658
2026-09-21 02:52:11.699 PDT [195802] LOG:  checkpoint starting: fast force wait
2026-09-21 02:52:11.774 PDT [195802] LOG:  checkpoint complete: fast force wait: wrote 1841 buffers (2.8%), wrote 1 SLRU buffers; 0 WAL file(s) added, 0 removed, 3 recycled; write=0.019 s, sync=0.028 s, total=0.076 s; sync files=29, longest=0.004 s, average=0.001 s; distance=52488 kB, estimate=98373 kB; lsn=0/329C2928, redo lsn=0/329C28C8
2026-09-21 02:52:14.319 PDT [195802] LOG:  checkpoint starting: fast force wait
2026-09-21 02:52:14.375 PDT [195802] LOG:  checkpoint complete: fast force wait: wrote 2594 buffers (4.0%), wrote 1 SLRU buffers; 0 WAL file(s) added, 0 removed, 2 recycled; write=0.019 s, sync=0.016 s, total=0.056 s; sync files=8, longest=0.005 s, average=0.002 s; distance=37875 kB, estimate=92324 kB; lsn=0/34EBF868, redo lsn=0/34EBF808
2026-09-21 02:52:16.870 PDT [195802] LOG:  checkpoint starting: fast force wait
2026-09-21 02:52:16.921 PDT [195802] LOG:  checkpoint complete: fast force wait: wrote 2319 buffers (3.5%), wrote 1 SLRU buffers; 0 WAL file(s) added, 0 removed, 3 recycled; write=0.017 s, sync=0.009 s, total=0.051 s; sync files=8, longest=0.003 s, average=0.002 s; distance=37247 kB, estimate=86816 kB; lsn=0/3731F530, redo lsn=0/3731F4D0
2026-09-21 02:52:19.414 PDT [195802] LOG:  checkpoint starting: fast force wait
2026-09-21 02:52:19.461 PDT [195802] LOG:  checkpoint complete: fast force wait: wrote 2297 buffers (3.5%), wrote 1 SLRU buffers; 0 WAL file(s) added, 0 removed, 2 recycled; write=0.015 s, sync=0.011 s, total=0.047 s; sync files=8, longest=0.004 s, average=0.002 s; distance=37249 kB, estimate=81859 kB; lsn=0/3977FA80, redo lsn=0/3977FA20
2026-09-21 02:52:21.883 PDT [195802] LOG:  checkpoint starting: fast force wait
2026-09-21 02:52:21.934 PDT [195802] LOG:  checkpoint complete: fast force wait: wrote 2312 buffers (3.5%), wrote 1 SLRU buffers; 0 WAL file(s) added, 0 removed, 2 recycled; write=0.017 s, sync=0.012 s, total=0.051 s; sync files=8, longest=0.004 s, average=0.002 s; distance=37250 kB, estimate=77398 kB; lsn=0/3BBE0668, redo lsn=0/3BBE0608
2026-09-21 02:52:25.091 PDT [195802] LOG:  checkpoint starting: fast force wait
2026-09-21 02:52:25.149 PDT [195802] LOG:  checkpoint complete: fast force wait: wrote 32 buffers (0.0%), wrote 1 SLRU buffers; 0 WAL file(s) added, 0 removed, 3 recycled; write=0.005 s, sync=0.026 s, total=0.059 s; sync files=22, longest=0.004 s, average=0.002 s; distance=51581 kB, estimate=74817 kB; lsn=0/3EE3FE40, redo lsn=0/3EE3FDE0
2026-09-21 02:52:28.209 PDT [195802] LOG:  checkpoint starting: fast force wait
2026-09-21 02:52:28.258 PDT [195802] LOG:  checkpoint complete: fast force wait: wrote 32 buffers (0.0%), wrote 1 SLRU buffers; 0 WAL file(s) added, 0 removed, 2 recycled; write=0.004 s, sync=0.023 s, total=0.049 s; sync files=23, longest=0.004 s, average=0.001 s; distance=18236 kB, estimate=69159 kB; lsn=0/4000F198, redo lsn=0/4000F138
2026-09-21 02:52:31.348 PDT [195802] LOG:  checkpoint starting: fast force wait
2026-09-21 02:52:31.396 PDT [195802] LOG:  checkpoint complete: fast force wait: wrote 32 buffers (0.0%), wrote 2 SLRU buffers; 0 WAL file(s) added, 0 removed, 2 recycled; write=0.008 s, sync=0.021 s, total=0.048 s; sync files=23, longest=0.004 s, average=0.001 s; distance=35626 kB, estimate=65805 kB; lsn=0/422D9A30, redo lsn=0/422D99D0
2026-09-21 02:52:34.508 PDT [195802] LOG:  checkpoint starting: fast force wait
2026-09-21 02:52:34.558 PDT [195802] LOG:  checkpoint complete: fast force wait: wrote 23 buffers (0.0%), wrote 3 SLRU buffers; 0 WAL file(s) added, 0 removed, 3 recycled; write=0.007 s, sync=0.021 s, total=0.051 s; sync files=24, longest=0.004 s, average=0.001 s; distance=49287 kB, estimate=64153 kB; lsn=0/452FB968, redo lsn=0/452FB908
2026-09-21 02:52:37.108 PDT [195802] LOG:  checkpoint starting: fast force wait
2026-09-21 02:52:37.164 PDT [195802] LOG:  checkpoint complete: fast force wait: wrote 31 buffers (0.0%), wrote 1 SLRU buffers; 0 WAL file(s) added, 0 removed, 3 recycled; write=0.004 s, sync=0.029 s, total=0.057 s; sync files=32, longest=0.004 s, average=0.001 s; distance=58693 kB, estimate=63607 kB; lsn=0/48C4CDD8, redo lsn=0/48C4CD78
2026-09-21 02:52:38.296 PDT [195802] LOG:  checkpoint starting: fast force wait
2026-09-21 02:52:38.366 PDT [195802] LOG:  checkpoint complete: fast force wait: wrote 570 buffers (0.9%), wrote 1 SLRU buffers; 0 WAL file(s) added, 0 removed, 4 recycled; write=0.008 s, sync=0.032 s, total=0.071 s; sync files=29, longest=0.007 s, average=0.002 s; distance=61023 kB, estimate=63349 kB; lsn=0/4C7E4DA8, redo lsn=0/4C7E4D48
2026-09-21 02:52:39.477 PDT [195802] LOG:  checkpoint starting: fast force wait
2026-09-21 02:52:39.537 PDT [195802] LOG:  checkpoint complete: fast force wait: wrote 3015 buffers (4.6%), wrote 1 SLRU buffers; 0 WAL file(s) added, 0 removed, 4 recycled; write=0.021 s, sync=0.014 s, total=0.060 s; sync files=8, longest=0.005 s, average=0.002 s; distance=59369 kB, estimate=62951 kB; lsn=0/501DF298, redo lsn=0/501DF238
2026-09-21 02:52:40.612 PDT [195802] LOG:  checkpoint starting: fast force wait
2026-09-21 02:52:40.670 PDT [195802] LOG:  checkpoint complete: fast force wait: wrote 3584 buffers (5.5%), wrote 1 SLRU buffers; 0 WAL file(s) added, 0 removed, 3 recycled; write=0.021 s, sync=0.015 s, total=0.058 s; sync files=10, longest=0.004 s, average=0.002 s; distance=58087 kB, estimate=62465 kB; lsn=0/53A99230, redo lsn=0/53A991D0
2026-09-21 02:52:41.689 PDT [195802] LOG:  checkpoint starting: fast force wait
2026-09-21 02:52:41.750 PDT [195802] LOG:  checkpoint complete: fast force wait: wrote 3450 buffers (5.3%), wrote 1 SLRU buffers; 0 WAL file(s) added, 0 removed, 4 recycled; write=0.022 s, sync=0.014 s, total=0.061 s; sync files=10, longest=0.005 s, average=0.002 s; distance=59405 kB, estimate=62159 kB; lsn=0/5749C728, redo lsn=0/5749C6C8
2026-09-21 02:52:42.746 PDT [195802] LOG:  checkpoint starting: fast force wait
2026-09-21 02:52:42.800 PDT [195802] LOG:  checkpoint complete: fast force wait: wrote 3489 buffers (5.3%), wrote 1 SLRU buffers; 0 WAL file(s) added, 0 removed, 3 recycled; write=0.023 s, sync=0.010 s, total=0.054 s; sync files=10, longest=0.004 s, average=0.001 s; distance=58596 kB, estimate=61802 kB; lsn=0/5ADD5880, redo lsn=0/5ADD5820
2026-09-21 02:52:43.961 PDT [195802] LOG:  checkpoint starting: fast force wait
2026-09-21 02:52:44.017 PDT [195802] LOG:  checkpoint complete: fast force wait: wrote 23 buffers (0.0%), wrote 1 SLRU buffers; 0 WAL file(s) added, 0 removed, 4 recycled; write=0.005 s, sync=0.022 s, total=0.056 s; sync files=23, longest=0.004 s, average=0.001 s; distance=63816 kB, estimate=63816 kB; lsn=0/5EC27BE8, redo lsn=0/5EC27B88
2026-09-21 02:52:47.079 PDT [195802] LOG:  checkpoint starting: fast force wait
2026-09-21 02:52:47.128 PDT [195802] LOG:  checkpoint complete: fast force wait: wrote 23 buffers (0.0%), wrote 1 SLRU buffers; 0 WAL file(s) added, 0 removed, 2 recycled; write=0.005 s, sync=0.022 s, total=0.049 s; sync files=23, longest=0.004 s, average=0.001 s; distance=25490 kB, estimate=59984 kB; lsn=0/6050C7C0, redo lsn=0/6050C760
2026-09-21 02:52:50.241 PDT [195802] LOG:  checkpoint starting: fast force wait
2026-09-21 02:52:50.296 PDT [195802] LOG:  checkpoint complete: fast force wait: wrote 23 buffers (0.0%), wrote 3 SLRU buffers; 0 WAL file(s) added, 0 removed, 3 recycled; write=0.008 s, sync=0.023 s, total=0.056 s; sync files=23, longest=0.004 s, average=0.001 s; distance=60244 kB, estimate=60244 kB; lsn=0/63FE1A28, redo lsn=0/63FE19C8
2026-09-21 02:52:53.501 PDT [195802] LOG:  checkpoint starting: fast force wait
2026-09-21 02:52:53.576 PDT [195802] LOG:  checkpoint complete: fast force wait: wrote 25 buffers (0.0%), wrote 4 SLRU buffers; 0 WAL file(s) added, 0 removed, 8 recycled; write=0.008 s, sync=0.022 s, total=0.076 s; sync files=25, longest=0.004 s, average=0.001 s; distance=118011 kB, estimate=118011 kB; lsn=0/6B320790, redo lsn=0/6B320730
2026-09-21 02:52:55.239 PDT [195802] LOG:  checkpoint starting: fast force wait
2026-09-21 02:52:55.300 PDT [195802] LOG:  checkpoint complete: fast force wait: wrote 42 buffers (0.1%), wrote 2 SLRU buffers; 0 WAL file(s) added, 0 removed, 2 recycled; write=0.009 s, sync=0.031 s, total=0.062 s; sync files=33, longest=0.004 s, average=0.001 s; distance=33912 kB, estimate=109601 kB; lsn=0/6D43E790, redo lsn=0/6D43E730
2026-09-21 02:52:55.845 PDT [195802] LOG:  checkpoint starting: fast force wait
2026-09-21 02:52:55.902 PDT [195802] LOG:  checkpoint complete: fast force wait: wrote 583 buffers (0.9%), wrote 1 SLRU buffers; 0 WAL file(s) added, 0 removed, 1 recycled; write=0.011 s, sync=0.029 s, total=0.058 s; sync files=30, longest=0.005 s, average=0.001 s; distance=21375 kB, estimate=100778 kB; lsn=0/6E91E640, redo lsn=0/6E91E5E0
2026-09-21 02:52:56.227 PDT [195802] LOG:  checkpoint starting: fast force wait
2026-09-21 02:52:56.267 PDT [195802] LOG:  checkpoint complete: fast force wait: wrote 1092 buffers (1.7%), wrote 1 SLRU buffers; 0 WAL file(s) added, 0 removed, 1 recycled; write=0.011 s, sync=0.011 s, total=0.041 s; sync files=8, longest=0.005 s, average=0.002 s; distance=19454 kB, estimate=92646 kB; lsn=0/6FC1E0F0, redo lsn=0/6FC1E090
2026-09-21 02:52:56.736 PDT [195802] LOG:  checkpoint starting: fast force wait
2026-09-21 02:52:56.812 PDT [195802] LOG:  checkpoint complete: fast force wait: wrote 1093 buffers (1.7%), wrote 1 SLRU buffers; 0 WAL file(s) added, 0 removed, 2 recycled; write=0.021 s, sync=0.014 s, total=0.077 s; sync files=9, longest=0.008 s, average=0.002 s; distance=26040 kB, estimate=85985 kB; lsn=0/7158C228, redo lsn=0/7158C1C8
2026-09-21 02:52:57.234 PDT [195802] LOG:  checkpoint starting: fast force wait
2026-09-21 02:52:57.270 PDT [195802] LOG:  checkpoint complete: fast force wait: wrote 1087 buffers (1.7%), wrote 1 SLRU buffers; 0 WAL file(s) added, 0 removed, 1 recycled; write=0.010 s, sync=0.009 s, total=0.037 s; sync files=7, longest=0.004 s, average=0.002 s; distance=25677 kB, estimate=79955 kB; lsn=0/72E9F960, redo lsn=0/72E9F900
2026-09-21 02:52:57.748 PDT [195802] LOG:  checkpoint starting: fast force wait
2026-09-21 02:52:57.792 PDT [195802] LOG:  checkpoint complete: fast force wait: wrote 1087 buffers (1.7%), wrote 1 SLRU buffers; 0 WAL file(s) added, 0 removed, 2 recycled; write=0.011 s, sync=0.008 s, total=0.044 s; sync files=7, longest=0.003 s, average=0.001 s; distance=25992 kB, estimate=74558 kB; lsn=0/74801960, redo lsn=0/74801900
2026-09-21 02:52:58.262 PDT [195802] LOG:  checkpoint starting: fast force wait
2026-09-21 02:52:58.316 PDT [195802] LOG:  checkpoint complete: fast force wait: wrote 28 buffers (0.0%), wrote 1 SLRU buffers; 0 WAL file(s) added, 0 removed, 2 recycled; write=0.005 s, sync=0.026 s, total=0.054 s; sync files=23, longest=0.005 s, average=0.001 s; distance=25883 kB, estimate=69691 kB; lsn=0/76148820, redo lsn=0/761487C0
2026-09-21 02:53:02.240 PDT [195802] LOG:  checkpoint starting: fast force wait
2026-09-21 02:53:02.282 PDT [195802] LOG:  checkpoint complete: fast force wait: wrote 28 buffers (0.0%), wrote 1 SLRU buffers; 0 WAL file(s) added, 0 removed, 0 recycled; write=0.004 s, sync=0.025 s, total=0.042 s; sync files=23, longest=0.006 s, average=0.002 s; distance=10849 kB, estimate=63807 kB; lsn=0/76BE0F08, redo lsn=0/76BE0EA8
2026-09-21 02:53:05.433 PDT [195802] LOG:  checkpoint starting: fast force wait
2026-09-21 02:53:05.481 PDT [195802] LOG:  checkpoint complete: fast force wait: wrote 28 buffers (0.0%), wrote 4 SLRU buffers; 0 WAL file(s) added, 0 removed, 2 recycled; write=0.008 s, sync=0.020 s, total=0.049 s; sync files=23, longest=0.004 s, average=0.001 s; distance=25557 kB, estimate=59982 kB; lsn=0/784D6518, redo lsn=0/784D64B8
2026-09-21 02:53:08.749 PDT [195802] LOG:  checkpoint starting: fast force wait
2026-09-21 02:53:08.799 PDT [195802] LOG:  checkpoint complete: fast force wait: wrote 23 buffers (0.0%), wrote 4 SLRU buffers; 0 WAL file(s) added, 0 removed, 3 recycled; write=0.008 s, sync=0.020 s, total=0.050 s; sync files=23, longest=0.004 s, average=0.001 s; distance=51270 kB, estimate=59110 kB; lsn=0/7B6E8078, redo lsn=0/7B6E8018
2026-09-21 02:53:10.317 PDT [195802] LOG:  checkpoint starting: fast force wait
2026-09-21 02:53:10.362 PDT [195802] LOG:  checkpoint complete: fast force wait: wrote 27 buffers (0.0%), wrote 1 SLRU buffers; 0 WAL file(s) added, 0 removed, 2 recycled; write=0.005 s, sync=0.021 s, total=0.046 s; sync files=26, longest=0.004 s, average=0.001 s; distance=33794 kB, estimate=56579 kB; lsn=0/7D7E8890, redo lsn=0/7D7E8830
2026-09-21 02:53:10.776 PDT [195802] LOG:  checkpoint starting: fast force wait
2026-09-21 02:53:10.822 PDT [195802] LOG:  checkpoint complete: fast force wait: wrote 567 buffers (0.9%), wrote 1 SLRU buffers; 0 WAL file(s) added, 0 removed, 1 recycled; write=0.010 s, sync=0.022 s, total=0.047 s; sync files=23, longest=0.005 s, average=0.001 s; distance=21129 kB, estimate=53034 kB; lsn=0/7EC8AFD8, redo lsn=0/7EC8AF78
2026-09-21 02:53:11.129 PDT [195802] LOG:  checkpoint starting: fast force wait
2026-09-21 02:53:11.166 PDT [195802] LOG:  checkpoint complete: fast force wait: wrote 1088 buffers (1.7%), wrote 1 SLRU buffers; 0 WAL file(s) added, 0 removed, 1 recycled; write=0.010 s, sync=0.012 s, total=0.038 s; sync files=6, longest=0.005 s, average=0.002 s; distance=18742 kB, estimate=49605 kB; lsn=0/7FED8908, redo lsn=0/7FED88A8
2026-09-21 02:53:11.484 PDT [195802] LOG:  checkpoint starting: fast force wait
2026-09-21 02:53:11.525 PDT [195802] LOG:  checkpoint complete: fast force wait: wrote 1086 buffers (1.7%), wrote 1 SLRU buffers; 0 WAL file(s) added, 1 removed, 1 recycled; write=0.010 s, sync=0.008 s, total=0.041 s; sync files=6, longest=0.004 s, average=0.002 s; distance=18711 kB, estimate=46515 kB; lsn=0/8111E800, redo lsn=0/8111E7A0
2026-09-21 02:53:11.838 PDT [195802] LOG:  checkpoint starting: fast force wait
2026-09-21 02:53:11.872 PDT [195802] LOG:  checkpoint complete: fast force wait: wrote 1086 buffers (1.7%), wrote 1 SLRU buffers; 0 WAL file(s) added, 1 removed, 0 recycled; write=0.009 s, sync=0.008 s, total=0.035 s; sync files=6, longest=0.004 s, average=0.002 s; distance=18723 kB, estimate=43736 kB; lsn=0/82367480, redo lsn=0/82367420
2026-09-21 02:53:12.174 PDT [195802] LOG:  checkpoint starting: fast force wait
2026-09-21 02:53:12.205 PDT [195802] LOG:  checkpoint complete: fast force wait: wrote 1086 buffers (1.7%), wrote 1 SLRU buffers; 0 WAL file(s) added, 0 removed, 1 recycled; write=0.009 s, sync=0.007 s, total=0.031 s; sync files=6, longest=0.004 s, average=0.002 s; distance=18718 kB, estimate=41234 kB; lsn=0/835AED98, redo lsn=0/835AED38
2026-09-21 02:53:12.500 PDT [195802] LOG:  checkpoint starting: fast force wait
2026-09-21 02:53:12.535 PDT [195802] LOG:  checkpoint complete: fast force wait: wrote 20 buffers (0.0%), wrote 1 SLRU buffers; 0 WAL file(s) added, 0 removed, 1 recycled; write=0.005 s, sync=0.015 s, total=0.036 s; sync files=16, longest=0.004 s, average=0.001 s; distance=18827 kB, estimate=38993 kB; lsn=0/84811AD0, redo lsn=0/84811A70
2026-09-21 02:53:15.592 PDT [195802] LOG:  checkpoint starting: fast force wait
2026-09-21 02:53:15.630 PDT [195802] LOG:  checkpoint complete: fast force wait: wrote 19 buffers (0.0%), wrote 2 SLRU buffers; 0 WAL file(s) added, 1 removed, 0 recycled; write=0.007 s, sync=0.014 s, total=0.038 s; sync files=18, longest=0.003 s, average=0.001 s; distance=12382 kB, estimate=36332 kB; lsn=0/854295E0, redo lsn=0/85429580
2026-09-21 02:53:18.733 PDT [195802] LOG:  checkpoint starting: fast force wait
2026-09-21 02:53:18.772 PDT [195802] LOG:  checkpoint complete: fast force wait: wrote 19 buffers (0.0%), wrote 3 SLRU buffers; 0 WAL file(s) added, 0 removed, 1 recycled; write=0.008 s, sync=0.015 s, total=0.040 s; sync files=18, longest=0.004 s, average=0.001 s; distance=26031 kB, estimate=35302 kB; lsn=0/86D95210, redo lsn=0/86D951B0
2026-09-21 02:53:21.942 PDT [195802] LOG:  checkpoint starting: fast force wait
2026-09-21 02:53:21.995 PDT [195802] LOG:  checkpoint complete: fast force wait: wrote 23 buffers (0.0%), wrote 5 SLRU buffers; 0 WAL file(s) added, 0 removed, 3 recycled; write=0.008 s, sync=0.022 s, total=0.054 s; sync files=23, longest=0.004 s, average=0.001 s; distance=50067 kB, estimate=50067 kB; lsn=0/89E7A0A8, redo lsn=0/89E7A048
2026-09-21 02:53:23.828 PDT [195802] LOG:  checkpoint starting: fast force wait
2026-09-21 02:53:23.887 PDT [195802] LOG:  checkpoint complete: fast force wait: wrote 27 buffers (0.0%), wrote 1 SLRU buffers; 0 WAL file(s) added, 0 removed, 3 recycled; write=0.004 s, sync=0.031 s, total=0.060 s; sync files=29, longest=0.004 s, average=0.002 s; distance=48775 kB, estimate=49938 kB; lsn=0/8CE1BED0, redo lsn=0/8CE1BE70
2026-09-21 02:53:24.443 PDT [195802] LOG:  checkpoint starting: fast force wait
2026-09-21 02:53:24.508 PDT [195802] LOG:  checkpoint complete: fast force wait: wrote 573 buffers (0.9%), wrote 1 SLRU buffers; 0 WAL file(s) added, 0 removed, 3 recycled; write=0.010 s, sync=0.031 s, total=0.065 s; sync files=30, longest=0.005 s, average=0.001 s; distance=36565 kB, estimate=48601 kB; lsn=0/8F1D1548, redo lsn=0/8F1D14E8
2026-09-21 02:53:24.960 PDT [195802] LOG:  checkpoint starting: fast force wait
2026-09-21 02:53:25.007 PDT [195802] LOG:  checkpoint complete: fast force wait: wrote 1792 buffers (2.7%), wrote 1 SLRU buffers; 0 WAL file(s) added, 0 removed, 2 recycled; write=0.014 s, sync=0.014 s, total=0.047 s; sync files=8, longest=0.005 s, average=0.002 s; distance=34726 kB, estimate=47213 kB; lsn=0/913BAE08, redo lsn=0/913BADA8
2026-09-21 02:53:25.509 PDT [195802] LOG:  checkpoint starting: fast force wait
2026-09-21 02:53:25.557 PDT [195802] LOG:  checkpoint complete: fast force wait: wrote 1880 buffers (2.9%), wrote 1 SLRU buffers; 0 WAL file(s) added, 0 removed, 2 recycled; write=0.015 s, sync=0.014 s, total=0.049 s; sync files=10, longest=0.004 s, average=0.002 s; distance=36003 kB, estimate=46092 kB; lsn=0/936E3B70, redo lsn=0/936E3B10
2026-09-21 02:53:26.021 PDT [195802] LOG:  checkpoint starting: fast force wait
2026-09-21 02:53:26.071 PDT [195802] LOG:  checkpoint complete: fast force wait: wrote 1918 buffers (2.9%), wrote 1 SLRU buffers; 0 WAL file(s) added, 0 removed, 2 recycled; write=0.015 s, sync=0.013 s, total=0.051 s; sync files=10, longest=0.004 s, average=0.002 s; distance=35201 kB, estimate=45003 kB; lsn=0/95944080, redo lsn=0/95944020
2026-09-21 02:53:26.548 PDT [195802] LOG:  checkpoint starting: fast force wait
2026-09-21 02:53:26.597 PDT [195802] LOG:  checkpoint complete: fast force wait: wrote 1916 buffers (2.9%), wrote 1 SLRU buffers; 0 WAL file(s) added, 0 removed, 2 recycled; write=0.015 s, sync=0.014 s, total=0.050 s; sync files=10, longest=0.005 s, average=0.002 s; distance=35417 kB, estimate=44044 kB; lsn=0/97BDA580, redo lsn=0/97BDA520
2026-09-21 02:53:27.113 PDT [195802] LOG:  checkpoint starting: fast force wait
2026-09-21 02:53:27.161 PDT [195802] LOG:  checkpoint complete: fast force wait: wrote 24 buffers (0.0%), wrote 1 SLRU buffers; 0 WAL file(s) added, 0 removed, 3 recycled; write=0.005 s, sync=0.020 s, total=0.049 s; sync files=22, longest=0.004 s, average=0.001 s; distance=37944 kB, estimate=43434 kB; lsn=0/9A0E88F0, redo lsn=0/9A0E8890
2026-09-21 02:53:30.220 PDT [195802] LOG:  checkpoint starting: fast force wait
2026-09-21 02:53:30.261 PDT [195802] LOG:  checkpoint complete: fast force wait: wrote 23 buffers (0.0%), wrote 1 SLRU buffers; 0 WAL file(s) added, 0 removed, 1 recycled; write=0.004 s, sync=0.022 s, total=0.042 s; sync files=23, longest=0.004 s, average=0.001 s; distance=20724 kB, estimate=41163 kB; lsn=0/9B525C08, redo lsn=0/9B525BA8
2026-09-21 02:53:34.181 PDT [195802] LOG:  checkpoint starting: fast force wait
2026-09-21 02:53:34.233 PDT [195802] LOG:  checkpoint complete: fast force wait: wrote 22 buffers (0.0%), wrote 3 SLRU buffers; 0 WAL file(s) added, 0 removed, 3 recycled; write=0.008 s, sync=0.020 s, total=0.053 s; sync files=23, longest=0.004 s, average=0.001 s; distance=49900 kB, estimate=49900 kB; lsn=0/9E5E0DC0, redo lsn=0/9E5E0D60
2026-09-21 02:53:37.364 PDT [195802] LOG:  checkpoint starting: fast force wait
2026-09-21 02:53:37.421 PDT [195802] LOG:  checkpoint complete: fast force wait: wrote 23 buffers (0.0%), wrote 3 SLRU buffers; 0 WAL file(s) added, 0 removed, 4 recycled; write=0.008 s, sync=0.022 s, total=0.058 s; sync files=24, longest=0.004 s, average=0.001 s; distance=68707 kB, estimate=68707 kB; lsn=0/A28F9CE0, redo lsn=0/A28F9C80
2026-09-21 02:53:42.150 PDT [195802] LOG:  checkpoint starting: fast force wait
2026-09-21 02:53:42.294 PDT [195802] LOG:  checkpoint complete: fast force wait: wrote 157 buffers (0.2%), wrote 1 SLRU buffers; 0 WAL file(s) added, 0 removed, 25 recycled; write=0.005 s, sync=0.029 s, total=0.144 s; sync files=30, longest=0.005 s, average=0.001 s; distance=400668 kB, estimate=400668 kB; lsn=0/BB040E40, redo lsn=0/BB040DE0
2026-09-21 02:53:44.075 PDT [195802] LOG:  checkpoint starting: fast force wait
2026-09-21 02:53:44.153 PDT [195802] LOG:  checkpoint complete: fast force wait: wrote 1543 buffers (2.4%), wrote 1 SLRU buffers; 0 WAL file(s) added, 0 removed, 6 recycled; write=0.015 s, sync=0.026 s, total=0.078 s; sync files=30, longest=0.005 s, average=0.001 s; distance=99690 kB, estimate=370570 kB; lsn=0/C119B8C0, redo lsn=0/C119B860
2026-09-21 02:53:46.373 PDT [195802] LOG:  checkpoint starting: fast force wait
2026-09-21 02:53:46.543 PDT [195802] LOG:  checkpoint complete: fast force wait: wrote 2831 buffers (4.3%), wrote 1 SLRU buffers; 0 WAL file(s) added, 0 removed, 30 recycled; write=0.022 s, sync=0.013 s, total=0.170 s; sync files=8, longest=0.005 s, average=0.002 s; distance=497947 kB, estimate=497947 kB; lsn=0/DF7E2530, redo lsn=0/DF7E24D0
2026-09-21 02:53:48.840 PDT [195802] LOG:  checkpoint starting: fast force wait
2026-09-21 02:53:49.018 PDT [195802] LOG:  checkpoint complete: fast force wait: wrote 3662 buffers (5.6%), wrote 1 SLRU buffers; 0 WAL file(s) added, 0 removed, 32 recycled; write=0.027 s, sync=0.013 s, total=0.178 s; sync files=8, longest=0.005 s, average=0.002 s; distance=517102 kB, estimate=517102 kB; lsn=0/FF0DDDC0, redo lsn=0/FF0DDD60
2026-09-21 02:53:51.126 PDT [195802] LOG:  checkpoint starting: fast force wait
2026-09-21 02:53:51.284 PDT [195802] LOG:  checkpoint complete: fast force wait: wrote 4143 buffers (6.3%), wrote 1 SLRU buffers; 0 WAL file(s) added, 0 removed, 27 recycled; write=0.025 s, sync=0.013 s, total=0.158 s; sync files=8, longest=0.005 s, average=0.002 s; distance=445590 kB, estimate=509950 kB; lsn=1/1A403718, redo lsn=1/1A4036B8
2026-09-21 02:53:53.512 PDT [195802] LOG:  checkpoint starting: fast force wait
2026-09-21 02:53:53.657 PDT [195802] LOG:  checkpoint complete: fast force wait: wrote 4522 buffers (6.9%), wrote 1 SLRU buffers; 0 WAL file(s) added, 0 removed, 23 recycled; write=0.029 s, sync=0.012 s, total=0.145 s; sync files=8, longest=0.005 s, average=0.002 s; distance=377384 kB, estimate=496694 kB; lsn=1/3148D8D8, redo lsn=1/3148D878
2026-09-21 02:53:56.405 PDT [195802] LOG:  checkpoint starting: fast force wait
2026-09-21 02:53:56.559 PDT [195802] LOG:  checkpoint complete: fast force wait: wrote 90 buffers (0.1%), wrote 1 SLRU buffers; 0 WAL file(s) added, 0 removed, 29 recycled; write=0.005 s, sync=0.022 s, total=0.154 s; sync files=25, longest=0.004 s, average=0.001 s; distance=477574 kB, estimate=494782 kB; lsn=1/4E6EF280, redo lsn=1/4E6EF220
2026-09-21 02:53:59.613 PDT [195802] LOG:  checkpoint starting: fast force wait
2026-09-21 02:53:59.667 PDT [195802] LOG:  checkpoint complete: fast force wait: wrote 91 buffers (0.1%), wrote 2 SLRU buffers; 0 WAL file(s) added, 0 removed, 3 recycled; write=0.008 s, sync=0.020 s, total=0.054 s; sync files=23, longest=0.004 s, average=0.001 s; distance=44443 kB, estimate=449748 kB; lsn=1/51255FB0, redo lsn=1/51255F50
2026-09-21 02:54:02.739 PDT [195802] LOG:  checkpoint starting: fast force wait
2026-09-21 02:54:02.796 PDT [195802] LOG:  checkpoint complete: fast force wait: wrote 94 buffers (0.1%), wrote 3 SLRU buffers; 0 WAL file(s) added, 0 removed, 4 recycled; write=0.008 s, sync=0.021 s, total=0.058 s; sync files=23, longest=0.004 s, average=0.001 s; distance=76724 kB, estimate=412446 kB; lsn=1/55D43320, redo lsn=1/55D432C0
2026-09-21 02:54:06.812 PDT [195799] LOG:  received fast shutdown request
2026-09-21 02:54:06.816 PDT [195799] LOG:  aborting any active transactions
2026-09-21 02:54:06.816 PDT [195799] LOG:  background worker "logical replication launcher" (PID 195806) exited with exit code 1
2026-09-21 02:54:06.838 PDT [195802] LOG:  shutting down
2026-09-21 02:54:06.843 PDT [195802] LOG:  checkpoint starting: shutdown fast
2026-09-21 02:54:06.901 PDT [195802] LOG:  checkpoint complete: shutdown fast: wrote 8 buffers (0.0%), wrote 2 SLRU buffers; 0 WAL file(s) added, 0 removed, 6 recycled; write=0.008 s, sync=0.010 s, total=0.063 s; sync files=10, longest=0.003 s, average=0.001 s; distance=96491 kB, estimate=380850 kB; lsn=1/5BB7DF40, redo lsn=1/5BB7DF40
2026-09-21 02:54:07.005 PDT [195799] LOG:  database system is shut down
