2026-09-21 09:09:21.884 PDT [221823] LOG:  starting PostgreSQL 20devel on x86_64-pc-linux-gnu, compiled by gcc (Ubuntu 13.3.0-6ubuntu2~24.04.1) 13.3.0, 64-bit
2026-09-21 09:09:21.888 PDT [221823] LOG:  listening on Unix socket "/tmp/rbi-comparison-egycozo9/socket/.s.PGSQL.55449"
2026-09-21 09:09:21.899 PDT [221828] LOG:  database system was shut down at 2026-09-21 09:09:21 PDT
2026-09-21 09:09:21.904 PDT [221823] LOG:  database system is ready to accept connections
2026-09-21 09:09:24.357 PDT [221826] LOG:  checkpoint starting: fast force wait
2026-09-21 09:09:24.572 PDT [221826] LOG:  checkpoint complete: fast force wait: wrote 2194 buffers (3.3%), wrote 3 SLRU buffers; 0 WAL file(s) added, 0 removed, 10 recycled; write=0.039 s, sync=0.119 s, total=0.215 s; sync files=76, longest=0.065 s, average=0.002 s; distance=162525 kB, estimate=162525 kB; lsn=0/0B5AA4B8, redo lsn=0/0B5AA458
2026-09-21 09:09:24.674 PDT [221826] LOG:  checkpoint starting: fast force wait
2026-09-21 09:09:24.717 PDT [221826] LOG:  checkpoint complete: fast force wait: wrote 160 buffers (0.2%), wrote 1 SLRU buffers; 0 WAL file(s) added, 0 removed, 0 recycled; write=0.007 s, sync=0.020 s, total=0.043 s; sync files=18, longest=0.006 s, average=0.002 s; distance=1164 kB, estimate=146389 kB; lsn=0/0B6CD588, redo lsn=0/0B6CD528
2026-09-21 09:09:24.833 PDT [221826] LOG:  checkpoint starting: fast force wait
2026-09-21 09:09:24.869 PDT [221826] LOG:  checkpoint complete: fast force wait: wrote 218 buffers (0.3%), wrote 1 SLRU buffers; 0 WAL file(s) added, 0 removed, 0 recycled; write=0.005 s, sync=0.019 s, total=0.037 s; sync files=17, longest=0.006 s, average=0.002 s; distance=1458 kB, estimate=131895 kB; lsn=0/0B839E30, redo lsn=0/0B839DD0
2026-09-21 09:09:25.028 PDT [221826] LOG:  checkpoint starting: fast force wait
2026-09-21 09:09:25.068 PDT [221826] LOG:  checkpoint complete: fast force wait: wrote 618 buffers (0.9%), wrote 1 SLRU buffers; 0 WAL file(s) added, 0 removed, 0 recycled; write=0.009 s, sync=0.019 s, total=0.040 s; sync files=17, longest=0.005 s, average=0.002 s; distance=2123 kB, estimate=118918 kB; lsn=0/0BA4CCF8, redo lsn=0/0BA4CC98
2026-09-21 09:09:25.349 PDT [221826] LOG:  checkpoint starting: fast force wait
2026-09-21 09:09:25.390 PDT [221826] LOG:  checkpoint complete: fast force wait: wrote 878 buffers (1.3%), wrote 1 SLRU buffers; 0 WAL file(s) added, 0 removed, 0 recycled; write=0.011 s, sync=0.018 s, total=0.042 s; sync files=17, longest=0.005 s, average=0.002 s; distance=3674 kB, estimate=107394 kB; lsn=0/0BDE38F0, redo lsn=0/0BDE3890
2026-09-21 09:09:30.629 PDT [221826] LOG:  checkpoint starting: fast force wait
2026-09-21 09:09:30.835 PDT [221826] LOG:  checkpoint complete: fast force wait: wrote 10650 buffers (16.3%), wrote 1 SLRU buffers; 0 WAL file(s) added, 0 removed, 5 recycled; write=0.134 s, sync=0.034 s, total=0.206 s; sync files=25, longest=0.005 s, average=0.002 s; distance=76535 kB, estimate=104308 kB; lsn=0/108A1860, redo lsn=0/108A1800
2026-09-21 09:09:30.895 PDT [221826] LOG:  checkpoint starting: fast force wait
2026-09-21 09:09:30.936 PDT [221826] LOG:  checkpoint complete: fast force wait: wrote 328 buffers (0.5%), wrote 1 SLRU buffers; 0 WAL file(s) added, 0 removed, 1 recycled; write=0.007 s, sync=0.013 s, total=0.041 s; sync files=8, longest=0.006 s, average=0.002 s; distance=9455 kB, estimate=94823 kB; lsn=0/111DD678, redo lsn=0/111DD618
2026-09-21 09:09:31.043 PDT [221826] LOG:  checkpoint starting: fast force wait
2026-09-21 09:09:31.075 PDT [221826] LOG:  checkpoint complete: fast force wait: wrote 695 buffers (1.1%), wrote 1 SLRU buffers; 0 WAL file(s) added, 0 removed, 0 recycled; write=0.008 s, sync=0.011 s, total=0.033 s; sync files=9, longest=0.006 s, average=0.002 s; distance=12848 kB, estimate=86625 kB; lsn=0/11E699A0, redo lsn=0/11E69940
2026-09-21 09:09:33.996 PDT [221826] LOG:  checkpoint starting: fast force wait
2026-09-21 09:09:34.160 PDT [221826] LOG:  checkpoint complete: fast force wait: wrote 2055 buffers (3.1%), wrote 1 SLRU buffers; 0 WAL file(s) added, 0 removed, 11 recycled; write=0.028 s, sync=0.074 s, total=0.164 s; sync files=30, longest=0.048 s, average=0.003 s; distance=176529 kB, estimate=176529 kB; lsn=0/1CACDEC8, redo lsn=0/1CACDE68
2026-09-21 09:09:34.683 PDT [221826] LOG:  checkpoint starting: fast force wait
2026-09-21 09:09:34.719 PDT [221826] LOG:  checkpoint complete: fast force wait: wrote 383 buffers (0.6%), wrote 1 SLRU buffers; 0 WAL file(s) added, 0 removed, 0 recycled; write=0.007 s, sync=0.016 s, total=0.037 s; sync files=16, longest=0.004 s, average=0.001 s; distance=2084 kB, estimate=159084 kB; lsn=0/1CCD7020, redo lsn=0/1CCD6FC0
2026-09-21 09:09:35.430 PDT [221826] LOG:  checkpoint starting: fast force wait
2026-09-21 09:09:35.468 PDT [221826] LOG:  checkpoint complete: fast force wait: wrote 355 buffers (0.5%), wrote 1 SLRU buffers; 0 WAL file(s) added, 0 removed, 0 recycled; write=0.007 s, sync=0.019 s, total=0.038 s; sync files=15, longest=0.004 s, average=0.002 s; distance=2153 kB, estimate=143391 kB; lsn=0/1CEF1758, redo lsn=0/1CEF16F8
2026-09-21 09:09:36.163 PDT [221826] LOG:  checkpoint starting: fast force wait
2026-09-21 09:09:36.205 PDT [221826] LOG:  checkpoint complete: fast force wait: wrote 552 buffers (0.8%), wrote 1 SLRU buffers; 0 WAL file(s) added, 0 removed, 1 recycled; write=0.008 s, sync=0.017 s, total=0.042 s; sync files=15, longest=0.005 s, average=0.002 s; distance=2987 kB, estimate=129351 kB; lsn=0/1D1DC5C8, redo lsn=0/1D1DC568
2026-09-21 09:09:36.891 PDT [221826] LOG:  checkpoint starting: fast force wait
2026-09-21 09:09:36.930 PDT [221826] LOG:  checkpoint complete: fast force wait: wrote 1101 buffers (1.7%), wrote 1 SLRU buffers; 0 WAL file(s) added, 0 removed, 0 recycled; write=0.011 s, sync=0.016 s, total=0.040 s; sync files=15, longest=0.004 s, average=0.002 s; distance=8271 kB, estimate=117243 kB; lsn=0/1D9F0518, redo lsn=0/1D9F0480
2026-09-21 09:09:43.600 PDT [221826] LOG:  checkpoint starting: fast force wait
2026-09-21 09:09:43.802 PDT [221826] LOG:  checkpoint complete: fast force wait: wrote 10585 buffers (16.2%), wrote 1 SLRU buffers; 0 WAL file(s) added, 0 removed, 5 recycled; write=0.122 s, sync=0.033 s, total=0.202 s; sync files=22, longest=0.012 s, average=0.002 s; distance=77389 kB, estimate=113257 kB; lsn=0/22583B50, redo lsn=0/22583AF0
2026-09-21 09:09:44.110 PDT [221826] LOG:  checkpoint starting: fast force wait
2026-09-21 09:09:44.175 PDT [221826] LOG:  checkpoint complete: fast force wait: wrote 2146 buffers (3.3%), wrote 1 SLRU buffers; 0 WAL file(s) added, 0 removed, 3 recycled; write=0.020 s, sync=0.011 s, total=0.066 s; sync files=8, longest=0.005 s, average=0.002 s; distance=44243 kB, estimate=106356 kB; lsn=0/250B8758, redo lsn=0/250B86F8
2026-09-21 09:09:44.577 PDT [221826] LOG:  checkpoint starting: fast force wait
2026-09-21 09:09:44.668 PDT [221826] LOG:  checkpoint complete: fast force wait: wrote 3009 buffers (4.6%), wrote 1 SLRU buffers; 0 WAL file(s) added, 0 removed, 3 recycled; write=0.033 s, sync=0.014 s, total=0.091 s; sync files=9, longest=0.006 s, average=0.002 s; distance=59442 kB, estimate=101665 kB; lsn=0/28AC4FA8, redo lsn=0/28AC4F48
2026-09-21 09:09:48.885 PDT [221826] LOG:  checkpoint starting: fast force wait
2026-09-21 09:09:49.069 PDT [221826] LOG:  checkpoint complete: fast force wait: wrote 2057 buffers (3.1%), wrote 1 SLRU buffers; 0 WAL file(s) added, 0 removed, 10 recycled; write=0.033 s, sync=0.095 s, total=0.184 s; sync files=28, longest=0.053 s, average=0.004 s; distance=165651 kB, estimate=165651 kB; lsn=0/32C89F90, redo lsn=0/32C89F30
2026-09-21 09:09:49.305 PDT [221826] LOG:  checkpoint starting: fast force wait
2026-09-21 09:09:49.387 PDT [221826] LOG:  checkpoint complete: fast force wait: wrote 14 buffers (0.0%), wrote 1 SLRU buffers; 0 WAL file(s) added, 0 removed, 1 recycled; write=0.008 s, sync=0.038 s, total=0.082 s; sync files=15, longest=0.013 s, average=0.003 s; distance=6179 kB, estimate=149704 kB; lsn=0/33292DB8, redo lsn=0/33292D58
2026-09-21 09:09:49.641 PDT [221826] LOG:  checkpoint starting: fast force wait
2026-09-21 09:09:49.678 PDT [221826] LOG:  checkpoint complete: fast force wait: wrote 13 buffers (0.0%), wrote 1 SLRU buffers; 0 WAL file(s) added, 0 removed, 0 recycled; write=0.004 s, sync=0.022 s, total=0.038 s; sync files=15, longest=0.009 s, average=0.002 s; distance=6170 kB, estimate=135351 kB; lsn=0/33899868, redo lsn=0/33899808
2026-09-21 09:09:49.915 PDT [221826] LOG:  checkpoint starting: fast force wait
2026-09-21 09:09:49.963 PDT [221826] LOG:  checkpoint complete: fast force wait: wrote 13 buffers (0.0%), wrote 1 SLRU buffers; 0 WAL file(s) added, 0 removed, 0 recycled; write=0.006 s, sync=0.029 s, total=0.049 s; sync files=15, longest=0.014 s, average=0.002 s; distance=6174 kB, estimate=122433 kB; lsn=0/33EA1288, redo lsn=0/33EA1228
2026-09-21 09:09:50.175 PDT [221826] LOG:  checkpoint starting: fast force wait
2026-09-21 09:09:50.218 PDT [221826] LOG:  checkpoint complete: fast force wait: wrote 13 buffers (0.0%), wrote 1 SLRU buffers; 0 WAL file(s) added, 0 removed, 1 recycled; write=0.005 s, sync=0.021 s, total=0.044 s; sync files=15, longest=0.009 s, average=0.002 s; distance=6462 kB, estimate=110836 kB; lsn=0/344F0CF8, redo lsn=0/344F0C98
2026-09-21 09:09:54.815 PDT [221826] LOG:  checkpoint starting: fast force wait
2026-09-21 09:09:55.006 PDT [221826] LOG:  checkpoint complete: fast force wait: wrote 10018 buffers (15.3%), wrote 1 SLRU buffers; 0 WAL file(s) added, 0 removed, 5 recycled; write=0.120 s, sync=0.038 s, total=0.192 s; sync files=20, longest=0.014 s, average=0.002 s; distance=80570 kB, estimate=107809 kB; lsn=0/3939F6D8, redo lsn=0/3939F678
2026-09-21 09:09:55.114 PDT [221826] LOG:  checkpoint starting: fast force wait
2026-09-21 09:09:55.161 PDT [221826] LOG:  checkpoint complete: fast force wait: wrote 1569 buffers (2.4%), wrote 1 SLRU buffers; 0 WAL file(s) added, 0 removed, 1 recycled; write=0.016 s, sync=0.014 s, total=0.048 s; sync files=8, longest=0.005 s, average=0.002 s; distance=14377 kB, estimate=98466 kB; lsn=0/3A1A9EA0, redo lsn=0/3A1A9E40
2026-09-21 09:09:55.387 PDT [221826] LOG:  checkpoint starting: fast force wait
2026-09-21 09:09:55.473 PDT [221826] LOG:  checkpoint complete: fast force wait: wrote 1973 buffers (3.0%), wrote 1 SLRU buffers; 0 WAL file(s) added, 0 removed, 1 recycled; write=0.032 s, sync=0.021 s, total=0.086 s; sync files=10, longest=0.005 s, average=0.003 s; distance=18540 kB, estimate=90474 kB; lsn=0/3B3C5018, redo lsn=0/3B3C4FB8
2026-09-21 09:10:09.322 PDT [221826] LOG:  checkpoint starting: fast force wait
2026-09-21 09:10:09.904 PDT [221826] LOG:  checkpoint complete: fast force wait: wrote 2071 buffers (3.2%), wrote 1 SLRU buffers; 0 WAL file(s) added, 0 removed, 49 recycled; write=0.029 s, sync=0.318 s, total=0.583 s; sync files=28, longest=0.287 s, average=0.012 s; distance=810240 kB, estimate=810240 kB; lsn=0/6CB052B8, redo lsn=0/6CB05258
2026-09-21 09:10:12.905 PDT [221826] LOG:  checkpoint starting: fast force wait
2026-09-21 09:10:12.976 PDT [221826] LOG:  checkpoint complete: fast force wait: wrote 1581 buffers (2.4%), wrote 1 SLRU buffers; 0 WAL file(s) added, 0 removed, 1 recycled; write=0.013 s, sync=0.026 s, total=0.072 s; sync files=15, longest=0.007 s, average=0.002 s; distance=10035 kB, estimate=730220 kB; lsn=0/6D4D1F48, redo lsn=0/6D4D1EE8
2026-09-21 09:10:17.847 PDT [221826] LOG:  checkpoint starting: fast force wait
2026-09-21 09:10:17.906 PDT [221826] LOG:  checkpoint complete: fast force wait: wrote 1399 buffers (2.1%), wrote 1 SLRU buffers; 0 WAL file(s) added, 0 removed, 0 recycled; write=0.013 s, sync=0.027 s, total=0.060 s; sync files=15, longest=0.009 s, average=0.002 s; distance=10435 kB, estimate=658241 kB; lsn=0/6DF02C20, redo lsn=0/6DF02BC0
2026-09-21 09:10:23.327 PDT [221826] LOG:  checkpoint starting: fast force wait
2026-09-21 09:10:23.395 PDT [221826] LOG:  checkpoint complete: fast force wait: wrote 1955 buffers (3.0%), wrote 1 SLRU buffers; 0 WAL file(s) added, 0 removed, 1 recycled; write=0.016 s, sync=0.027 s, total=0.068 s; sync files=15, longest=0.012 s, average=0.002 s; distance=14482 kB, estimate=593865 kB; lsn=0/6ED274A8, redo lsn=0/6ED27448
2026-09-21 09:10:27.628 PDT [221826] LOG:  checkpoint starting: fast force wait
2026-09-21 09:10:27.707 PDT [221826] LOG:  checkpoint complete: fast force wait: wrote 4753 buffers (7.3%), wrote 1 SLRU buffers; 0 WAL file(s) added, 0 removed, 2 recycled; write=0.030 s, sync=0.017 s, total=0.079 s; sync files=15, longest=0.005 s, average=0.002 s; distance=32015 kB, estimate=537680 kB; lsn=0/70C6B160, redo lsn=0/70C6B100
2026-09-21 09:11:22.460 PDT [221826] LOG:  checkpoint starting: fast force wait
2026-09-21 09:11:23.031 PDT [221826] LOG:  checkpoint complete: fast force wait: wrote 0 buffers (0.0%), wrote 1 SLRU buffers; 0 WAL file(s) added, 0 removed, 24 recycled; write=0.011 s, sync=0.360 s, total=0.572 s; sync files=21, longest=0.341 s, average=0.017 s; distance=386367 kB, estimate=522549 kB; lsn=0/885BADC0, redo lsn=0/885BAD60
2026-09-21 09:11:24.959 PDT [221826] LOG:  checkpoint starting: fast force wait
2026-09-21 09:11:25.087 PDT [221826] LOG:  checkpoint complete: fast force wait: wrote 6634 buffers (10.1%), wrote 1 SLRU buffers; 0 WAL file(s) added, 0 removed, 14 recycled; write=0.042 s, sync=0.016 s, total=0.128 s; sync files=8, longest=0.008 s, average=0.002 s; distance=235221 kB, estimate=493816 kB; lsn=0/96B702E0, redo lsn=0/96B70280
2026-09-21 09:11:28.212 PDT [221826] LOG:  checkpoint starting: fast force wait
2026-09-21 09:11:28.414 PDT [221826] LOG:  checkpoint complete: fast force wait: wrote 8812 buffers (13.4%), wrote 1 SLRU buffers; 0 WAL file(s) added, 0 removed, 18 recycled; write=0.065 s, sync=0.019 s, total=0.203 s; sync files=10, longest=0.005 s, average=0.002 s; distance=294918 kB, estimate=473926 kB; lsn=0/A8B71D40, redo lsn=0/A8B71CE0
2026-09-21 09:11:51.025 PDT [221826] LOG:  checkpoint starting: fast force wait
2026-09-21 09:11:51.945 PDT [221826] LOG:  checkpoint complete: fast force wait: wrote 2071 buffers (3.2%), wrote 1 SLRU buffers; 0 WAL file(s) added, 0 removed, 51 recycled; write=0.035 s, sync=0.376 s, total=0.921 s; sync files=30, longest=0.319 s, average=0.013 s; distance=827170 kB, estimate=827170 kB; lsn=0/DB33A648, redo lsn=0/DB33A5E8
2026-09-21 09:11:53.220 PDT [221826] LOG:  checkpoint starting: fast force wait
2026-09-21 09:11:53.330 PDT [221826] LOG:  checkpoint complete: fast force wait: wrote 13 buffers (0.0%), wrote 1 SLRU buffers; 0 WAL file(s) added, 0 removed, 2 recycled; write=0.005 s, sync=0.052 s, total=0.111 s; sync files=15, longest=0.032 s, average=0.004 s; distance=30641 kB, estimate=747517 kB; lsn=0/DD126DF0, redo lsn=0/DD126D90
2026-09-21 09:11:54.664 PDT [221826] LOG:  checkpoint starting: fast force wait
2026-09-21 09:11:54.750 PDT [221826] LOG:  checkpoint complete: fast force wait: wrote 13 buffers (0.0%), wrote 1 SLRU buffers; 0 WAL file(s) added, 0 removed, 1 recycled; write=0.004 s, sync=0.066 s, total=0.086 s; sync files=15, longest=0.053 s, average=0.005 s; distance=30642 kB, estimate=675829 kB; lsn=0/DEF13858, redo lsn=0/DEF137F8
2026-09-21 09:11:56.160 PDT [221826] LOG:  checkpoint starting: fast force wait
2026-09-21 09:11:56.270 PDT [221826] LOG:  checkpoint complete: fast force wait: wrote 13 buffers (0.0%), wrote 1 SLRU buffers; 0 WAL file(s) added, 0 removed, 2 recycled; write=0.018 s, sync=0.043 s, total=0.110 s; sync files=15, longest=0.018 s, average=0.003 s; distance=30645 kB, estimate=611311 kB; lsn=0/E0D00D48, redo lsn=0/E0D00CE8
2026-09-21 09:11:57.694 PDT [221826] LOG:  checkpoint starting: fast force wait
2026-09-21 09:11:57.807 PDT [221826] LOG:  checkpoint complete: fast force wait: wrote 13 buffers (0.0%), wrote 1 SLRU buffers; 0 WAL file(s) added, 0 removed, 2 recycled; write=0.008 s, sync=0.057 s, total=0.113 s; sync files=15, longest=0.030 s, average=0.004 s; distance=30797 kB, estimate=553260 kB; lsn=0/E2B143D0, redo lsn=0/E2B14370
2026-09-21 09:12:27.531 PDT [221826] LOG:  checkpoint starting: fast force wait
2026-09-21 09:12:28.040 PDT [221826] LOG:  checkpoint complete: fast force wait: wrote 0 buffers (0.0%), wrote 1 SLRU buffers; 0 WAL file(s) added, 0 removed, 25 recycled; write=0.004 s, sync=0.375 s, total=0.510 s; sync files=20, longest=0.337 s, average=0.019 s; distance=402500 kB, estimate=538184 kB; lsn=0/FB425748, redo lsn=0/FB4256E8
2026-09-21 09:12:28.660 PDT [221826] LOG:  checkpoint starting: fast force wait
2026-09-21 09:12:28.745 PDT [221826] LOG:  checkpoint complete: fast force wait: wrote 6613 buffers (10.1%), wrote 1 SLRU buffers; 0 WAL file(s) added, 0 removed, 3 recycled; write=0.047 s, sync=0.014 s, total=0.086 s; sync files=8, longest=0.006 s, average=0.002 s; distance=61120 kB, estimate=490477 kB; lsn=0/FEFD58A8, redo lsn=0/FEFD5848
2026-09-21 09:12:30.051 PDT [221826] LOG:  checkpoint starting: fast force wait
2026-09-21 09:12:30.158 PDT [221826] LOG:  checkpoint complete: fast force wait: wrote 8326 buffers (12.7%), wrote 1 SLRU buffers; 0 WAL file(s) added, 0 removed, 5 recycled; write=0.053 s, sync=0.019 s, total=0.108 s; sync files=10, longest=0.007 s, average=0.002 s; distance=78865 kB, estimate=449316 kB; lsn=1/03CD9EB8, redo lsn=1/03CD9E58
2026-09-21 09:12:44.765 PDT [221826] LOG:  checkpoint starting: fast force wait
2026-09-21 09:12:45.426 PDT [221826] LOG:  checkpoint complete: fast force wait: wrote 2070 buffers (3.2%), wrote 1 SLRU buffers; 0 WAL file(s) added, 0 removed, 51 recycled; write=0.034 s, sync=0.277 s, total=0.662 s; sync files=28, longest=0.243 s, average=0.010 s; distance=828226 kB, estimate=828226 kB; lsn=1/365AA880, redo lsn=1/365AA820
2026-09-21 09:12:45.940 PDT [221826] LOG:  checkpoint starting: fast force wait
2026-09-21 09:12:45.981 PDT [221826] LOG:  checkpoint complete: fast force wait: wrote 692 buffers (1.1%), wrote 1 SLRU buffers; 0 WAL file(s) added, 0 removed, 0 recycled; write=0.009 s, sync=0.018 s, total=0.041 s; sync files=15, longest=0.005 s, average=0.002 s; distance=5347 kB, estimate=745938 kB; lsn=1/36AE34D8, redo lsn=1/36AE3478
2026-09-21 09:12:46.532 PDT [221826] LOG:  checkpoint starting: fast force wait
2026-09-21 09:12:46.577 PDT [221826] LOG:  checkpoint complete: fast force wait: wrote 916 buffers (1.4%), wrote 1 SLRU buffers; 0 WAL file(s) added, 0 removed, 1 recycled; write=0.010 s, sync=0.019 s, total=0.045 s; sync files=15, longest=0.006 s, average=0.002 s; distance=6962 kB, estimate=672040 kB; lsn=1/371AFF80, redo lsn=1/371AFF20
2026-09-21 09:12:47.233 PDT [221826] LOG:  checkpoint starting: fast force wait
2026-09-21 09:12:47.277 PDT [221826] LOG:  checkpoint complete: fast force wait: wrote 1616 buffers (2.5%), wrote 1 SLRU buffers; 0 WAL file(s) added, 0 removed, 0 recycled; write=0.015 s, sync=0.018 s, total=0.045 s; sync files=15, longest=0.006 s, average=0.002 s; distance=10246 kB, estimate=605861 kB; lsn=1/37BB1918, redo lsn=1/37BB18B8
2026-09-21 09:12:48.413 PDT [221826] LOG:  checkpoint starting: fast force wait
2026-09-21 09:12:48.470 PDT [221826] LOG:  checkpoint complete: fast force wait: wrote 3378 buffers (5.2%), wrote 1 SLRU buffers; 0 WAL file(s) added, 0 removed, 1 recycled; write=0.023 s, sync=0.017 s, total=0.058 s; sync files=15, longest=0.005 s, average=0.002 s; distance=15772 kB, estimate=546852 kB; lsn=1/38B18AD0, redo lsn=1/38B18A70
2026-09-21 09:13:32.265 PDT [221826] LOG:  checkpoint starting: fast force wait
2026-09-21 09:13:34.368 PDT [221826] LOG:  checkpoint complete: fast force wait: wrote 0 buffers (0.0%), wrote 1 SLRU buffers; 0 WAL file(s) added, 0 removed, 24 recycled; write=0.066 s, sync=1.199 s, total=2.103 s; sync files=20, longest=1.090 s, average=0.060 s; distance=381867 kB, estimate=530354 kB; lsn=1/50003A80, redo lsn=1/50003A20
2026-09-21 09:13:34.707 PDT [221826] LOG:  checkpoint starting: fast force wait
2026-09-21 09:13:34.991 PDT [221826] LOG:  checkpoint complete: fast force wait: wrote 1591 buffers (2.4%), wrote 1 SLRU buffers; 0 WAL file(s) added, 0 removed, 2 recycled; write=0.065 s, sync=0.082 s, total=0.284 s; sync files=8, longest=0.043 s, average=0.011 s; distance=47156 kB, estimate=482034 kB; lsn=1/52E10D48, redo lsn=1/52E10CE8
2026-09-21 09:13:35.923 PDT [221826] LOG:  checkpoint starting: fast force wait
2026-09-21 09:13:36.252 PDT [221826] LOG:  checkpoint complete: fast force wait: wrote 3233 buffers (4.9%), wrote 1 SLRU buffers; 0 WAL file(s) added, 0 removed, 4 recycled; write=0.068 s, sync=0.073 s, total=0.330 s; sync files=10, longest=0.032 s, average=0.008 s; distance=64067 kB, estimate=440237 kB; lsn=1/56CA1C10, redo lsn=1/56CA1BB0
2026-09-21 09:13:45.109 PDT [221826] LOG:  checkpoint starting: fast force wait
2026-09-21 09:13:45.681 PDT [221826] LOG:  checkpoint complete: fast force wait: wrote 2059 buffers (3.1%), wrote 1 SLRU buffers; 0 WAL file(s) added, 0 removed, 7 recycled; write=0.075 s, sync=0.223 s, total=0.572 s; sync files=34, longest=0.070 s, average=0.007 s; distance=110743 kB, estimate=407288 kB; lsn=1/5D8C7B60, redo lsn=1/5D8C7B00
2026-09-21 09:13:46.307 PDT [221826] LOG:  checkpoint starting: fast force wait
2026-09-21 09:13:46.642 PDT [221826] LOG:  checkpoint complete: fast force wait: wrote 366 buffers (0.6%), wrote 1 SLRU buffers; 0 WAL file(s) added, 0 removed, 0 recycled; write=0.084 s, sync=0.131 s, total=0.336 s; sync files=15, longest=0.027 s, average=0.009 s; distance=2361 kB, estimate=366795 kB; lsn=1/5DB16298, redo lsn=1/5DB16238
2026-09-21 09:13:51.483 PDT [221826] LOG:  checkpoint starting: fast force wait
2026-09-21 09:13:51.732 PDT [221826] LOG:  checkpoint complete: fast force wait: wrote 2057 buffers (3.1%), wrote 1 SLRU buffers; 0 WAL file(s) added, 4 removed, 0 recycled; write=0.054 s, sync=0.099 s, total=0.250 s; sync files=28, longest=0.045 s, average=0.004 s; distance=57911 kB, estimate=335907 kB; lsn=1/613A4040, redo lsn=1/613A3FC8
2026-09-21 09:13:51.911 PDT [221826] LOG:  checkpoint starting: fast force wait
2026-09-21 09:13:52.023 PDT [221826] LOG:  checkpoint complete: fast force wait: wrote 279 buffers (0.4%), wrote 1 SLRU buffers; 0 WAL file(s) added, 0 removed, 0 recycled; write=0.037 s, sync=0.033 s, total=0.112 s; sync files=15, longest=0.013 s, average=0.003 s; distance=1399 kB, estimate=302456 kB; lsn=1/61501FA0, redo lsn=1/61501F40
2026-09-21 09:13:53.098 PDT [221823] LOG:  received fast shutdown request
2026-09-21 09:13:53.108 PDT [221823] LOG:  aborting any active transactions
2026-09-21 09:13:53.108 PDT [221823] LOG:  background worker "logical replication launcher" (PID 221830) exited with exit code 1
2026-09-21 09:13:53.120 PDT [221826] LOG:  shutting down
2026-09-21 09:13:53.128 PDT [221826] LOG:  checkpoint starting: shutdown fast
2026-09-21 09:13:53.228 PDT [221826] LOG:  checkpoint complete: shutdown fast: wrote 18 buffers (0.0%), wrote 1 SLRU buffers; 0 WAL file(s) added, 0 removed, 0 recycled; write=0.032 s, sync=0.028 s, total=0.108 s; sync files=18, longest=0.008 s, average=0.002 s; distance=2786 kB, estimate=272489 kB; lsn=1/617BA780, redo lsn=1/617BA780
2026-09-21 09:13:53.393 PDT [221823] LOG:  database system is shut down
