### p_c2_btree_ios  [-c enable_seqscan=off -c enable_bitmapscan=off]
                                     QUERY PLAN                                      
-------------------------------------------------------------------------------------
 Aggregate (actual rows=1.00 loops=1)
   Buffers: shared hit=8660 read=7
   I/O Timings: shared read=0.178
   ->  Index Only Scan using fact_c2_btree on fact (actual rows=10002270.00 loops=1)
         Index Cond: (c2 = 1)
         Heap Fetches: 10402
         Index Searches: 1
         Buffers: shared hit=8660 read=7
         I/O Timings: shared read=0.178
 Planning:
   Buffers: shared hit=319 read=3
   I/O Timings: shared read=0.101
 Planning Time: 1.744 ms
 Execution Time: 743.294 ms
(14 rows)

### p_c200_btree_ios  [-c enable_seqscan=off -c enable_bitmapscan=off]
                                     QUERY PLAN                                      
-------------------------------------------------------------------------------------
 Aggregate (actual rows=1.00 loops=1)
   Buffers: shared hit=165
   ->  Index Only Scan using fact_c200_btree on fact (actual rows=100382.00 loops=1)
         Index Cond: (c200 = 17)
         Heap Fetches: 86
         Index Searches: 1
         Buffers: shared hit=165
 Planning:
   Buffers: shared hit=318
 Planning Time: 1.030 ms
 Execution Time: 6.600 ms
(11 rows)

### p_c20k_btree_ios  [-c enable_seqscan=off -c enable_bitmapscan=off]
                                    QUERY PLAN                                     
-----------------------------------------------------------------------------------
 Aggregate (actual rows=1.00 loops=1)
   Buffers: shared hit=14
   ->  Index Only Scan using fact_c20k_btree on fact (actual rows=1025.00 loops=1)
         Index Cond: (c20k = 123)
         Heap Fetches: 3
         Index Searches: 1
         Buffers: shared hit=14
 Planning:
   Buffers: shared hit=318
 Planning Time: 1.091 ms
 Execution Time: 0.205 ms
(11 rows)

### p_c1m_btree_ios  [-c enable_seqscan=off -c enable_bitmapscan=off]
                                   QUERY PLAN                                   
--------------------------------------------------------------------------------
 Aggregate (actual rows=1.00 loops=1)
   Buffers: shared hit=10
   ->  Index Only Scan using fact_c1m_btree on fact (actual rows=20.00 loops=1)
         Index Cond: (c1m = 12345)
         Heap Fetches: 0
         Index Searches: 1
         Buffers: shared hit=10
 Planning:
   Buffers: shared hit=315
 Planning Time: 1.139 ms
 Execution Time: 0.153 ms
(11 rows)

### p_c200_btree_bitmap  [-c enable_seqscan=off -c enable_indexonlyscan=off -c enable_indexscan=off]
                                    QUERY PLAN                                    
----------------------------------------------------------------------------------
 Aggregate (actual rows=1.00 loops=1)
   Buffers: shared hit=81485
   ->  Bitmap Heap Scan on fact (actual rows=100382.00 loops=1)
         Recheck Cond: (c200 = 17)
         Heap Blocks: exact=81398
         Buffers: shared hit=81485
         ->  Bitmap Index Scan on fact_c200_btree (actual rows=100382.00 loops=1)
               Index Cond: (c200 = 17)
               Index Searches: 1
               Buffers: shared hit=87
 Planning:
   Buffers: shared hit=318
 Planning Time: 1.102 ms
 Execution Time: 165.828 ms
(14 rows)

### and3_btree  [-c enable_seqscan=off]
                                       QUERY PLAN                                       
----------------------------------------------------------------------------------------
 Aggregate (actual rows=1.00 loops=1)
   Buffers: shared hit=11677
   ->  Bitmap Heap Scan on fact (actual rows=5044.00 loops=1)
         Recheck Cond: ((c200 = 17) AND (c10 = 3))
         Filter: (c2 = 1)
         Rows Removed by Filter: 5059
         Heap Blocks: exact=9903
         Buffers: shared hit=11677
         ->  BitmapAnd (actual rows=0.00 loops=1)
               Buffers: shared hit=1774
               ->  Bitmap Index Scan on fact_c200_btree (actual rows=100382.00 loops=1)
                     Index Cond: (c200 = 17)
                     Index Searches: 1
                     Buffers: shared hit=87
               ->  Bitmap Index Scan on fact_c10_btree (actual rows=1999592.00 loops=1)
                     Index Cond: (c10 = 3)
                     Index Searches: 1
                     Buffers: shared hit=1687
 Planning:
   Buffers: shared hit=324
 Planning Time: 1.122 ms
 Execution Time: 129.862 ms
(22 rows)

### grp_c200_btree_ios  [-c enable_seqscan=off -c enable_bitmapscan=off -c enable_hashagg=off]
                                      QUERY PLAN                                       
---------------------------------------------------------------------------------------
 GroupAggregate (actual rows=200.00 loops=1)
   Group Key: c200
   Buffers: shared hit=35200
   ->  Index Only Scan using fact_c200_btree on fact (actual rows=20000000.00 loops=1)
         Heap Fetches: 20944
         Index Searches: 1
         Buffers: shared hit=35200
 Planning:
   Buffers: shared hit=322
 Planning Time: 1.066 ms
 Execution Time: 1653.924 ms
(11 rows)

### grp_c2_btree_ios  [-c enable_seqscan=off -c enable_bitmapscan=off -c enable_hashagg=off]
                                     QUERY PLAN                                      
-------------------------------------------------------------------------------------
 GroupAggregate (actual rows=2.00 loops=1)
   Group Key: c2
   Buffers: shared hit=17327
   ->  Index Only Scan using fact_c2_btree on fact (actual rows=20000000.00 loops=1)
         Heap Fetches: 20944
         Index Searches: 1
         Buffers: shared hit=17327
 Planning:
   Buffers: shared hit=322
 Planning Time: 1.099 ms
 Execution Time: 1665.010 ms
(11 rows)

### range_c20k_btree_ios  [-c enable_seqscan=off -c enable_bitmapscan=off]
                                     QUERY PLAN                                     
------------------------------------------------------------------------------------
 Aggregate (actual rows=1.00 loops=1)
   Buffers: shared hit=897
   ->  Index Only Scan using fact_c20k_btree on fact (actual rows=99676.00 loops=1)
         Index Cond: ((c20k >= 100) AND (c20k <= 199))
         Heap Fetches: 106
         Index Searches: 1
         Buffers: shared hit=897
 Planning:
   Buffers: shared hit=327
 Planning Time: 1.159 ms
 Execution Time: 6.832 ms
(11 rows)

### fetch_c200_btree  [-c enable_seqscan=off]
                                    QUERY PLAN                                    
----------------------------------------------------------------------------------
 Aggregate (actual rows=1.00 loops=1)
   Buffers: shared hit=81485
   ->  Bitmap Heap Scan on fact (actual rows=100382.00 loops=1)
         Recheck Cond: (c200 = 17)
         Heap Blocks: exact=81398
         Buffers: shared hit=81485
         ->  Bitmap Index Scan on fact_c200_btree (actual rows=100382.00 loops=1)
               Index Cond: (c200 = 17)
               Index Searches: 1
               Buffers: shared hit=87
 Planning:
   Buffers: shared hit=317 read=1
   I/O Timings: shared read=0.011
 Planning Time: 1.209 ms
 Execution Time: 164.987 ms
(15 rows)

### p_c2_gin_bitmap  [-c enable_seqscan=off]
                                   QUERY PLAN                                   
--------------------------------------------------------------------------------
 Aggregate (actual rows=1.00 loops=1)
   Buffers: shared hit=228603
   ->  Bitmap Heap Scan on fact (actual rows=10002270.00 loops=1)
         Recheck Cond: (c2 = 1)
         Heap Blocks: exact=227273
         Buffers: shared hit=228603
         ->  Bitmap Index Scan on fact_c2_gin (actual rows=10002270.00 loops=1)
               Index Cond: (c2 = 1)
               Index Searches: 1
               Buffers: shared hit=1330
 Planning:
   Buffers: shared hit=317
 Planning Time: 1.066 ms
 Execution Time: 1840.451 ms
(14 rows)

### p_c200_gin_bitmap  [-c enable_seqscan=off]
                                   QUERY PLAN                                   
--------------------------------------------------------------------------------
 Aggregate (actual rows=1.00 loops=1)
   Buffers: shared hit=81425
   ->  Bitmap Heap Scan on fact (actual rows=100382.00 loops=1)
         Recheck Cond: (c200 = 17)
         Heap Blocks: exact=81398
         Buffers: shared hit=81425
         ->  Bitmap Index Scan on fact_c200_gin (actual rows=100382.00 loops=1)
               Index Cond: (c200 = 17)
               Index Searches: 1
               Buffers: shared hit=27
 Planning:
   Buffers: shared hit=316
 Planning Time: 1.146 ms
 Execution Time: 167.630 ms
(14 rows)

### p_c20k_gin_bitmap  [-c enable_seqscan=off]
                                  QUERY PLAN                                  
------------------------------------------------------------------------------
 Aggregate (actual rows=1.00 loops=1)
   Buffers: shared hit=1028
   ->  Bitmap Heap Scan on fact (actual rows=1025.00 loops=1)
         Recheck Cond: (c20k = 123)
         Heap Blocks: exact=1024
         Buffers: shared hit=1028
         ->  Bitmap Index Scan on fact_c20k_gin (actual rows=1025.00 loops=1)
               Index Cond: (c20k = 123)
               Index Searches: 1
               Buffers: shared hit=4
 Planning:
   Buffers: shared hit=316
 Planning Time: 1.093 ms
 Execution Time: 7.107 ms
(14 rows)

### p_c1m_gin_bitmap  [-c enable_seqscan=off]
                                QUERY PLAN                                 
---------------------------------------------------------------------------
 Aggregate (actual rows=1.00 loops=1)
   Buffers: shared hit=24
   ->  Bitmap Heap Scan on fact (actual rows=20.00 loops=1)
         Recheck Cond: (c1m = 12345)
         Heap Blocks: exact=20
         Buffers: shared hit=24
         ->  Bitmap Index Scan on fact_c1m_gin (actual rows=20.00 loops=1)
               Index Cond: (c1m = 12345)
               Index Searches: 1
               Buffers: shared hit=4
 Planning:
   Buffers: shared hit=313
 Planning Time: 1.095 ms
 Execution Time: 0.338 ms
(14 rows)

### and3_gin  [-c enable_seqscan=off]
                                      QUERY PLAN                                      
--------------------------------------------------------------------------------------
 Aggregate (actual rows=1.00 loops=1)
   Buffers: shared hit=10222
   ->  Bitmap Heap Scan on fact (actual rows=5044.00 loops=1)
         Recheck Cond: ((c200 = 17) AND (c10 = 3))
         Filter: (c2 = 1)
         Rows Removed by Filter: 5059
         Heap Blocks: exact=9903
         Buffers: shared hit=10222
         ->  BitmapAnd (actual rows=0.00 loops=1)
               Buffers: shared hit=319
               ->  Bitmap Index Scan on fact_c200_gin (actual rows=100382.00 loops=1)
                     Index Cond: (c200 = 17)
                     Index Searches: 1
                     Buffers: shared hit=27
               ->  Bitmap Index Scan on fact_c10_gin (actual rows=1999592.00 loops=1)
                     Index Cond: (c10 = 3)
                     Index Searches: 1
                     Buffers: shared hit=292
 Planning:
   Buffers: shared hit=324
 Planning Time: 1.792 ms
 Execution Time: 241.363 ms
(22 rows)

### range_c20k_gin_bitmap  [-c enable_seqscan=off]
                                  QUERY PLAN                                   
-------------------------------------------------------------------------------
 Aggregate (actual rows=1.00 loops=1)
   Buffers: shared hit=101096
   ->  Bitmap Heap Scan on fact (actual rows=99676.00 loops=1)
         Recheck Cond: ((c20k >= 100) AND (c20k <= 199))
         Heap Blocks: exact=80903
         Buffers: shared hit=101096
         ->  Bitmap Index Scan on fact_c20k_gin (actual rows=99676.00 loops=1)
               Index Cond: ((c20k >= 100) AND (c20k <= 199))
               Index Searches: 1
               Buffers: shared hit=20193
 Planning:
   Buffers: shared hit=326
 Planning Time: 0.981 ms
 Execution Time: 951.080 ms
(14 rows)

### fetch_c200_gin  [-c enable_seqscan=off]
                                   QUERY PLAN                                   
--------------------------------------------------------------------------------
 Aggregate (actual rows=1.00 loops=1)
   Buffers: shared hit=81425
   ->  Bitmap Heap Scan on fact (actual rows=100382.00 loops=1)
         Recheck Cond: (c200 = 17)
         Heap Blocks: exact=81398
         Buffers: shared hit=81425
         ->  Bitmap Index Scan on fact_c200_gin (actual rows=100382.00 loops=1)
               Index Cond: (c200 = 17)
               Index Searches: 1
               Buffers: shared hit=27
 Planning:
   Buffers: shared hit=316
 Planning Time: 1.093 ms
 Execution Time: 169.250 ms
(14 rows)

### p_c2_roaring_bitmap  [-c enable_seqscan=off -c roaring_index.enable_count_pushdown=off]
                                     QUERY PLAN                                     
------------------------------------------------------------------------------------
 Aggregate (actual rows=1.00 loops=1)
   Buffers: shared hit=230825
   ->  Bitmap Heap Scan on fact (actual rows=10002270.00 loops=1)
         Recheck Cond: (c2 = 1)
         Heap Blocks: exact=227273
         Buffers: shared hit=230825
         ->  Bitmap Index Scan on fact_c2_roaring (actual rows=10002270.00 loops=1)
               Index Cond: (c2 = 1)
               Index Searches: 1
               Buffers: shared hit=3552
 Planning:
   Buffers: shared hit=308
 Planning Time: 0.943 ms
 Execution Time: 1314.243 ms
(14 rows)

### p_c200_roaring_bitmap  [-c enable_seqscan=off -c roaring_index.enable_count_pushdown=off]
                                     QUERY PLAN                                     
------------------------------------------------------------------------------------
 Aggregate (actual rows=1.00 loops=1)
   Buffers: shared hit=81431
   ->  Bitmap Heap Scan on fact (actual rows=100382.00 loops=1)
         Recheck Cond: (c200 = 17)
         Heap Blocks: exact=81398
         Buffers: shared hit=81431
         ->  Bitmap Index Scan on fact_c200_roaring (actual rows=100382.00 loops=1)
               Index Cond: (c200 = 17)
               Index Searches: 1
               Buffers: shared hit=33
 Planning:
   Buffers: shared hit=308
 Planning Time: 1.016 ms
 Execution Time: 162.160 ms
(14 rows)

### p_c200_clustered_roaring_bitmap  [-c enable_seqscan=off -c roaring_index.enable_count_pushdown=off]
                                          QUERY PLAN                                          
----------------------------------------------------------------------------------------------
 Aggregate (actual rows=1.00 loops=1)
   Buffers: shared hit=1139
   ->  Bitmap Heap Scan on fact (actual rows=100000.00 loops=1)
         Recheck Cond: (c200_clustered = 17)
         Heap Blocks: exact=1137
         Buffers: shared hit=1139
         ->  Bitmap Index Scan on fact_c200_clustered_roaring (actual rows=100000.00 loops=1)
               Index Cond: (c200_clustered = 17)
               Index Searches: 1
               Buffers: shared hit=2
 Planning:
   Buffers: shared hit=308
 Planning Time: 0.916 ms
 Execution Time: 9.258 ms
(14 rows)

### p_c20k_roaring_bitmap  [-c enable_seqscan=off -c roaring_index.enable_count_pushdown=off]
                                    QUERY PLAN                                    
----------------------------------------------------------------------------------
 Aggregate (actual rows=1.00 loops=1)
   Buffers: shared hit=1026
   ->  Bitmap Heap Scan on fact (actual rows=1025.00 loops=1)
         Recheck Cond: (c20k = 123)
         Heap Blocks: exact=1024
         Buffers: shared hit=1026
         ->  Bitmap Index Scan on fact_c20k_roaring (actual rows=1025.00 loops=1)
               Index Cond: (c20k = 123)
               Index Searches: 1
               Buffers: shared hit=2
 Planning:
   Buffers: shared hit=308
 Planning Time: 0.911 ms
 Execution Time: 6.362 ms
(14 rows)

### p_c1m_roaring_bitmap  [-c enable_seqscan=off -c roaring_index.enable_count_pushdown=off]
                                  QUERY PLAN                                   
-------------------------------------------------------------------------------
 Aggregate (actual rows=1.00 loops=1)
   Buffers: shared hit=21
   ->  Bitmap Heap Scan on fact (actual rows=20.00 loops=1)
         Recheck Cond: (c1m = 12345)
         Heap Blocks: exact=20
         Buffers: shared hit=21
         ->  Bitmap Index Scan on fact_c1m_roaring (actual rows=20.00 loops=1)
               Index Cond: (c1m = 12345)
               Index Searches: 1
               Buffers: shared hit=1
 Planning:
   Buffers: shared hit=305
 Planning Time: 0.911 ms
 Execution Time: 0.371 ms
(14 rows)

### and3_roaring  [-c enable_seqscan=off -c roaring_index.enable_count_pushdown=off]
                                        QUERY PLAN                                        
------------------------------------------------------------------------------------------
 Aggregate (actual rows=1.00 loops=1)
   Buffers: shared hit=10451
   ->  Bitmap Heap Scan on fact (actual rows=5044.00 loops=1)
         Recheck Cond: ((c200 = 17) AND (c10 = 3))
         Filter: (c2 = 1)
         Rows Removed by Filter: 5059
         Heap Blocks: exact=9903
         Buffers: shared hit=10451
         ->  BitmapAnd (actual rows=0.00 loops=1)
               Buffers: shared hit=548
               ->  Bitmap Index Scan on fact_c200_roaring (actual rows=100382.00 loops=1)
                     Index Cond: (c200 = 17)
                     Index Searches: 1
                     Buffers: shared hit=33
               ->  Bitmap Index Scan on fact_c10_roaring (actual rows=1999592.00 loops=1)
                     Index Cond: (c10 = 3)
                     Index Searches: 1
                     Buffers: shared hit=515
 Planning:
   Buffers: shared hit=314
 Planning Time: 0.955 ms
 Execution Time: 119.583 ms
(22 rows)

### range_c20k_roaring_bitmap  [-c enable_seqscan=off -c roaring_index.enable_count_pushdown=off]
                      QUERY PLAN                       
-------------------------------------------------------
 Aggregate (actual rows=1.00 loops=1)
   Buffers: shared hit=227328
   ->  Seq Scan on fact (actual rows=99676.00 loops=1)
         Disabled: true
         Filter: ((c20k >= 100) AND (c20k <= 199))
         Rows Removed by Filter: 19900324
         Buffers: shared hit=227328
 Planning:
   Buffers: shared hit=311
 Planning Time: 0.881 ms
 Execution Time: 1027.667 ms
(11 rows)

### fetch_c200_roaring  [-c enable_seqscan=off -c roaring_index.enable_count_pushdown=off]
                                     QUERY PLAN                                     
------------------------------------------------------------------------------------
 Aggregate (actual rows=1.00 loops=1)
   Buffers: shared hit=81431
   ->  Bitmap Heap Scan on fact (actual rows=100382.00 loops=1)
         Recheck Cond: (c200 = 17)
         Heap Blocks: exact=81398
         Buffers: shared hit=81431
         ->  Bitmap Index Scan on fact_c200_roaring (actual rows=100382.00 loops=1)
               Index Cond: (c200 = 17)
               Index Searches: 1
               Buffers: shared hit=33
 Planning:
   Buffers: shared hit=308
 Planning Time: 1.021 ms
 Execution Time: 177.947 ms
(14 rows)

### p_c2_pushdown  [-c roaring_index.enable_count_pushdown=on]
                      QUERY PLAN                       
-------------------------------------------------------
 Custom Scan (RoaringCount) (actual rows=1.00 loops=1)
   Roaring Indexes: fact_c2_roaring (c2 = 1)
   Heap Blocks Skipped via VM: 227035
   Heap TIDs Rechecked: 10402
   Heap Blocks Rechecked: 238
   Containers Visited: 3552
   Buffers: shared hit=3797
 Planning:
   Buffers: shared hit=319
 Planning Time: 0.956 ms
 Execution Time: 6.117 ms
(11 rows)

### p_c200_pushdown  [-c roaring_index.enable_count_pushdown=on]
                      QUERY PLAN                       
-------------------------------------------------------
 Custom Scan (RoaringCount) (actual rows=1.00 loops=1)
   Roaring Indexes: fact_c200_roaring (c200 = 17)
   Heap Blocks Skipped via VM: 81327
   Heap TIDs Rechecked: 86
   Heap Blocks Rechecked: 71
   Containers Visited: 3552
   Buffers: shared hit=111
 Planning:
   Buffers: shared hit=319
 Planning Time: 1.005 ms
 Execution Time: 0.720 ms
(11 rows)

### p_c200_clustered_pushdown  [-c roaring_index.enable_count_pushdown=on]
                              QUERY PLAN                              
----------------------------------------------------------------------
 Custom Scan (RoaringCount) (actual rows=1.00 loops=1)
   Roaring Indexes: fact_c200_clustered_roaring (c200_clustered = 17)
   Heap Blocks Skipped via VM: 1137
   Heap TIDs Rechecked: 0
   Heap Blocks Rechecked: 0
   Containers Visited: 19
   Buffers: shared hit=3
 Planning:
   Buffers: shared hit=319
 Planning Time: 1.063 ms
 Execution Time: 0.101 ms
(11 rows)

### p_c20k_pushdown  [-c roaring_index.enable_count_pushdown=on]
                      QUERY PLAN                       
-------------------------------------------------------
 Custom Scan (RoaringCount) (actual rows=1.00 loops=1)
   Roaring Indexes: fact_c20k_roaring (c20k = 123)
   Heap Blocks Skipped via VM: 1021
   Heap TIDs Rechecked: 3
   Heap Blocks Rechecked: 3
   Containers Visited: 891
   Buffers: shared hit=12
 Planning:
   Buffers: shared hit=319
 Planning Time: 1.008 ms
 Execution Time: 0.176 ms
(11 rows)

### p_c1m_pushdown  [-c roaring_index.enable_count_pushdown=on]
                      QUERY PLAN                       
-------------------------------------------------------
 Custom Scan (RoaringCount) (actual rows=1.00 loops=1)
   Roaring Indexes: fact_c1m_roaring (c1m = 12345)
   Heap Blocks Skipped via VM: 20
   Heap TIDs Rechecked: 0
   Heap Blocks Rechecked: 0
   Containers Visited: 20
   Buffers: shared hit=8
 Planning:
   Buffers: shared hit=319
 Planning Time: 1.170 ms
 Execution Time: 0.108 ms
(11 rows)

### and3_pushdown  [-c roaring_index.enable_count_pushdown=on]
                                               QUERY PLAN                                               
--------------------------------------------------------------------------------------------------------
 Custom Scan (RoaringCount) (actual rows=1.00 loops=1)
   Roaring Indexes: fact_c10_roaring (c10 = 3), fact_c200_roaring (c200 = 17), fact_c2_roaring (c2 = 1)
   Heap Blocks Skipped via VM: 4985
   Heap TIDs Rechecked: 5
   Heap Blocks Rechecked: 5
   Containers Visited: 10656
   Buffers: shared hit=4112
 Planning:
   Buffers: shared hit=327
 Planning Time: 1.010 ms
 Execution Time: 8.844 ms
(11 rows)

### grp_c200_pushdown  [-c roaring_index.enable_count_pushdown=on]
                       QUERY PLAN                        
---------------------------------------------------------
 Custom Scan (RoaringCount) (actual rows=200.00 loops=1)
   Roaring Indexes: fact_c200_roaring (c200)
   Group Key: c200
   Heap Blocks Skipped via VM: 16193256
   Heap TIDs Rechecked: 20944
   Heap Blocks Rechecked: 16951
   Containers Visited: 710399
   Buffers: shared hit=25093
 Planning:
   Buffers: shared hit=317
 Planning Time: 1.007 ms
 Execution Time: 64.485 ms
(12 rows)

### grp_c2_pushdown  [-c roaring_index.enable_count_pushdown=on]
                      QUERY PLAN                       
-------------------------------------------------------
 Custom Scan (RoaringCount) (actual rows=2.00 loops=1)
   Roaring Indexes: fact_c2_roaring (c2)
   Group Key: c2
   Heap Blocks Skipped via VM: 454070
   Heap TIDs Rechecked: 20944
   Heap Blocks Rechecked: 476
   Containers Visited: 7104
   Buffers: shared hit=7666
 Planning:
   Buffers: shared hit=317
 Planning Time: 0.934 ms
 Execution Time: 12.317 ms
(12 rows)

### grp_c200_seqscan  [-c enable_indexonlyscan=off -c enable_indexscan=off -c enable_bitmapscan=off -c roaring_index.enable_count_pushdown=off]
                        QUERY PLAN                        
----------------------------------------------------------
 HashAggregate (actual rows=200.00 loops=1)
   Group Key: c200
   Batches: 1  Memory Usage: 32kB
   Buffers: shared hit=227328
   ->  Seq Scan on fact (actual rows=20000000.00 loops=1)
         Buffers: shared hit=227328
 Planning:
   Buffers: shared hit=322
 Planning Time: 1.134 ms
 Execution Time: 2772.762 ms
(10 rows)

### grp_c2_seqscan  [-c enable_indexonlyscan=off -c enable_indexscan=off -c enable_bitmapscan=off -c roaring_index.enable_count_pushdown=off]
                        QUERY PLAN                        
----------------------------------------------------------
 HashAggregate (actual rows=2.00 loops=1)
   Group Key: c2
   Batches: 1  Memory Usage: 32kB
   Buffers: shared hit=227328
   ->  Seq Scan on fact (actual rows=20000000.00 loops=1)
         Buffers: shared hit=227328
 Planning:
   Buffers: shared hit=321
 Planning Time: 1.133 ms
 Execution Time: 2437.455 ms
(10 rows)

### p_c2_rb_naive  []
                             QUERY PLAN                              
---------------------------------------------------------------------
 Bitmap Heap Scan on rb_c2 (actual rows=1.00 loops=1)
   Recheck Cond: (key = 1)
   Heap Blocks: exact=1
   Buffers: shared hit=24 read=2544
   I/O Timings: shared read=21.431
   ->  Bitmap Index Scan on rb_c2_key_idx (actual rows=1.00 loops=1)
         Index Cond: (key = 1)
         Index Searches: 1
         Buffers: shared hit=1
 Planning:
   Buffers: shared hit=80 read=1
   I/O Timings: shared read=0.012
 Planning Time: 0.674 ms
 Execution Time: 38.386 ms
(14 rows)

### p_c2_rb_vmall  []
                                   QUERY PLAN                                    
---------------------------------------------------------------------------------
 Nested Loop (actual rows=1.00 loops=1)
   Buffers: shared hit=2591 read=16
   I/O Timings: shared read=0.142
   ->  Seq Scan on vm_mask m (actual rows=1.00 loops=1)
         Buffers: shared hit=1
   ->  Materialize (actual rows=1.00 loops=1)
         Storage: Memory  Maximum Storage: 17kB
         Buffers: shared hit=2
         ->  Bitmap Heap Scan on rb_c2 r (actual rows=1.00 loops=1)
               Recheck Cond: (key = 1)
               Heap Blocks: exact=1
               Buffers: shared hit=2
               ->  Bitmap Index Scan on rb_c2_key_idx (actual rows=1.00 loops=1)
                     Index Cond: (key = 1)
                     Index Searches: 1
                     Buffers: shared hit=1
 Planning:
   Buffers: shared hit=117
 Planning Time: 0.779 ms
 Execution Time: 10.173 ms
(20 rows)

### p_c2_rb_vm95  []
                                        QUERY PLAN                                         
-------------------------------------------------------------------------------------------
 Result (actual rows=1.00 loops=1)
   Buffers: shared hit=507775 read=17
   I/O Timings: shared read=0.168
   InitPlan expr_1
     ->  Nested Loop (actual rows=1.00 loops=1)
           Buffers: shared hit=2594 read=17
           I/O Timings: shared read=0.168
           ->  Seq Scan on vm_mask m (actual rows=1.00 loops=1)
                 Buffers: shared hit=1
           ->  Materialize (actual rows=1.00 loops=1)
                 Storage: Memory  Maximum Storage: 17kB
                 Buffers: shared hit=2
                 ->  Bitmap Heap Scan on rb_c2 r (actual rows=1.00 loops=1)
                       Recheck Cond: (key = 1)
                       Heap Blocks: exact=1
                       Buffers: shared hit=2
                       ->  Bitmap Index Scan on rb_c2_key_idx (actual rows=1.00 loops=1)
                             Index Cond: (key = 1)
                             Index Searches: 1
                             Buffers: shared hit=1
   InitPlan expr_2
     ->  Aggregate (actual rows=1.00 loops=1)
           Buffers: shared hit=505181
           InitPlan array_1
             ->  Nested Loop (actual rows=502616.00 loops=1)
                   Buffers: shared hit=2565
                   ->  Bitmap Heap Scan on rb_c2 r_1 (actual rows=1.00 loops=1)
                         Recheck Cond: (key = 1)
                         Heap Blocks: exact=1
                         Buffers: shared hit=2
                         ->  Bitmap Index Scan on rb_c2_key_idx (actual rows=1.00 loops=1)
                               Index Cond: (key = 1)
                               Index Searches: 1
                               Buffers: shared hit=1
                   ->  Nested Loop (actual rows=502616.00 loops=1)
                         Buffers: shared hit=2563
                         ->  Seq Scan on vm_mask m_1 (actual rows=1.00 loops=1)
                               Buffers: shared hit=1
                         ->  Function Scan on rb_iterate x (actual rows=502616.00 loops=1)
                               Buffers: shared hit=2562
           ->  Tid Scan on fact (actual rows=502616.00 loops=1)
                 TID Cond: (ctid = ANY ((InitPlan array_1).col1))
                 Buffers: shared hit=505181
 Planning:
   Buffers: shared hit=484 read=1
   I/O Timings: shared read=0.016
 Planning Time: 1.548 ms
 Execution Time: 265.761 ms
(48 rows)

### p_c200_rb_naive  []
                              QUERY PLAN                               
-----------------------------------------------------------------------
 Bitmap Heap Scan on rb_c200 (actual rows=1.00 loops=1)
   Recheck Cond: (key = 17)
   Heap Blocks: exact=1
   Buffers: shared hit=24 read=37
   I/O Timings: shared read=0.306
   ->  Bitmap Index Scan on rb_c200_key_idx (actual rows=1.00 loops=1)
         Index Cond: (key = 17)
         Index Searches: 1
         Buffers: shared hit=1
 Planning:
   Buffers: shared hit=81
 Planning Time: 0.703 ms
 Execution Time: 0.945 ms
(13 rows)

### p_c200_rb_vmall  []
                                    QUERY PLAN                                     
-----------------------------------------------------------------------------------
 Nested Loop (actual rows=1.00 loops=1)
   Buffers: shared hit=100
   ->  Seq Scan on vm_mask m (actual rows=1.00 loops=1)
         Buffers: shared hit=1
   ->  Materialize (actual rows=1.00 loops=1)
         Storage: Memory  Maximum Storage: 17kB
         Buffers: shared hit=2
         ->  Bitmap Heap Scan on rb_c200 r (actual rows=1.00 loops=1)
               Recheck Cond: (key = 17)
               Heap Blocks: exact=1
               Buffers: shared hit=2
               ->  Bitmap Index Scan on rb_c200_key_idx (actual rows=1.00 loops=1)
                     Index Cond: (key = 17)
                     Index Searches: 1
                     Buffers: shared hit=1
 Planning:
   Buffers: shared hit=117
 Planning Time: 0.745 ms
 Execution Time: 1.107 ms
(19 rows)

### p_c200_rb_vm95  []
                                         QUERY PLAN                                          
---------------------------------------------------------------------------------------------
 Result (actual rows=1.00 loops=1)
   Buffers: shared hit=5300
   InitPlan expr_1
     ->  Nested Loop (actual rows=1.00 loops=1)
           Buffers: shared hit=104
           ->  Seq Scan on vm_mask m (actual rows=1.00 loops=1)
                 Buffers: shared hit=1
           ->  Materialize (actual rows=1.00 loops=1)
                 Storage: Memory  Maximum Storage: 17kB
                 Buffers: shared hit=2
                 ->  Bitmap Heap Scan on rb_c200 r (actual rows=1.00 loops=1)
                       Recheck Cond: (key = 17)
                       Heap Blocks: exact=1
                       Buffers: shared hit=2
                       ->  Bitmap Index Scan on rb_c200_key_idx (actual rows=1.00 loops=1)
                             Index Cond: (key = 17)
                             Index Searches: 1
                             Buffers: shared hit=1
   InitPlan expr_2
     ->  Aggregate (actual rows=1.00 loops=1)
           Buffers: shared hit=5196
           InitPlan array_1
             ->  Nested Loop (actual rows=5138.00 loops=1)
                   Buffers: shared hit=58
                   ->  Bitmap Heap Scan on rb_c200 r_1 (actual rows=1.00 loops=1)
                         Recheck Cond: (key = 17)
                         Heap Blocks: exact=1
                         Buffers: shared hit=2
                         ->  Bitmap Index Scan on rb_c200_key_idx (actual rows=1.00 loops=1)
                               Index Cond: (key = 17)
                               Index Searches: 1
                               Buffers: shared hit=1
                   ->  Nested Loop (actual rows=5138.00 loops=1)
                         Buffers: shared hit=56
                         ->  Seq Scan on vm_mask m_1 (actual rows=1.00 loops=1)
                               Buffers: shared hit=1
                         ->  Function Scan on rb_iterate x (actual rows=5138.00 loops=1)
                               Buffers: shared hit=55
           ->  Tid Scan on fact (actual rows=5138.00 loops=1)
                 TID Cond: (ctid = ANY ((InitPlan array_1).col1))
                 Buffers: shared hit=5196
 Planning:
   Buffers: shared hit=485
 Planning Time: 1.597 ms
 Execution Time: 22.261 ms
(45 rows)

### p_c20k_rb_naive  []
                              QUERY PLAN                               
-----------------------------------------------------------------------
 Bitmap Heap Scan on rb_c20k (actual rows=1.00 loops=1)
   Recheck Cond: (key = 123)
   Heap Blocks: exact=1
   Buffers: shared hit=26 read=6
   I/O Timings: shared read=0.106
   ->  Bitmap Index Scan on rb_c20k_key_idx (actual rows=1.00 loops=1)
         Index Cond: (key = 123)
         Index Searches: 1
         Buffers: shared hit=2
 Planning:
   Buffers: shared hit=81
 Planning Time: 0.685 ms
 Execution Time: 0.405 ms
(13 rows)

### p_c20k_rb_vmall  []
                                    QUERY PLAN                                     
-----------------------------------------------------------------------------------
 Nested Loop (actual rows=1.00 loops=1)
   Buffers: shared hit=71
   ->  Seq Scan on vm_mask m (actual rows=1.00 loops=1)
         Buffers: shared hit=1
   ->  Materialize (actual rows=1.00 loops=1)
         Storage: Memory  Maximum Storage: 17kB
         Buffers: shared hit=3
         ->  Bitmap Heap Scan on rb_c20k r (actual rows=1.00 loops=1)
               Recheck Cond: (key = 123)
               Heap Blocks: exact=1
               Buffers: shared hit=3
               ->  Bitmap Index Scan on rb_c20k_key_idx (actual rows=1.00 loops=1)
                     Index Cond: (key = 123)
                     Index Searches: 1
                     Buffers: shared hit=2
 Planning:
   Buffers: shared hit=117
 Planning Time: 1.078 ms
 Execution Time: 0.574 ms
(19 rows)

### p_c20k_rb_vm95  []
                                         QUERY PLAN                                          
---------------------------------------------------------------------------------------------
 Result (actual rows=1.00 loops=1)
   Buffers: shared hit=166
   InitPlan expr_1
     ->  Nested Loop (actual rows=1.00 loops=1)
           Buffers: shared hit=75
           ->  Seq Scan on vm_mask m (actual rows=1.00 loops=1)
                 Buffers: shared hit=1
           ->  Materialize (actual rows=1.00 loops=1)
                 Storage: Memory  Maximum Storage: 17kB
                 Buffers: shared hit=3
                 ->  Bitmap Heap Scan on rb_c20k r (actual rows=1.00 loops=1)
                       Recheck Cond: (key = 123)
                       Heap Blocks: exact=1
                       Buffers: shared hit=3
                       ->  Bitmap Index Scan on rb_c20k_key_idx (actual rows=1.00 loops=1)
                             Index Cond: (key = 123)
                             Index Searches: 1
                             Buffers: shared hit=2
   InitPlan expr_2
     ->  Aggregate (actual rows=1.00 loops=1)
           Buffers: shared hit=91
           InitPlan array_1
             ->  Nested Loop (actual rows=63.00 loops=1)
                   Buffers: shared hit=28
                   ->  Bitmap Heap Scan on rb_c20k r_1 (actual rows=1.00 loops=1)
                         Recheck Cond: (key = 123)
                         Heap Blocks: exact=1
                         Buffers: shared hit=3
                         ->  Bitmap Index Scan on rb_c20k_key_idx (actual rows=1.00 loops=1)
                               Index Cond: (key = 123)
                               Index Searches: 1
                               Buffers: shared hit=2
                   ->  Nested Loop (actual rows=63.00 loops=1)
                         Buffers: shared hit=25
                         ->  Seq Scan on vm_mask m_1 (actual rows=1.00 loops=1)
                               Buffers: shared hit=1
                         ->  Function Scan on rb_iterate x (actual rows=63.00 loops=1)
                               Buffers: shared hit=24
           ->  Tid Scan on fact (actual rows=63.00 loops=1)
                 TID Cond: (ctid = ANY ((InitPlan array_1).col1))
                 Buffers: shared hit=91
 Planning:
   Buffers: shared hit=485
 Planning Time: 1.530 ms
 Execution Time: 1.634 ms
(45 rows)

### p_c1m_rb_naive  []
                              QUERY PLAN                              
----------------------------------------------------------------------
 Bitmap Heap Scan on rb_c1m (actual rows=1.00 loops=1)
   Recheck Cond: (key = 12345)
   Heap Blocks: exact=1
   Buffers: shared hit=4
   ->  Bitmap Index Scan on rb_c1m_key_idx (actual rows=1.00 loops=1)
         Index Cond: (key = 12345)
         Index Searches: 1
         Buffers: shared hit=3
 Planning:
   Buffers: shared hit=81
 Planning Time: 0.774 ms
 Execution Time: 0.191 ms
(12 rows)

### p_c1m_rb_vmall  []
                                 QUERY PLAN                                 
----------------------------------------------------------------------------
 Nested Loop (actual rows=1.00 loops=1)
   Buffers: shared hit=43
   ->  Bitmap Heap Scan on rb_c1m r (actual rows=1.00 loops=1)
         Recheck Cond: (key = 12345)
         Heap Blocks: exact=1
         Buffers: shared hit=4
         ->  Bitmap Index Scan on rb_c1m_key_idx (actual rows=1.00 loops=1)
               Index Cond: (key = 12345)
               Index Searches: 1
               Buffers: shared hit=3
   ->  Materialize (actual rows=1.00 loops=1)
         Storage: Memory  Maximum Storage: 17kB
         Buffers: shared hit=1
         ->  Seq Scan on vm_mask m (actual rows=1.00 loops=1)
               Buffers: shared hit=1
 Planning:
   Buffers: shared hit=117
 Planning Time: 0.740 ms
 Execution Time: 0.463 ms
(19 rows)

### p_c1m_rb_vm95  []
                                         QUERY PLAN                                         
--------------------------------------------------------------------------------------------
 Result (actual rows=1.00 loops=1)
   Buffers: shared hit=71
   InitPlan expr_1
     ->  Nested Loop (actual rows=1.00 loops=1)
           Buffers: shared hit=47
           ->  Bitmap Heap Scan on rb_c1m r (actual rows=1.00 loops=1)
                 Recheck Cond: (key = 12345)
                 Heap Blocks: exact=1
                 Buffers: shared hit=4
                 ->  Bitmap Index Scan on rb_c1m_key_idx (actual rows=1.00 loops=1)
                       Index Cond: (key = 12345)
                       Index Searches: 1
                       Buffers: shared hit=3
           ->  Materialize (actual rows=1.00 loops=1)
                 Storage: Memory  Maximum Storage: 17kB
                 Buffers: shared hit=1
                 ->  Seq Scan on vm_mask m (actual rows=1.00 loops=1)
                       Buffers: shared hit=1
   InitPlan expr_2
     ->  Aggregate (actual rows=1.00 loops=1)
           Buffers: shared hit=24
           InitPlan array_1
             ->  Nested Loop (actual rows=0.00 loops=1)
                   Buffers: shared hit=24
                   ->  Bitmap Heap Scan on rb_c1m r_1 (actual rows=1.00 loops=1)
                         Recheck Cond: (key = 12345)
                         Heap Blocks: exact=1
                         Buffers: shared hit=4
                         ->  Bitmap Index Scan on rb_c1m_key_idx (actual rows=1.00 loops=1)
                               Index Cond: (key = 12345)
                               Index Searches: 1
                               Buffers: shared hit=3
                   ->  Nested Loop (actual rows=0.00 loops=1)
                         Buffers: shared hit=20
                         ->  Seq Scan on vm_mask m_1 (actual rows=1.00 loops=1)
                               Buffers: shared hit=1
                         ->  Function Scan on rb_iterate x (actual rows=0.00 loops=1)
                               Buffers: shared hit=19
           ->  Tid Scan on fact (actual rows=0.00 loops=1)
                 TID Cond: (ctid = ANY ((InitPlan array_1).col1))
                 Buffers: shared hit=24
 Planning:
   Buffers: shared hit=485
 Planning Time: 2.078 ms
 Execution Time: 0.740 ms
(45 rows)

### and3_rb_naive  []
                                       QUERY PLAN                                        
-----------------------------------------------------------------------------------------
 Nested Loop (actual rows=1.00 loops=1)
   Buffers: shared hit=2653 read=517
   I/O Timings: shared read=4.103
   ->  Nested Loop (actual rows=1.00 loops=1)
         Buffers: shared hit=4
         ->  Bitmap Heap Scan on rb_c10 a (actual rows=1.00 loops=1)
               Recheck Cond: (key = 3)
               Heap Blocks: exact=1
               Buffers: shared hit=2
               ->  Bitmap Index Scan on rb_c10_key_idx (actual rows=1.00 loops=1)
                     Index Cond: (key = 3)
                     Index Searches: 1
                     Buffers: shared hit=1
         ->  Materialize (actual rows=1.00 loops=1)
               Storage: Memory  Maximum Storage: 17kB
               Buffers: shared hit=2
               ->  Bitmap Heap Scan on rb_c200 b (actual rows=1.00 loops=1)
                     Recheck Cond: (key = 17)
                     Heap Blocks: exact=1
                     Buffers: shared hit=2
                     ->  Bitmap Index Scan on rb_c200_key_idx (actual rows=1.00 loops=1)
                           Index Cond: (key = 17)
                           Index Searches: 1
                           Buffers: shared hit=1
   ->  Materialize (actual rows=1.00 loops=1)
         Storage: Memory  Maximum Storage: 17kB
         Buffers: shared hit=2
         ->  Bitmap Heap Scan on rb_c2 c (actual rows=1.00 loops=1)
               Recheck Cond: (key = 1)
               Heap Blocks: exact=1
               Buffers: shared hit=2
               ->  Bitmap Index Scan on rb_c2_key_idx (actual rows=1.00 loops=1)
                     Index Cond: (key = 1)
                     Index Searches: 1
                     Buffers: shared hit=1
 Planning:
   Buffers: shared hit=162
 Planning Time: 0.843 ms
 Execution Time: 29.037 ms
(39 rows)

### and3_rb_vm95  []
                                           QUERY PLAN                                            
-------------------------------------------------------------------------------------------------
 Result (actual rows=1.00 loops=1)
   Buffers: shared hit=3488
   CTE r
     ->  Nested Loop (actual rows=1.00 loops=1)
           Buffers: shared hit=3170
           ->  Nested Loop (actual rows=1.00 loops=1)
                 Buffers: shared hit=4
                 ->  Bitmap Heap Scan on rb_c10 a (actual rows=1.00 loops=1)
                       Recheck Cond: (key = 3)
                       Heap Blocks: exact=1
                       Buffers: shared hit=2
                       ->  Bitmap Index Scan on rb_c10_key_idx (actual rows=1.00 loops=1)
                             Index Cond: (key = 3)
                             Index Searches: 1
                             Buffers: shared hit=1
                 ->  Materialize (actual rows=1.00 loops=1)
                       Storage: Memory  Maximum Storage: 17kB
                       Buffers: shared hit=2
                       ->  Bitmap Heap Scan on rb_c200 b (actual rows=1.00 loops=1)
                             Recheck Cond: (key = 17)
                             Heap Blocks: exact=1
                             Buffers: shared hit=2
                             ->  Bitmap Index Scan on rb_c200_key_idx (actual rows=1.00 loops=1)
                                   Index Cond: (key = 17)
                                   Index Searches: 1
                                   Buffers: shared hit=1
           ->  Materialize (actual rows=1.00 loops=1)
                 Storage: Memory  Maximum Storage: 17kB
                 Buffers: shared hit=2
                 ->  Bitmap Heap Scan on rb_c2 c (actual rows=1.00 loops=1)
                       Recheck Cond: (key = 1)
                       Heap Blocks: exact=1
                       Buffers: shared hit=2
                       ->  Bitmap Index Scan on rb_c2_key_idx (actual rows=1.00 loops=1)
                             Index Cond: (key = 1)
                             Index Searches: 1
                             Buffers: shared hit=1
   InitPlan expr_1
     ->  Nested Loop (actual rows=1.00 loops=1)
           Buffers: shared hit=3213
           ->  CTE Scan on r (actual rows=1.00 loops=1)
                 Storage: Memory  Maximum Storage: 55kB
                 Buffers: shared hit=3170
           ->  Materialize (actual rows=1.00 loops=1)
                 Storage: Memory  Maximum Storage: 17kB
                 Buffers: shared hit=1
                 ->  Seq Scan on vm_mask m (actual rows=1.00 loops=1)
                       Buffers: shared hit=1
   InitPlan expr_2
     ->  Aggregate (actual rows=1.00 loops=1)
           Buffers: shared hit=275
           InitPlan array_1
             ->  Nested Loop (actual rows=255.00 loops=1)
                   Buffers: shared hit=20
                   ->  Seq Scan on vm_mask m_1 (actual rows=1.00 loops=1)
                         Buffers: shared hit=1
                   ->  Nested Loop (actual rows=255.00 loops=1)
                         Buffers: shared hit=19
                         ->  CTE Scan on r r_1 (actual rows=1.00 loops=1)
                               Storage: Memory  Maximum Storage: 55kB
                         ->  Function Scan on rb_iterate x (actual rows=255.00 loops=1)
                               Buffers: shared hit=19
           ->  Tid Scan on fact (actual rows=255.00 loops=1)
                 TID Cond: (ctid = ANY ((InitPlan array_1).col1))
                 Buffers: shared hit=275
 Planning:
   Buffers: shared hit=541
 Planning Time: 1.689 ms
 Execution Time: 17.130 ms
(69 rows)

### grp_c200_rb_naive  []
                    QUERY PLAN                    
--------------------------------------------------
 Seq Scan on rb_c200 (actual rows=200.00 loops=1)
   Buffers: shared hit=460 read=6804
   I/O Timings: shared read=63.023
 Planning:
   Buffers: shared hit=64
 Planning Time: 0.316 ms
 Execution Time: 79.163 ms
(7 rows)

### grp_c200_rb_vmall  []
                          QUERY PLAN                          
--------------------------------------------------------------
 Nested Loop (actual rows=200.00 loops=1)
   Buffers: shared hit=10288
   ->  Seq Scan on vm_mask (actual rows=1.00 loops=1)
         Buffers: shared hit=1
   ->  Materialize (actual rows=200.00 loops=1)
         Storage: Memory  Maximum Storage: 26kB
         Buffers: shared hit=4
         ->  Seq Scan on rb_c200 (actual rows=200.00 loops=1)
               Buffers: shared hit=4
 Planning:
   Buffers: shared hit=100
 Planning Time: 0.389 ms
 Execution Time: 106.977 ms
(13 rows)

### grp_c200_rb_vm95  []
                                  QUERY PLAN                                   
-------------------------------------------------------------------------------
 Nested Loop (actual rows=200.00 loops=1)
   Buffers: shared hit=1026909
   ->  Seq Scan on vm_mask m (actual rows=1.00 loops=1)
         Buffers: shared hit=1
   ->  Materialize (actual rows=200.00 loops=1)
         Storage: Memory  Maximum Storage: 26kB
         Buffers: shared hit=4
         ->  Seq Scan on rb_c200 r (actual rows=200.00 loops=1)
               Buffers: shared hit=4
   SubPlan expr_1
     ->  Aggregate (actual rows=1.00 loops=200)
           Buffers: shared hit=1015821
           InitPlan array_1
             ->  Function Scan on rb_iterate x (actual rows=5023.92 loops=200)
                   Buffers: shared hit=11037
           ->  Tid Scan on fact f (actual rows=5023.92 loops=200)
                 TID Cond: (ctid = ANY ((InitPlan array_1).col1))
                 Buffers: shared hit=1015821
 Planning:
   Buffers: shared hit=390
 Planning Time: 1.258 ms
 Execution Time: 1008.910 ms
(22 rows)

### grp_c2_rb_naive  []
                  QUERY PLAN                  
----------------------------------------------
 Seq Scan on rb_c2 (actual rows=2.00 loops=1)
   Buffers: shared hit=2568 read=2540
   I/O Timings: shared read=34.739
 Planning:
   Buffers: shared hit=64
 Planning Time: 0.265 ms
 Execution Time: 63.694 ms
(7 rows)

### grp_c2_rb_vmall  []
                        QUERY PLAN                        
----------------------------------------------------------
 Nested Loop (actual rows=2.00 loops=1)
   Buffers: shared hit=5162
   ->  Seq Scan on vm_mask (actual rows=1.00 loops=1)
         Buffers: shared hit=1
   ->  Materialize (actual rows=2.00 loops=1)
         Storage: Memory  Maximum Storage: 17kB
         Buffers: shared hit=1
         ->  Seq Scan on rb_c2 (actual rows=2.00 loops=1)
               Buffers: shared hit=1
 Planning:
   Buffers: shared hit=100
 Planning Time: 0.345 ms
 Execution Time: 18.588 ms
(13 rows)

### grp_c2_rb_vm95  []
                                  QUERY PLAN                                   
-------------------------------------------------------------------------------
 Nested Loop (actual rows=2.00 loops=1)
   Buffers: shared hit=1015076
   ->  Seq Scan on vm_mask m (actual rows=1.00 loops=1)
         Buffers: shared hit=1
   ->  Materialize (actual rows=2.00 loops=1)
         Storage: Memory  Maximum Storage: 17kB
         Buffers: shared hit=1
         ->  Seq Scan on rb_c2 r (actual rows=2.00 loops=1)
               Buffers: shared hit=1
   SubPlan expr_1
     ->  Aggregate (actual rows=1.00 loops=2)
           Buffers: shared hit=1009906
           InitPlan array_1
             ->  Function Scan on rb_iterate x (actual rows=502392.00 loops=2)
                   Buffers: shared hit=5122
           ->  Tid Scan on fact f (actual rows=502392.00 loops=2)
                 TID Cond: (ctid = ANY ((InitPlan array_1).col1))
                 Buffers: shared hit=1009906
 Planning:
   Buffers: shared hit=390
 Planning Time: 1.229 ms
 Execution Time: 480.110 ms
(22 rows)

### range_c20k_rb_naive  []
                                  QUERY PLAN                                   
-------------------------------------------------------------------------------
 Aggregate (actual rows=1.00 loops=1)
   Buffers: shared hit=325 read=205
   I/O Timings: shared read=1.817
   ->  Bitmap Heap Scan on rb_c20k (actual rows=100.00 loops=1)
         Recheck Cond: ((key >= 100) AND (key <= 199))
         Heap Blocks: exact=2
         Buffers: shared hit=4
         ->  Bitmap Index Scan on rb_c20k_key_idx (actual rows=100.00 loops=1)
               Index Cond: ((key >= 100) AND (key <= 199))
               Index Searches: 1
               Buffers: shared hit=2
 Planning:
   Buffers: shared hit=80
 Planning Time: 0.359 ms
 Execution Time: 14.233 ms
(15 rows)

### fetch_c200_rb_tidscan  []
                                     QUERY PLAN                                      
-------------------------------------------------------------------------------------
 Aggregate (actual rows=1.00 loops=1)
   Buffers: shared hit=100443
   InitPlan array_1
     ->  Nested Loop (actual rows=100382.00 loops=1)
           Buffers: shared hit=61
           ->  Bitmap Heap Scan on rb_c200 (actual rows=1.00 loops=1)
                 Recheck Cond: (key = 17)
                 Heap Blocks: exact=1
                 Buffers: shared hit=2
                 ->  Bitmap Index Scan on rb_c200_key_idx (actual rows=1.00 loops=1)
                       Index Cond: (key = 17)
                       Index Searches: 1
                       Buffers: shared hit=1
           ->  Function Scan on rb_iterate x (actual rows=100382.00 loops=1)
                 Buffers: shared hit=59
   ->  Tid Scan on fact (actual rows=100382.00 loops=1)
         TID Cond: (ctid = ANY ((InitPlan array_1).col1))
         Buffers: shared hit=100443
 Planning:
   Buffers: shared hit=480
 Planning Time: 1.592 ms
 Execution Time: 155.189 ms
(22 rows)

