Time: 9.685 ms
Time: 0.452 ms
Time: 11233.981 ms (00:11.234)
Time: 18567.695 ms (00:18.568)
Time: 18183.012 ms (00:18.183)
Time: 17744.103 ms (00:17.744)
Time: 18060.548 ms (00:18.061)
Time: 9942.888 ms (00:09.943)
Time: 12858.500 ms (00:12.859)
Time: 0.492 ms
           relname           |  size   
-----------------------------+---------
 fact_c10_btree              | 132 MB
 fact_c10_gin                | 23 MB
 fact_c10_roaring            | 41 MB
 fact_c1m_btree              | 152 MB
 fact_c1m_gin                | 199 MB
 fact_c1m_roaring            | 240 MB
 fact_c2_btree               | 132 MB
 fact_c2_gin                 | 21 MB
 fact_c2_roaring             | 56 MB
 fact_c200_btree             | 132 MB
 fact_c200_gin               | 39 MB
 fact_c200_roaring           | 51 MB
 fact_c200_clustered_btree   | 132 MB
 fact_c200_clustered_gin     | 23 MB
 fact_c200_clustered_roaring | 2688 kB
 fact_c20k_btree             | 138 MB
 fact_c20k_gin               | 157 MB
 fact_c20k_roaring           | 209 MB
 fact_c_skew_btree           | 133 MB
 fact_c_skew_gin             | 26 MB
 fact_c_skew_roaring         | 30 MB
(21 rows)

Time: 1.914 ms
       c        | nbuckets | bucket_pages | entries | inline_entries | container_pages | containers | array_containers | bitset_containers | run_containers |  ntids   | container_bytes | free_bytes | sparse_segments | sparse_members | null_tids | empty_tids 
----------------+----------+--------------+---------+----------------+-----------------+------------+------------------+-------------------+----------------+----------+-----------------+------------+-----------------+----------------+-----------+------------
 c2             |       64 |           64 |       2 |              0 |            7102 |       7104 |                1 |              7102 |              1 | 20000000 |        29148138 |   29211920 |               0 |              0 |         0 |          0
 c10            |       64 |           64 |      10 |              0 |            5143 |      35520 |            35520 |                 0 |              0 | 20000000 |        40284160 |    1893132 |               0 |              0 |         0 |          0
 c200           |      135 |          135 |     200 |              0 |            6399 |     710314 |           710314 |                 0 |              0 | 20000000 |        45683960 |    2575220 |              85 |            192 |         0 |          0
 c20k           |     6690 |         6690 |   20000 |              0 |           20000 |      14704 |            14704 |                 0 |              0 | 20000000 |       120274908 |   95893628 |           49515 |       19940289 |         0 |          0
 c1m            |    15462 |        30758 | 1000000 |        1000000 |               0 |          0 |                0 |                 0 |              0 | 20000000 |       128000000 |   75622692 |         1000000 |       20000000 |         0 |          0
 c200_clustered |      135 |          135 |     201 |              1 |             200 |       3750 |                0 |                 0 |           3750 | 20000000 |          947412 |    1736612 |               2 |              2 |         0 |          0
 c_skew         |      660 |          660 |    1000 |              0 |            3185 |      13151 |             9599 |                 0 |           3552 | 20000000 |        20000190 |   11136448 |           10796 |        1963161 |         0 |          0
(7 rows)

Time: 73.273 ms
