2026-10-08 01:14:55.933 UTC [722] LOG:  registered custom resource manager "pg_lion" with ID 128
2026-10-08 01:14:56.086 UTC [722] LOG:  starting PostgreSQL 16.15 (Ubuntu 16.15-0ubuntu0.24.04.1) on x86_64-pc-linux-gnu, compiled by gcc (Ubuntu 13.3.0-6ubuntu2~24.04.1) 13.3.0, 64-bit
2026-10-08 01:14:56.088 UTC [722] LOG:  listening on Unix socket "/tmp/lion-comparison-u4tiqwkr/socket/.s.PGSQL.55449"
2026-10-08 01:14:56.097 UTC [725] LOG:  database system was shut down at 2026-10-08 01:14:55 UTC
2026-10-08 01:14:56.106 UTC [722] LOG:  database system is ready to accept connections
2026-10-08 01:15:01.976 UTC [723] LOG:  checkpoint starting: immediate force wait
2026-10-08 01:15:02.320 UTC [723] LOG:  checkpoint complete: wrote 2225 buffers (3.4%); 0 WAL file(s) added, 0 removed, 10 recycled; write=0.124 s, sync=0.211 s, total=0.344 s; sync files=81, longest=0.184 s, average=0.003 s; distance=163413 kB, estimate=163413 kB; lsn=0/B484A70, redo lsn=0/B484A38
2026-10-08 01:15:02.555 UTC [723] LOG:  checkpoint starting: immediate force wait
2026-10-08 01:15:02.562 UTC [723] LOG:  checkpoint complete: wrote 20 buffers (0.0%); 0 WAL file(s) added, 0 removed, 0 recycled; write=0.002 s, sync=0.003 s, total=0.008 s; sync files=19, longest=0.001 s, average=0.001 s; distance=378 kB, estimate=147110 kB; lsn=0/B4E3320, redo lsn=0/B4E32E8
2026-10-08 01:15:02.855 UTC [723] LOG:  checkpoint starting: immediate force wait
2026-10-08 01:15:02.864 UTC [723] LOG:  checkpoint complete: wrote 17 buffers (0.0%); 0 WAL file(s) added, 0 removed, 0 recycled; write=0.003 s, sync=0.004 s, total=0.010 s; sync files=17, longest=0.001 s, average=0.001 s; distance=2137 kB, estimate=132612 kB; lsn=0/B6F9B18, redo lsn=0/B6F9AE0
2026-10-08 01:15:03.190 UTC [723] LOG:  checkpoint starting: immediate force wait
2026-10-08 01:15:03.197 UTC [723] LOG:  checkpoint complete: wrote 15 buffers (0.0%); 0 WAL file(s) added, 0 removed, 0 recycled; write=0.002 s, sync=0.003 s, total=0.008 s; sync files=15, longest=0.001 s, average=0.001 s; distance=2964 kB, estimate=119648 kB; lsn=0/B9DEE80, redo lsn=0/B9DEE48
2026-10-08 01:15:03.877 UTC [723] LOG:  checkpoint starting: immediate force wait
2026-10-08 01:15:03.885 UTC [723] LOG:  checkpoint complete: wrote 17 buffers (0.0%); 0 WAL file(s) added, 0 removed, 1 recycled; write=0.002 s, sync=0.003 s, total=0.009 s; sync files=17, longest=0.001 s, average=0.001 s; distance=7177 kB, estimate=108401 kB; lsn=0/C0E13B8, redo lsn=0/C0E1380
2026-10-08 01:15:05.881 UTC [723] LOG:  checkpoint starting: immediate force wait
2026-10-08 01:15:05.888 UTC [723] LOG:  checkpoint complete: wrote 17 buffers (0.0%); 0 WAL file(s) added, 0 removed, 2 recycled; write=0.002 s, sync=0.003 s, total=0.008 s; sync files=17, longest=0.001 s, average=0.001 s; distance=40826 kB, estimate=101643 kB; lsn=0/E8BFCC0, redo lsn=0/E8BFC88
2026-10-08 01:15:06.155 UTC [723] LOG:  checkpoint starting: immediate force wait
2026-10-08 01:15:06.162 UTC [723] LOG:  checkpoint complete: wrote 15 buffers (0.0%); 0 WAL file(s) added, 0 removed, 0 recycled; write=0.002 s, sync=0.003 s, total=0.008 s; sync files=15, longest=0.001 s, average=0.001 s; distance=877 kB, estimate=91567 kB; lsn=0/E99B418, redo lsn=0/E99B3E0
2026-10-08 01:15:06.459 UTC [723] LOG:  checkpoint starting: immediate force wait
2026-10-08 01:15:06.466 UTC [723] LOG:  checkpoint complete: wrote 15 buffers (0.0%); 0 WAL file(s) added, 0 removed, 0 recycled; write=0.002 s, sync=0.003 s, total=0.008 s; sync files=15, longest=0.001 s, average=0.001 s; distance=2926 kB, estimate=82702 kB; lsn=0/EC77008, redo lsn=0/EC76FD0
2026-10-08 01:15:11.358 UTC [723] LOG:  checkpoint starting: immediate force wait
2026-10-08 01:15:11.661 UTC [723] LOG:  checkpoint complete: wrote 2062 buffers (3.1%); 0 WAL file(s) added, 0 removed, 11 recycled; write=0.109 s, sync=0.185 s, total=0.303 s; sync files=30, longest=0.166 s, average=0.007 s; distance=179873 kB, estimate=179873 kB; lsn=0/19C1F4C0, redo lsn=0/19C1F488
2026-10-08 01:15:11.951 UTC [723] LOG:  checkpoint starting: immediate force wait
2026-10-08 01:15:11.963 UTC [723] LOG:  checkpoint complete: wrote 160 buffers (0.2%); 0 WAL file(s) added, 0 removed, 0 recycled; write=0.003 s, sync=0.006 s, total=0.012 s; sync files=18, longest=0.003 s, average=0.001 s; distance=1115 kB, estimate=161997 kB; lsn=0/19D362B0, redo lsn=0/19D36278
2026-10-08 01:15:12.320 UTC [723] LOG:  checkpoint starting: immediate force wait
2026-10-08 01:15:12.330 UTC [723] LOG:  checkpoint complete: wrote 217 buffers (0.3%); 0 WAL file(s) added, 0 removed, 0 recycled; write=0.003 s, sync=0.005 s, total=0.010 s; sync files=15, longest=0.003 s, average=0.001 s; distance=1439 kB, estimate=145941 kB; lsn=0/19E9DF68, redo lsn=0/19E9DF30
2026-10-08 01:15:12.712 UTC [723] LOG:  checkpoint starting: immediate force wait
2026-10-08 01:15:12.726 UTC [723] LOG:  checkpoint complete: wrote 617 buffers (0.9%); 0 WAL file(s) added, 0 removed, 1 recycled; write=0.006 s, sync=0.007 s, total=0.015 s; sync files=15, longest=0.005 s, average=0.001 s; distance=2104 kB, estimate=131557 kB; lsn=0/1A0AC360, redo lsn=0/1A0AC328
2026-10-08 01:15:13.567 UTC [723] LOG:  checkpoint starting: immediate force wait
2026-10-08 01:15:13.585 UTC [723] LOG:  checkpoint complete: wrote 877 buffers (1.3%); 0 WAL file(s) added, 0 removed, 0 recycled; write=0.008 s, sync=0.008 s, total=0.019 s; sync files=15, longest=0.006 s, average=0.001 s; distance=3657 kB, estimate=118767 kB; lsn=0/1A43EAE8, redo lsn=0/1A43EAB0
2026-10-08 01:15:17.262 UTC [723] LOG:  checkpoint starting: immediate force wait
2026-10-08 01:15:17.330 UTC [723] LOG:  checkpoint complete: wrote 4904 buffers (7.5%); 0 WAL file(s) added, 0 removed, 1 recycled; write=0.033 s, sync=0.032 s, total=0.068 s; sync files=15, longest=0.030 s, average=0.003 s; distance=19939 kB, estimate=108885 kB; lsn=0/1B7B7800, redo lsn=0/1B7B77C8
2026-10-08 01:15:17.698 UTC [723] LOG:  checkpoint starting: immediate force wait
2026-10-08 01:15:17.708 UTC [723] LOG:  checkpoint complete: wrote 212 buffers (0.3%); 0 WAL file(s) added, 0 removed, 0 recycled; write=0.003 s, sync=0.005 s, total=0.010 s; sync files=15, longest=0.003 s, average=0.001 s; distance=1320 kB, estimate=98128 kB; lsn=0/1B901978, redo lsn=0/1B901940
2026-10-08 01:15:38.495 UTC [723] LOG:  checkpoint starting: immediate force wait
2026-10-08 01:15:38.809 UTC [723] LOG:  checkpoint complete: wrote 10645 buffers (16.2%); 0 WAL file(s) added, 0 removed, 5 recycled; write=0.199 s, sync=0.109 s, total=0.314 s; sync files=24, longest=0.104 s, average=0.005 s; distance=76287 kB, estimate=95944 kB; lsn=0/203817E8, redo lsn=0/203817B0
2026-10-08 01:15:38.926 UTC [723] LOG:  checkpoint starting: immediate force wait
2026-10-08 01:15:38.940 UTC [723] LOG:  checkpoint complete: wrote 381 buffers (0.6%); 0 WAL file(s) added, 0 removed, 0 recycled; write=0.006 s, sync=0.006 s, total=0.014 s; sync files=10, longest=0.004 s, average=0.001 s; distance=12568 kB, estimate=87606 kB; lsn=0/20FC7868, redo lsn=0/20FC7830
2026-10-08 01:15:39.160 UTC [723] LOG:  checkpoint starting: immediate force wait
2026-10-08 01:15:39.175 UTC [723] LOG:  checkpoint complete: wrote 750 buffers (1.1%); 0 WAL file(s) added, 0 removed, 1 recycled; write=0.006 s, sync=0.007 s, total=0.016 s; sync files=11, longest=0.006 s, average=0.001 s; distance=14585 kB, estimate=80304 kB; lsn=0/21E05C78, redo lsn=0/21E05C40
2026-10-08 01:15:39.430 UTC [723] LOG:  checkpoint starting: immediate force wait
2026-10-08 01:15:39.628 UTC [723] LOG:  checkpoint complete: wrote 10365 buffers (15.8%); 0 WAL file(s) added, 0 removed, 5 recycled; write=0.113 s, sync=0.080 s, total=0.199 s; sync files=3, longest=0.079 s, average=0.027 s; distance=72991 kB, estimate=79573 kB; lsn=0/2654DA30, redo lsn=0/2654D9F8
2026-10-08 01:15:47.451 UTC [723] LOG:  checkpoint starting: immediate force wait
2026-10-08 01:15:47.780 UTC [723] LOG:  checkpoint complete: wrote 2058 buffers (3.1%); 0 WAL file(s) added, 0 removed, 18 recycled; write=0.123 s, sync=0.192 s, total=0.329 s; sync files=32, longest=0.172 s, average=0.006 s; distance=298646 kB, estimate=298646 kB; lsn=0/388F3520, redo lsn=0/388F34E8
2026-10-08 01:15:48.251 UTC [723] LOG:  checkpoint starting: immediate force wait
2026-10-08 01:15:48.257 UTC [723] LOG:  checkpoint complete: wrote 14 buffers (0.0%); 0 WAL file(s) added, 0 removed, 0 recycled; write=0.002 s, sync=0.003 s, total=0.007 s; sync files=15, longest=0.001 s, average=0.001 s; distance=6210 kB, estimate=269403 kB; lsn=0/38F04088, redo lsn=0/38F04050
2026-10-08 01:15:48.765 UTC [723] LOG:  checkpoint starting: immediate force wait
2026-10-08 01:15:48.773 UTC [723] LOG:  checkpoint complete: wrote 14 buffers (0.0%); 0 WAL file(s) added, 0 removed, 1 recycled; write=0.002 s, sync=0.003 s, total=0.008 s; sync files=15, longest=0.001 s, average=0.001 s; distance=6211 kB, estimate=243083 kB; lsn=0/39514EF8, redo lsn=0/39514EC0
2026-10-08 01:15:49.292 UTC [723] LOG:  checkpoint starting: immediate force wait
2026-10-08 01:15:49.299 UTC [723] LOG:  checkpoint complete: wrote 14 buffers (0.0%); 0 WAL file(s) added, 0 removed, 0 recycled; write=0.002 s, sync=0.003 s, total=0.007 s; sync files=15, longest=0.001 s, average=0.001 s; distance=6215 kB, estimate=219397 kB; lsn=0/39B26E78, redo lsn=0/39B26E40
2026-10-08 01:15:49.785 UTC [723] LOG:  checkpoint starting: immediate force wait
2026-10-08 01:15:49.793 UTC [723] LOG:  checkpoint complete: wrote 14 buffers (0.0%); 0 WAL file(s) added, 0 removed, 1 recycled; write=0.002 s, sync=0.003 s, total=0.009 s; sync files=15, longest=0.001 s, average=0.001 s; distance=6503 kB, estimate=198107 kB; lsn=0/3A180AD0, redo lsn=0/3A180A98
2026-10-08 01:15:50.315 UTC [723] LOG:  checkpoint starting: immediate force wait
2026-10-08 01:15:50.323 UTC [723] LOG:  checkpoint complete: wrote 14 buffers (0.0%); 0 WAL file(s) added, 0 removed, 1 recycled; write=0.002 s, sync=0.003 s, total=0.008 s; sync files=15, longest=0.001 s, average=0.001 s; distance=17566 kB, estimate=180053 kB; lsn=0/3B2A85F0, redo lsn=0/3B2A85B8
2026-10-08 01:15:50.693 UTC [723] LOG:  checkpoint starting: immediate force wait
2026-10-08 01:15:50.700 UTC [723] LOG:  checkpoint complete: wrote 14 buffers (0.0%); 0 WAL file(s) added, 0 removed, 0 recycled; write=0.002 s, sync=0.004 s, total=0.008 s; sync files=15, longest=0.001 s, average=0.001 s; distance=6220 kB, estimate=162670 kB; lsn=0/3B8BB9A0, redo lsn=0/3B8BB968
2026-10-08 01:16:03.053 UTC [723] LOG:  checkpoint starting: immediate force wait
2026-10-08 01:16:03.389 UTC [723] LOG:  checkpoint complete: wrote 10020 buffers (15.3%); 0 WAL file(s) added, 0 removed, 5 recycled; write=0.224 s, sync=0.107 s, total=0.336 s; sync files=20, longest=0.103 s, average=0.006 s; distance=80439 kB, estimate=154447 kB; lsn=0/407495C8, redo lsn=0/40749590
2026-10-08 01:16:03.652 UTC [723] LOG:  checkpoint starting: immediate force wait
2026-10-08 01:16:03.717 UTC [723] LOG:  checkpoint complete: wrote 4034 buffers (6.2%); 0 WAL file(s) added, 0 removed, 2 recycled; write=0.036 s, sync=0.027 s, total=0.066 s; sync files=10, longest=0.025 s, average=0.003 s; distance=33386 kB, estimate=142341 kB; lsn=0/427E4158, redo lsn=0/427E4120
2026-10-08 01:16:04.150 UTC [723] LOG:  checkpoint starting: immediate force wait
2026-10-08 01:16:04.225 UTC [723] LOG:  checkpoint complete: wrote 4437 buffers (6.8%); 0 WAL file(s) added, 0 removed, 2 recycled; write=0.043 s, sync=0.028 s, total=0.075 s; sync files=12, longest=0.027 s, average=0.003 s; distance=36367 kB, estimate=131743 kB; lsn=0/44B67E08, redo lsn=0/44B67DD0
2026-10-08 01:16:04.487 UTC [723] LOG:  checkpoint starting: immediate force wait
2026-10-08 01:16:04.707 UTC [723] LOG:  checkpoint complete: wrote 10365 buffers (15.8%); 0 WAL file(s) added, 1 removed, 4 recycled; write=0.132 s, sync=0.070 s, total=0.220 s; sync files=3, longest=0.070 s, average=0.024 s; distance=72991 kB, estimate=125868 kB; lsn=0/492AFBC0, redo lsn=0/492AFB88
2026-10-08 01:16:10.399 UTC [723] LOG:  checkpoint starting: immediate force wait
2026-10-08 01:16:10.665 UTC [723] LOG:  checkpoint complete: wrote 2054 buffers (3.1%); 0 WAL file(s) added, 0 removed, 17 recycled; write=0.047 s, sync=0.209 s, total=0.267 s; sync files=30, longest=0.188 s, average=0.007 s; distance=291136 kB, estimate=291136 kB; lsn=0/5AEFFE78, redo lsn=0/5AEFFE40
2026-10-08 01:16:10.881 UTC [723] LOG:  checkpoint starting: immediate force wait
2026-10-08 01:16:10.888 UTC [723] LOG:  checkpoint complete: wrote 15 buffers (0.0%); 0 WAL file(s) added, 0 removed, 0 recycled; write=0.002 s, sync=0.003 s, total=0.008 s; sync files=15, longest=0.001 s, average=0.001 s; distance=378 kB, estimate=262060 kB; lsn=0/5AF5E770, redo lsn=0/5AF5E738
2026-10-08 01:16:11.129 UTC [723] LOG:  checkpoint starting: immediate force wait
2026-10-08 01:16:11.136 UTC [723] LOG:  checkpoint complete: wrote 15 buffers (0.0%); 0 WAL file(s) added, 0 removed, 1 recycled; write=0.002 s, sync=0.003 s, total=0.008 s; sync files=15, longest=0.001 s, average=0.001 s; distance=2138 kB, estimate=236068 kB; lsn=0/5B1750D8, redo lsn=0/5B1750A0
2026-10-08 01:16:11.386 UTC [723] LOG:  checkpoint starting: immediate force wait
2026-10-08 01:16:11.393 UTC [723] LOG:  checkpoint complete: wrote 15 buffers (0.0%); 0 WAL file(s) added, 0 removed, 0 recycled; write=0.002 s, sync=0.003 s, total=0.007 s; sync files=15, longest=0.001 s, average=0.001 s; distance=2965 kB, estimate=212758 kB; lsn=0/5B45A618, redo lsn=0/5B45A5E0
2026-10-08 01:16:11.961 UTC [723] LOG:  checkpoint starting: immediate force wait
2026-10-08 01:16:11.970 UTC [723] LOG:  checkpoint complete: wrote 15 buffers (0.0%); 0 WAL file(s) added, 0 removed, 0 recycled; write=0.002 s, sync=0.005 s, total=0.009 s; sync files=15, longest=0.003 s, average=0.001 s; distance=7177 kB, estimate=192200 kB; lsn=0/5BB5CD78, redo lsn=0/5BB5CD40
2026-10-08 01:16:13.810 UTC [723] LOG:  checkpoint starting: immediate force wait
2026-10-08 01:16:13.819 UTC [723] LOG:  checkpoint complete: wrote 15 buffers (0.0%); 0 WAL file(s) added, 0 removed, 3 recycled; write=0.002 s, sync=0.003 s, total=0.009 s; sync files=15, longest=0.001 s, average=0.001 s; distance=40828 kB, estimate=177063 kB; lsn=0/5E33C0B0, redo lsn=0/5E33C078
2026-10-08 01:16:14.102 UTC [723] LOG:  checkpoint starting: immediate force wait
2026-10-08 01:16:14.109 UTC [723] LOG:  checkpoint complete: wrote 15 buffers (0.0%); 0 WAL file(s) added, 0 removed, 0 recycled; write=0.002 s, sync=0.003 s, total=0.008 s; sync files=15, longest=0.001 s, average=0.001 s; distance=880 kB, estimate=159444 kB; lsn=0/5E418200, redo lsn=0/5E4181C8
2026-10-08 01:16:31.562 UTC [723] LOG:  checkpoint starting: immediate force wait
2026-10-08 01:16:31.822 UTC [723] LOG:  checkpoint complete: wrote 10023 buffers (15.3%); 0 WAL file(s) added, 0 removed, 4 recycled; write=0.177 s, sync=0.079 s, total=0.261 s; sync files=22, longest=0.077 s, average=0.004 s; distance=77151 kB, estimate=151215 kB; lsn=0/62F70120, redo lsn=0/62F700E8
2026-10-08 01:16:32.192 UTC [723] LOG:  checkpoint starting: immediate force wait
2026-10-08 01:16:32.292 UTC [723] LOG:  checkpoint complete: wrote 6400 buffers (9.8%); 0 WAL file(s) added, 0 removed, 4 recycled; write=0.060 s, sync=0.037 s, total=0.101 s; sync files=10, longest=0.036 s, average=0.004 s; distance=52200 kB, estimate=141313 kB; lsn=0/6626A138, redo lsn=0/6626A100
2026-10-08 01:16:32.829 UTC [723] LOG:  checkpoint starting: immediate force wait
2026-10-08 01:16:32.927 UTC [723] LOG:  checkpoint complete: wrote 7502 buffers (11.4%); 0 WAL file(s) added, 0 removed, 3 recycled; write=0.051 s, sync=0.043 s, total=0.098 s; sync files=12, longest=0.041 s, average=0.004 s; distance=59829 kB, estimate=133165 kB; lsn=0/69CD76A8, redo lsn=0/69CD7670
2026-10-08 01:16:33.187 UTC [723] LOG:  checkpoint starting: immediate force wait
2026-10-08 01:16:33.371 UTC [723] LOG:  checkpoint complete: wrote 10365 buffers (15.8%); 0 WAL file(s) added, 0 removed, 5 recycled; write=0.106 s, sync=0.074 s, total=0.185 s; sync files=3, longest=0.073 s, average=0.025 s; distance=72991 kB, estimate=127148 kB; lsn=0/6E41F460, redo lsn=0/6E41F428
2026-10-08 01:17:02.381 UTC [723] LOG:  checkpoint starting: immediate force wait
2026-10-08 01:17:03.137 UTC [723] LOG:  checkpoint complete: wrote 2071 buffers (3.2%); 0 WAL file(s) added, 0 removed, 57 recycled; write=0.018 s, sync=0.702 s, total=0.757 s; sync files=28, longest=0.683 s, average=0.026 s; distance=941706 kB, estimate=941706 kB; lsn=0/A7BC1CF8, redo lsn=0/A7BC1CC0
2026-10-08 01:17:04.303 UTC [723] LOG:  checkpoint starting: immediate force wait
2026-10-08 01:17:04.310 UTC [723] LOG:  checkpoint complete: wrote 15 buffers (0.0%); 0 WAL file(s) added, 0 removed, 0 recycled; write=0.002 s, sync=0.003 s, total=0.007 s; sync files=15, longest=0.001 s, average=0.001 s; distance=1631 kB, estimate=847698 kB; lsn=0/A7D59C40, redo lsn=0/A7D59C08
2026-10-08 01:17:05.480 UTC [723] LOG:  checkpoint starting: immediate force wait
2026-10-08 01:17:05.488 UTC [723] LOG:  checkpoint complete: wrote 15 buffers (0.0%); 0 WAL file(s) added, 0 removed, 1 recycled; write=0.002 s, sync=0.003 s, total=0.008 s; sync files=15, longest=0.001 s, average=0.001 s; distance=10417 kB, estimate=763970 kB; lsn=0/A8786388, redo lsn=0/A8786350
2026-10-08 01:17:06.729 UTC [723] LOG:  checkpoint starting: immediate force wait
2026-10-08 01:17:06.738 UTC [723] LOG:  checkpoint complete: wrote 15 buffers (0.0%); 0 WAL file(s) added, 0 removed, 1 recycled; write=0.002 s, sync=0.003 s, total=0.009 s; sync files=15, longest=0.001 s, average=0.001 s; distance=14452 kB, estimate=689018 kB; lsn=0/A95A3668, redo lsn=0/A95A3630
2026-10-08 01:17:09.320 UTC [723] LOG:  checkpoint starting: immediate force wait
2026-10-08 01:17:09.330 UTC [723] LOG:  checkpoint complete: wrote 15 buffers (0.0%); 0 WAL file(s) added, 0 removed, 2 recycled; write=0.002 s, sync=0.003 s, total=0.010 s; sync files=15, longest=0.001 s, average=0.001 s; distance=31313 kB, estimate=623248 kB; lsn=0/AB437DB8, redo lsn=0/AB437D80
2026-10-08 01:17:15.860 UTC [723] LOG:  checkpoint starting: immediate force wait
2026-10-08 01:17:15.869 UTC [723] LOG:  checkpoint complete: wrote 15 buffers (0.0%); 0 WAL file(s) added, 0 removed, 5 recycled; write=0.002 s, sync=0.003 s, total=0.009 s; sync files=15, longest=0.001 s, average=0.001 s; distance=84818 kB, estimate=569405 kB; lsn=0/B070C888, redo lsn=0/B070C850
2026-10-08 01:17:17.274 UTC [723] LOG:  checkpoint starting: immediate force wait
2026-10-08 01:17:17.282 UTC [723] LOG:  checkpoint complete: wrote 15 buffers (0.0%); 0 WAL file(s) added, 0 removed, 0 recycled; write=0.002 s, sync=0.003 s, total=0.009 s; sync files=15, longest=0.001 s, average=0.001 s; distance=3922 kB, estimate=512857 kB; lsn=0/B0AE1330, redo lsn=0/B0AE12F8
2026-10-08 01:17:18.707 UTC [723] LOG:  checkpoint starting: immediate force wait
2026-10-08 01:17:18.717 UTC [723] LOG:  checkpoint complete: wrote 15 buffers (0.0%); 0 WAL file(s) added, 0 removed, 1 recycled; write=0.002 s, sync=0.003 s, total=0.010 s; sync files=15, longest=0.001 s, average=0.001 s; distance=14259 kB, estimate=462997 kB; lsn=0/B18CE068, redo lsn=0/B18CE030
2026-10-08 01:17:42.998 UTC [723] LOG:  checkpoint starting: immediate force wait
2026-10-08 01:17:43.954 UTC [723] LOG:  checkpoint complete: wrote 2066 buffers (3.2%); 0 WAL file(s) added, 0 removed, 53 recycled; write=0.021 s, sync=0.898 s, total=0.957 s; sync files=27, longest=0.877 s, average=0.034 s; distance=863457 kB, estimate=863457 kB; lsn=0/E6406628, redo lsn=0/E64065F0
2026-10-08 01:17:45.225 UTC [723] LOG:  checkpoint starting: immediate force wait
2026-10-08 01:17:45.233 UTC [723] LOG:  checkpoint complete: wrote 15 buffers (0.0%); 0 WAL file(s) added, 0 removed, 0 recycled; write=0.002 s, sync=0.003 s, total=0.008 s; sync files=15, longest=0.001 s, average=0.001 s; distance=1639 kB, estimate=777275 kB; lsn=0/E65A0228, redo lsn=0/E65A01F0
2026-10-08 01:17:46.455 UTC [723] LOG:  checkpoint starting: immediate force wait
2026-10-08 01:17:46.463 UTC [723] LOG:  checkpoint complete: wrote 15 buffers (0.0%); 0 WAL file(s) added, 0 removed, 0 recycled; write=0.002 s, sync=0.004 s, total=0.009 s; sync files=15, longest=0.001 s, average=0.001 s; distance=10425 kB, estimate=700590 kB; lsn=0/E6FCE680, redo lsn=0/E6FCE648
2026-10-08 01:17:47.763 UTC [723] LOG:  checkpoint starting: immediate force wait
2026-10-08 01:17:47.771 UTC [723] LOG:  checkpoint complete: wrote 15 buffers (0.0%); 0 WAL file(s) added, 0 removed, 1 recycled; write=0.002 s, sync=0.003 s, total=0.008 s; sync files=15, longest=0.001 s, average=0.001 s; distance=14460 kB, estimate=631977 kB; lsn=0/E7DED680, redo lsn=0/E7DED648
2026-10-08 01:17:50.519 UTC [723] LOG:  checkpoint starting: immediate force wait
2026-10-08 01:17:50.527 UTC [723] LOG:  checkpoint complete: wrote 15 buffers (0.0%); 0 WAL file(s) added, 0 removed, 2 recycled; write=0.003 s, sync=0.003 s, total=0.009 s; sync files=15, longest=0.001 s, average=0.001 s; distance=31321 kB, estimate=571911 kB; lsn=0/E9C83B08, redo lsn=0/E9C83AD0
2026-10-08 01:17:57.201 UTC [723] LOG:  checkpoint starting: immediate force wait
2026-10-08 01:17:57.213 UTC [723] LOG:  checkpoint complete: wrote 15 buffers (0.0%); 0 WAL file(s) added, 0 removed, 5 recycled; write=0.002 s, sync=0.004 s, total=0.012 s; sync files=15, longest=0.001 s, average=0.001 s; distance=84826 kB, estimate=523203 kB; lsn=0/EEF5A360, redo lsn=0/EEF5A328
2026-10-08 01:17:58.573 UTC [723] LOG:  checkpoint starting: immediate force wait
2026-10-08 01:17:58.580 UTC [723] LOG:  checkpoint complete: wrote 15 buffers (0.0%); 0 WAL file(s) added, 0 removed, 1 recycled; write=0.002 s, sync=0.003 s, total=0.008 s; sync files=15, longest=0.001 s, average=0.001 s; distance=3929 kB, estimate=471275 kB; lsn=0/EF330B50, redo lsn=0/EF330B18
2026-10-08 01:19:49.603 UTC [723] LOG:  checkpoint starting: immediate force wait
2026-10-08 01:19:50.538 UTC [723] LOG:  checkpoint complete: wrote 1 buffers (0.0%); 0 WAL file(s) added, 0 removed, 23 recycled; write=0.002 s, sync=0.919 s, total=0.936 s; sync files=23, longest=0.916 s, average=0.040 s; distance=385308 kB, estimate=462679 kB; lsn=1/6B77E30, redo lsn=1/6B77DF8
2026-10-08 01:19:52.470 UTC [723] LOG:  checkpoint starting: immediate force wait
2026-10-08 01:19:52.730 UTC [723] LOG:  checkpoint complete: wrote 18754 buffers (28.6%); 0 WAL file(s) added, 0 removed, 11 recycled; write=0.148 s, sync=0.105 s, total=0.261 s; sync files=10, longest=0.104 s, average=0.011 s; distance=181108 kB, estimate=434522 kB; lsn=1/11C54FB8, redo lsn=1/11C54F80
2026-10-08 01:19:55.077 UTC [723] LOG:  checkpoint starting: immediate force wait
2026-10-08 01:19:55.408 UTC [723] LOG:  checkpoint complete: wrote 21506 buffers (32.8%); 0 WAL file(s) added, 4 removed, 9 recycled; write=0.150 s, sync=0.121 s, total=0.331 s; sync files=11, longest=0.118 s, average=0.011 s; distance=206844 kB, estimate=411754 kB; lsn=1/1E654350, redo lsn=1/1E654318
2026-10-08 01:19:56.980 UTC [723] LOG:  checkpoint starting: immediate force wait
2026-10-08 01:19:57.934 UTC [723] LOG:  checkpoint complete: wrote 45756 buffers (69.8%); 0 WAL file(s) added, 0 removed, 22 recycled; write=0.582 s, sync=0.358 s, total=0.954 s; sync files=3, longest=0.281 s, average=0.120 s; distance=364946 kB, estimate=407073 kB; lsn=1/34AB8D18, redo lsn=1/34AB8CE0
2026-10-08 01:20:37.959 UTC [723] LOG:  checkpoint starting: immediate force wait
2026-10-08 01:20:38.861 UTC [723] LOG:  checkpoint complete: wrote 2068 buffers (3.2%); 0 WAL file(s) added, 0 removed, 82 recycled; write=0.022 s, sync=0.839 s, total=0.903 s; sync files=35, longest=0.821 s, average=0.024 s; distance=1342973 kB, estimate=1342973 kB; lsn=1/86A383E0, redo lsn=1/86A383A8
2026-10-08 01:20:41.346 UTC [723] LOG:  checkpoint starting: immediate force wait
2026-10-08 01:20:41.352 UTC [723] LOG:  checkpoint complete: wrote 14 buffers (0.0%); 0 WAL file(s) added, 0 removed, 2 recycled; write=0.002 s, sync=0.002 s, total=0.007 s; sync files=15, longest=0.001 s, average=0.001 s; distance=30828 kB, estimate=1211759 kB; lsn=1/888534A8, redo lsn=1/88853470
2026-10-08 01:20:44.142 UTC [723] LOG:  checkpoint starting: immediate force wait
2026-10-08 01:20:44.149 UTC [723] LOG:  checkpoint complete: wrote 14 buffers (0.0%); 0 WAL file(s) added, 0 removed, 2 recycled; write=0.002 s, sync=0.003 s, total=0.008 s; sync files=15, longest=0.001 s, average=0.001 s; distance=30829 kB, estimate=1093666 kB; lsn=1/8A66E8F0, redo lsn=1/8A66E8B8
2026-10-08 01:20:46.664 UTC [723] LOG:  checkpoint starting: immediate force wait
2026-10-08 01:20:46.671 UTC [723] LOG:  checkpoint complete: wrote 14 buffers (0.0%); 0 WAL file(s) added, 0 removed, 2 recycled; write=0.002 s, sync=0.003 s, total=0.008 s; sync files=15, longest=0.001 s, average=0.001 s; distance=30833 kB, estimate=987382 kB; lsn=1/8C48AD00, redo lsn=1/8C48ACC8
2026-10-08 01:20:48.897 UTC [723] LOG:  checkpoint starting: immediate force wait
2026-10-08 01:20:48.905 UTC [723] LOG:  checkpoint complete: wrote 14 buffers (0.0%); 0 WAL file(s) added, 0 removed, 2 recycled; write=0.002 s, sync=0.003 s, total=0.008 s; sync files=15, longest=0.001 s, average=0.001 s; distance=30983 kB, estimate=891742 kB; lsn=1/8E2CCC20, redo lsn=1/8E2CCBE8
2026-10-08 01:20:51.409 UTC [723] LOG:  checkpoint starting: immediate force wait
2026-10-08 01:20:51.418 UTC [723] LOG:  checkpoint complete: wrote 16 buffers (0.0%); 0 WAL file(s) added, 0 removed, 3 recycled; write=0.002 s, sync=0.003 s, total=0.009 s; sync files=15, longest=0.001 s, average=0.001 s; distance=52543 kB, estimate=807822 kB; lsn=1/9161C8A8, redo lsn=1/9161C870
2026-10-08 01:20:53.242 UTC [723] LOG:  checkpoint starting: immediate force wait
2026-10-08 01:20:53.251 UTC [723] LOG:  checkpoint complete: wrote 14 buffers (0.0%); 0 WAL file(s) added, 0 removed, 2 recycled; write=0.002 s, sync=0.004 s, total=0.009 s; sync files=15, longest=0.001 s, average=0.001 s; distance=30834 kB, estimate=730124 kB; lsn=1/93439230, redo lsn=1/934391F8
2026-10-08 01:22:04.517 UTC [723] LOG:  checkpoint starting: immediate force wait
2026-10-08 01:22:05.342 UTC [723] LOG:  checkpoint complete: wrote 1 buffers (0.0%); 0 WAL file(s) added, 0 removed, 24 recycled; write=0.003 s, sync=0.780 s, total=0.826 s; sync files=22, longest=0.775 s, average=0.036 s; distance=401870 kB, estimate=697298 kB; lsn=1/ABCACC48, redo lsn=1/ABCACC10
2026-10-08 01:22:06.677 UTC [723] LOG:  checkpoint starting: immediate force wait
2026-10-08 01:22:06.876 UTC [723] LOG:  checkpoint complete: wrote 14128 buffers (21.6%); 0 WAL file(s) added, 0 removed, 8 recycled; write=0.104 s, sync=0.089 s, total=0.200 s; sync files=10, longest=0.078 s, average=0.009 s; distance=122431 kB, estimate=639811 kB; lsn=1/B343C9D0, redo lsn=1/B343C998
2026-10-08 01:22:09.112 UTC [723] LOG:  checkpoint starting: immediate force wait
2026-10-08 01:22:09.457 UTC [723] LOG:  checkpoint complete: wrote 16209 buffers (24.7%); 0 WAL file(s) added, 6 removed, 2 recycled; write=0.119 s, sync=0.096 s, total=0.345 s; sync files=11, longest=0.094 s, average=0.009 s; distance=134885 kB, estimate=589319 kB; lsn=1/BB7F5F88, redo lsn=1/BB7F5F50
2026-10-08 01:22:10.902 UTC [723] LOG:  checkpoint starting: immediate force wait
2026-10-08 01:22:11.833 UTC [723] LOG:  checkpoint complete: wrote 48782 buffers (74.4%); 0 WAL file(s) added, 2 removed, 20 recycled; write=0.597 s, sync=0.300 s, total=0.932 s; sync files=3, longest=0.299 s, average=0.100 s; distance=364946 kB, estimate=566882 kB; lsn=1/D1C5A968, redo lsn=1/D1C5A930
2026-10-08 01:22:42.481 UTC [723] LOG:  checkpoint starting: immediate force wait
2026-10-08 01:22:43.349 UTC [723] LOG:  checkpoint complete: wrote 2067 buffers (3.2%); 0 WAL file(s) added, 0 removed, 87 recycled; write=0.017 s, sync=0.808 s, total=0.869 s; sync files=35, longest=0.789 s, average=0.024 s; distance=1419802 kB, estimate=1419802 kB; lsn=2/286E14B8, redo lsn=2/286E1480
2026-10-08 01:22:44.763 UTC [723] LOG:  checkpoint starting: immediate force wait
2026-10-08 01:22:44.785 UTC [723] LOG:  checkpoint complete: wrote 693 buffers (1.1%); 0 WAL file(s) added, 0 removed, 0 recycled; write=0.008 s, sync=0.009 s, total=0.023 s; sync files=15, longest=0.007 s, average=0.001 s; distance=5348 kB, estimate=1278357 kB; lsn=2/28C1A550, redo lsn=2/28C1A518
2026-10-08 01:22:46.487 UTC [723] LOG:  checkpoint starting: immediate force wait
2026-10-08 01:22:46.514 UTC [723] LOG:  checkpoint complete: wrote 917 buffers (1.4%); 0 WAL file(s) added, 0 removed, 1 recycled; write=0.010 s, sync=0.014 s, total=0.028 s; sync files=15, longest=0.011 s, average=0.001 s; distance=6963 kB, estimate=1151217 kB; lsn=2/292E73C0, redo lsn=2/292E7388
2026-10-08 01:22:48.403 UTC [723] LOG:  checkpoint starting: immediate force wait
2026-10-08 01:22:48.430 UTC [723] LOG:  checkpoint complete: wrote 1617 buffers (2.5%); 0 WAL file(s) added, 0 removed, 0 recycled; write=0.010 s, sync=0.015 s, total=0.028 s; sync files=15, longest=0.013 s, average=0.001 s; distance=10248 kB, estimate=1037121 kB; lsn=2/29CE95A8, redo lsn=2/29CE9570
2026-10-08 01:22:52.407 UTC [723] LOG:  checkpoint starting: immediate force wait
2026-10-08 01:22:52.453 UTC [723] LOG:  checkpoint complete: wrote 3379 buffers (5.2%); 0 WAL file(s) added, 0 removed, 1 recycled; write=0.021 s, sync=0.021 s, total=0.046 s; sync files=15, longest=0.019 s, average=0.002 s; distance=15777 kB, estimate=934986 kB; lsn=2/2AC51BF8, redo lsn=2/2AC51BC0
2026-10-08 01:23:05.489 UTC [723] LOG:  checkpoint starting: immediate force wait
2026-10-08 01:23:05.619 UTC [723] LOG:  checkpoint complete: wrote 11198 buffers (17.1%); 0 WAL file(s) added, 0 removed, 3 recycled; write=0.066 s, sync=0.060 s, total=0.131 s; sync files=15, longest=0.055 s, average=0.004 s; distance=45673 kB, estimate=846055 kB; lsn=2/2D8EC018, redo lsn=2/2D8EBFC8
2026-10-08 01:23:07.396 UTC [723] LOG:  checkpoint starting: immediate force wait
2026-10-08 01:23:07.414 UTC [723] LOG:  checkpoint complete: wrote 896 buffers (1.4%); 0 WAL file(s) added, 0 removed, 0 recycled; write=0.008 s, sync=0.009 s, total=0.019 s; sync files=15, longest=0.006 s, average=0.001 s; distance=6243 kB, estimate=762074 kB; lsn=2/2DF04C20, redo lsn=2/2DF04BE8
2026-10-08 01:25:11.501 UTC [723] LOG:  checkpoint starting: immediate force wait
2026-10-08 01:25:12.547 UTC [723] LOG:  checkpoint complete: wrote 1 buffers (0.0%); 0 WAL file(s) added, 0 removed, 24 recycled; write=0.002 s, sync=1.031 s, total=1.046 s; sync files=23, longest=1.027 s, average=0.045 s; distance=381049 kB, estimate=723971 kB; lsn=2/453231A0, redo lsn=2/45323168
2026-10-08 01:25:13.148 UTC [723] LOG:  checkpoint starting: immediate force wait
2026-10-08 01:25:13.221 UTC [723] LOG:  checkpoint complete: wrote 1840 buffers (2.8%); 0 WAL file(s) added, 3 removed, 1 recycled; write=0.014 s, sync=0.014 s, total=0.073 s; sync files=10, longest=0.013 s, average=0.002 s; distance=62816 kB, estimate=657856 kB; lsn=2/4907B4A8, redo lsn=2/4907B470
2026-10-08 01:25:14.262 UTC [723] LOG:  checkpoint starting: immediate force wait
2026-10-08 01:25:14.373 UTC [723] LOG:  checkpoint complete: wrote 3659 buffers (5.6%); 0 WAL file(s) added, 4 removed, 0 recycled; write=0.029 s, sync=0.028 s, total=0.111 s; sync files=11, longest=0.025 s, average=0.003 s; distance=72791 kB, estimate=599349 kB; lsn=2/4D791260, redo lsn=2/4D791228
2026-10-08 01:25:15.935 UTC [723] LOG:  checkpoint starting: immediate force wait
2026-10-08 01:25:17.029 UTC [723] LOG:  checkpoint complete: wrote 51280 buffers (78.2%); 0 WAL file(s) added, 5 removed, 17 recycled; write=0.877 s, sync=0.148 s, total=1.095 s; sync files=3, longest=0.147 s, average=0.050 s; distance=364946 kB, estimate=575909 kB; lsn=2/63BF5C60, redo lsn=2/63BF5BF0
2026-10-08 01:25:36.821 UTC [723] LOG:  checkpoint starting: immediate force wait
2026-10-08 01:25:36.945 UTC [723] LOG:  checkpoint complete: wrote 2061 buffers (3.1%); 0 WAL file(s) added, 0 removed, 38 recycled; write=0.017 s, sync=0.083 s, total=0.125 s; sync files=37, longest=0.061 s, average=0.003 s; distance=613938 kB, estimate=613938 kB; lsn=2/89382700, redo lsn=2/893826C8
2026-10-08 01:25:37.236 UTC [723] LOG:  checkpoint starting: immediate force wait
2026-10-08 01:25:37.246 UTC [723] LOG:  checkpoint complete: wrote 279 buffers (0.4%); 0 WAL file(s) added, 0 removed, 0 recycled; write=0.004 s, sync=0.005 s, total=0.011 s; sync files=15, longest=0.003 s, average=0.001 s; distance=1395 kB, estimate=552684 kB; lsn=2/894DF380, redo lsn=2/894DF348
2026-10-08 01:25:41.170 UTC [723] LOG:  checkpoint starting: immediate force wait
2026-10-08 01:25:41.337 UTC [723] LOG:  checkpoint complete: wrote 2057 buffers (3.1%); 0 WAL file(s) added, 3 removed, 0 recycled; write=0.022 s, sync=0.097 s, total=0.168 s; sync files=28, longest=0.061 s, average=0.004 s; distance=56139 kB, estimate=503029 kB; lsn=2/8CBB2268, redo lsn=2/8CBB2230
2026-10-08 01:25:41.540 UTC [723] LOG:  checkpoint starting: immediate force wait
2026-10-08 01:25:41.548 UTC [723] LOG:  checkpoint complete: wrote 16 buffers (0.0%); 0 WAL file(s) added, 0 removed, 0 recycled; write=0.003 s, sync=0.004 s, total=0.009 s; sync files=16, longest=0.001 s, average=0.001 s; distance=2270 kB, estimate=452953 kB; lsn=2/8CDE9AD0, redo lsn=2/8CDE9A98
2026-10-08 01:25:44.325 UTC [722] LOG:  received fast shutdown request
2026-10-08 01:25:44.326 UTC [722] LOG:  aborting any active transactions
2026-10-08 01:25:44.329 UTC [722] LOG:  background worker "logical replication launcher" (PID 727) exited with exit code 1
2026-10-08 01:25:44.345 UTC [723] LOG:  shutting down
2026-10-08 01:25:44.345 UTC [723] LOG:  checkpoint starting: shutdown immediate
2026-10-08 01:25:44.368 UTC [723] LOG:  checkpoint complete: wrote 21 buffers (0.0%); 0 WAL file(s) added, 1 removed, 0 recycled; write=0.002 s, sync=0.003 s, total=0.024 s; sync files=20, longest=0.001 s, average=0.001 s; distance=9672 kB, estimate=408625 kB; lsn=2/8D75BC20, redo lsn=2/8D75BC20
2026-10-08 01:25:44.438 UTC [722] LOG:  database system is shut down
