### p_c2_roaring_bitmap  [-c enable_seqscan=off -c roaring_index.enable_count_pushdown=off]
                                     QUERY PLAN                                     
------------------------------------------------------------------------------------
 Aggregate (actual rows=1.00 loops=1)
   Buffers: shared hit=230825
   ->  Bitmap Heap Scan on fact (actual rows=10002270.00 loops=1)
         Recheck Cond: (c2 = 1)
         Heap Blocks: exact=227273
         Buffers: shared hit=230825
         ->  Bitmap Index Scan on fact_c2_roaring (actual rows=10002270.00 loops=1)
               Index Cond: (c2 = 1)
               Index Searches: 1
               Buffers: shared hit=3552
 Planning:
   Buffers: shared hit=304 read=6 dirtied=3
   I/O Timings: shared read=0.591
 Planning Time: 2.307 ms
 Execution Time: 1325.371 ms
(15 rows)

### p_c200_roaring_bitmap  [-c enable_seqscan=off -c roaring_index.enable_count_pushdown=off]
                                     QUERY PLAN                                     
------------------------------------------------------------------------------------
 Aggregate (actual rows=1.00 loops=1)
   Buffers: shared hit=81431
   ->  Bitmap Heap Scan on fact (actual rows=100382.00 loops=1)
         Recheck Cond: (c200 = 17)
         Heap Blocks: exact=81398
         Buffers: shared hit=81431
         ->  Bitmap Index Scan on fact_c200_roaring (actual rows=100382.00 loops=1)
               Index Cond: (c200 = 17)
               Index Searches: 1
               Buffers: shared hit=33
 Planning:
   Buffers: shared hit=308
 Planning Time: 1.587 ms
 Execution Time: 183.874 ms
(14 rows)

### p_c200_clustered_roaring_bitmap  [-c enable_seqscan=off -c roaring_index.enable_count_pushdown=off]
                                          QUERY PLAN                                          
----------------------------------------------------------------------------------------------
 Aggregate (actual rows=1.00 loops=1)
   Buffers: shared hit=1139
   ->  Bitmap Heap Scan on fact (actual rows=100000.00 loops=1)
         Recheck Cond: (c200_clustered = 17)
         Heap Blocks: exact=1137
         Buffers: shared hit=1139
         ->  Bitmap Index Scan on fact_c200_clustered_roaring (actual rows=100000.00 loops=1)
               Index Cond: (c200_clustered = 17)
               Index Searches: 1
               Buffers: shared hit=2
 Planning:
   Buffers: shared hit=308
 Planning Time: 1.188 ms
 Execution Time: 9.392 ms
(14 rows)

### p_c20k_roaring_bitmap  [-c enable_seqscan=off -c roaring_index.enable_count_pushdown=off]
                                    QUERY PLAN                                    
----------------------------------------------------------------------------------
 Aggregate (actual rows=1.00 loops=1)
   Buffers: shared hit=1028
   ->  Bitmap Heap Scan on fact (actual rows=1025.00 loops=1)
         Recheck Cond: (c20k = 123)
         Heap Blocks: exact=1024
         Buffers: shared hit=1028
         ->  Bitmap Index Scan on fact_c20k_roaring (actual rows=1025.00 loops=1)
               Index Cond: (c20k = 123)
               Index Searches: 1
               Buffers: shared hit=4
 Planning:
   Buffers: shared hit=308
 Planning Time: 1.082 ms
 Execution Time: 7.669 ms
(14 rows)

### p_c1m_roaring_bitmap  [-c enable_seqscan=off -c roaring_index.enable_count_pushdown=off]
                                  QUERY PLAN                                   
-------------------------------------------------------------------------------
 Aggregate (actual rows=1.00 loops=1)
   Buffers: shared hit=21
   ->  Bitmap Heap Scan on fact (actual rows=20.00 loops=1)
         Recheck Cond: (c1m = 12345)
         Heap Blocks: exact=20
         Buffers: shared hit=21
         ->  Bitmap Index Scan on fact_c1m_roaring (actual rows=20.00 loops=1)
               Index Cond: (c1m = 12345)
               Index Searches: 1
               Buffers: shared hit=1
 Planning:
   Buffers: shared hit=305
 Planning Time: 1.399 ms
 Execution Time: 0.713 ms
(14 rows)

### and3_roaring  [-c enable_seqscan=off -c roaring_index.enable_count_pushdown=off]
                                        QUERY PLAN                                        
------------------------------------------------------------------------------------------
 Aggregate (actual rows=1.00 loops=1)
   Buffers: shared hit=10451
   ->  Bitmap Heap Scan on fact (actual rows=5044.00 loops=1)
         Recheck Cond: ((c200 = 17) AND (c10 = 3))
         Filter: (c2 = 1)
         Rows Removed by Filter: 5059
         Heap Blocks: exact=9903
         Buffers: shared hit=10451
         ->  BitmapAnd (actual rows=0.00 loops=1)
               Buffers: shared hit=548
               ->  Bitmap Index Scan on fact_c200_roaring (actual rows=100382.00 loops=1)
                     Index Cond: (c200 = 17)
                     Index Searches: 1
                     Buffers: shared hit=33
               ->  Bitmap Index Scan on fact_c10_roaring (actual rows=1999592.00 loops=1)
                     Index Cond: (c10 = 3)
                     Index Searches: 1
                     Buffers: shared hit=515
 Planning:
   Buffers: shared hit=314
 Planning Time: 1.280 ms
 Execution Time: 124.082 ms
(22 rows)

### range_c20k_roaring_bitmap  [-c enable_seqscan=off -c roaring_index.enable_count_pushdown=off]
                      QUERY PLAN                       
-------------------------------------------------------
 Aggregate (actual rows=1.00 loops=1)
   Buffers: shared hit=227328
   ->  Seq Scan on fact (actual rows=99676.00 loops=1)
         Disabled: true
         Filter: ((c20k >= 100) AND (c20k <= 199))
         Rows Removed by Filter: 19900324
         Buffers: shared hit=227328
 Planning:
   Buffers: shared hit=310 read=1
   I/O Timings: shared read=0.016
 Planning Time: 1.073 ms
 Execution Time: 1073.280 ms
(12 rows)

### fetch_c200_roaring  [-c enable_seqscan=off -c roaring_index.enable_count_pushdown=off]
                                     QUERY PLAN                                     
------------------------------------------------------------------------------------
 Aggregate (actual rows=1.00 loops=1)
   Buffers: shared hit=81431
   ->  Bitmap Heap Scan on fact (actual rows=100382.00 loops=1)
         Recheck Cond: (c200 = 17)
         Heap Blocks: exact=81398
         Buffers: shared hit=81431
         ->  Bitmap Index Scan on fact_c200_roaring (actual rows=100382.00 loops=1)
               Index Cond: (c200 = 17)
               Index Searches: 1
               Buffers: shared hit=33
 Planning:
   Buffers: shared hit=307 read=1
   I/O Timings: shared read=0.235
 Planning Time: 1.261 ms
 Execution Time: 179.639 ms
(15 rows)

### p_c2_pushdown  [-c roaring_index.enable_count_pushdown=on]
                      QUERY PLAN                       
-------------------------------------------------------
 Custom Scan (RoaringCount) (actual rows=1.00 loops=1)
   Roaring Indexes: fact_c2_roaring (c2 = 1)
   Heap Blocks Skipped via VM: 227035
   Heap TIDs Rechecked: 10402
   Heap Blocks Rechecked: 238
   Containers Visited: 3552
   Buffers: shared hit=3791 read=7
   I/O Timings: shared read=0.362
 Planning:
   Buffers: shared hit=316
 Planning Time: 0.976 ms
 Execution Time: 8.209 ms
(12 rows)

### p_c200_pushdown  [-c roaring_index.enable_count_pushdown=on]
                      QUERY PLAN                       
-------------------------------------------------------
 Custom Scan (RoaringCount) (actual rows=1.00 loops=1)
   Roaring Indexes: fact_c200_roaring (c200 = 17)
   Heap Blocks Skipped via VM: 81327
   Heap TIDs Rechecked: 86
   Heap Blocks Rechecked: 71
   Containers Visited: 3552
   Buffers: shared hit=112
 Planning:
   Buffers: shared hit=316
 Planning Time: 1.103 ms
 Execution Time: 0.647 ms
(11 rows)

### p_c200_clustered_pushdown  [-c roaring_index.enable_count_pushdown=on]
                              QUERY PLAN                              
----------------------------------------------------------------------
 Custom Scan (RoaringCount) (actual rows=1.00 loops=1)
   Roaring Indexes: fact_c200_clustered_roaring (c200_clustered = 17)
   Heap Blocks Skipped via VM: 1137
   Heap TIDs Rechecked: 0
   Heap Blocks Rechecked: 0
   Containers Visited: 19
   Buffers: shared hit=4
 Planning:
   Buffers: shared hit=316
 Planning Time: 0.938 ms
 Execution Time: 0.098 ms
(11 rows)

### p_c20k_pushdown  [-c roaring_index.enable_count_pushdown=on]
                      QUERY PLAN                       
-------------------------------------------------------
 Custom Scan (RoaringCount) (actual rows=1.00 loops=1)
   Roaring Indexes: fact_c20k_roaring (c20k = 123)
   Heap Blocks Skipped via VM: 1021
   Heap TIDs Rechecked: 3
   Heap Blocks Rechecked: 3
   Containers Visited: 891
   Buffers: shared hit=15
 Planning:
   Buffers: shared hit=316
 Planning Time: 1.107 ms
 Execution Time: 0.204 ms
(11 rows)

### p_c1m_pushdown  [-c roaring_index.enable_count_pushdown=on]
                      QUERY PLAN                       
-------------------------------------------------------
 Custom Scan (RoaringCount) (actual rows=1.00 loops=1)
   Roaring Indexes: fact_c1m_roaring (c1m = 12345)
   Heap Blocks Skipped via VM: 20
   Heap TIDs Rechecked: 0
   Heap Blocks Rechecked: 0
   Containers Visited: 20
   Buffers: shared hit=12
 Planning:
   Buffers: shared hit=313
 Planning Time: 1.005 ms
 Execution Time: 0.124 ms
(11 rows)

### and3_pushdown  [-c roaring_index.enable_count_pushdown=on]
                                               QUERY PLAN                                               
--------------------------------------------------------------------------------------------------------
 Custom Scan (RoaringCount) (actual rows=1.00 loops=1)
   Roaring Indexes: fact_c10_roaring (c10 = 3), fact_c200_roaring (c200 = 17), fact_c2_roaring (c2 = 1)
   Heap Blocks Skipped via VM: 4985
   Heap TIDs Rechecked: 5
   Heap Blocks Rechecked: 5
   Containers Visited: 10656
   Buffers: shared hit=4115
 Planning:
   Buffers: shared hit=322
 Planning Time: 0.993 ms
 Execution Time: 9.210 ms
(11 rows)

### grp_c200_pushdown  [-c roaring_index.enable_count_pushdown=on]
                       QUERY PLAN                        
---------------------------------------------------------
 Custom Scan (RoaringCount) (actual rows=200.00 loops=1)
   Roaring Indexes: fact_c200_roaring (c200)
   Group Key: c200
   Heap Blocks Skipped via VM: 16193256
   Heap TIDs Rechecked: 20944
   Heap Blocks Rechecked: 16951
   Containers Visited: 710399
   Buffers: shared hit=25022
 Planning:
   Buffers: shared hit=312 read=3
   I/O Timings: shared read=0.456
 Planning Time: 1.510 ms
 Execution Time: 76.943 ms
(13 rows)

### grp_c2_pushdown  [-c roaring_index.enable_count_pushdown=on]
                      QUERY PLAN                       
-------------------------------------------------------
 Custom Scan (RoaringCount) (actual rows=2.00 loops=1)
   Roaring Indexes: fact_c2_roaring (c2)
   Group Key: c2
   Heap Blocks Skipped via VM: 454070
   Heap TIDs Rechecked: 20944
   Heap Blocks Rechecked: 476
   Containers Visited: 7104
   Buffers: shared hit=7666
 Planning:
   Buffers: shared hit=315
 Planning Time: 1.008 ms
 Execution Time: 20.358 ms
(12 rows)

