2026-09-22 11:46:53.952 PDT [1196745] LOG:  starting PostgreSQL 20devel on x86_64-pc-linux-gnu, compiled by gcc (Ubuntu 13.3.0-6ubuntu2~24.04.1) 13.3.0, 64-bit
2026-09-22 11:46:53.956 PDT [1196745] LOG:  listening on Unix socket "/tmp/lion-comparison-v8pu9hqj/socket/.s.PGSQL.55449"
2026-09-22 11:46:53.968 PDT [1196750] LOG:  database system was shut down at 2026-09-22 11:46:53 PDT
2026-09-22 11:46:53.973 PDT [1196745] LOG:  database system is ready to accept connections
2026-09-22 11:46:56.419 PDT [1196748] LOG:  checkpoint starting: fast force wait
2026-09-22 11:46:56.618 PDT [1196748] LOG:  checkpoint complete: fast force wait: wrote 2194 buffers (3.3%), wrote 3 SLRU buffers; 0 WAL file(s) added, 0 removed, 10 recycled; write=0.037 s, sync=0.107 s, total=0.200 s; sync files=76, longest=0.049 s, average=0.002 s; distance=162539 kB, estimate=162539 kB; lsn=0/0B5ADDA8, redo lsn=0/0B5ADD48
2026-09-22 11:46:56.715 PDT [1196748] LOG:  checkpoint starting: fast force wait
2026-09-22 11:46:56.755 PDT [1196748] LOG:  checkpoint complete: fast force wait: wrote 162 buffers (0.2%), wrote 1 SLRU buffers; 0 WAL file(s) added, 0 removed, 0 recycled; write=0.007 s, sync=0.020 s, total=0.040 s; sync files=18, longest=0.006 s, average=0.002 s; distance=1183 kB, estimate=146403 kB; lsn=0/0B6D59C8, redo lsn=0/0B6D5968
2026-09-22 11:46:56.864 PDT [1196748] LOG:  checkpoint starting: fast force wait
2026-09-22 11:46:56.899 PDT [1196748] LOG:  checkpoint complete: fast force wait: wrote 218 buffers (0.3%), wrote 1 SLRU buffers; 0 WAL file(s) added, 0 removed, 0 recycled; write=0.007 s, sync=0.016 s, total=0.036 s; sync files=17, longest=0.006 s, average=0.001 s; distance=1461 kB, estimate=131909 kB; lsn=0/0B842E90, redo lsn=0/0B842E30
2026-09-22 11:46:57.040 PDT [1196748] LOG:  checkpoint starting: fast force wait
2026-09-22 11:46:57.080 PDT [1196748] LOG:  checkpoint complete: fast force wait: wrote 618 buffers (0.9%), wrote 1 SLRU buffers; 0 WAL file(s) added, 0 removed, 0 recycled; write=0.009 s, sync=0.018 s, total=0.040 s; sync files=17, longest=0.005 s, average=0.002 s; distance=2126 kB, estimate=118931 kB; lsn=0/0BA56960, redo lsn=0/0BA56900
2026-09-22 11:46:57.328 PDT [1196748] LOG:  checkpoint starting: fast force wait
2026-09-22 11:46:57.373 PDT [1196748] LOG:  checkpoint complete: fast force wait: wrote 878 buffers (1.3%), wrote 1 SLRU buffers; 0 WAL file(s) added, 0 removed, 0 recycled; write=0.014 s, sync=0.018 s, total=0.046 s; sync files=17, longest=0.005 s, average=0.002 s; distance=3678 kB, estimate=107405 kB; lsn=0/0BDEE178, redo lsn=0/0BDEE118
2026-09-22 11:47:02.641 PDT [1196748] LOG:  checkpoint starting: fast force wait
2026-09-22 11:47:02.814 PDT [1196748] LOG:  checkpoint complete: fast force wait: wrote 10647 buffers (16.2%), wrote 1 SLRU buffers; 0 WAL file(s) added, 0 removed, 5 recycled; write=0.117 s, sync=0.024 s, total=0.173 s; sync files=24, longest=0.006 s, average=0.001 s; distance=76518 kB, estimate=104317 kB; lsn=0/108A7CE8, redo lsn=0/108A7C88
2026-09-22 11:47:02.884 PDT [1196748] LOG:  checkpoint starting: fast force wait
2026-09-22 11:47:02.920 PDT [1196748] LOG:  checkpoint complete: fast force wait: wrote 328 buffers (0.5%), wrote 1 SLRU buffers; 0 WAL file(s) added, 0 removed, 1 recycled; write=0.006 s, sync=0.014 s, total=0.036 s; sync files=8, longest=0.006 s, average=0.002 s; distance=9455 kB, estimate=94831 kB; lsn=0/111E3B00, redo lsn=0/111E3AA0
2026-09-22 11:47:03.030 PDT [1196748] LOG:  checkpoint starting: fast force wait
2026-09-22 11:47:03.064 PDT [1196748] LOG:  checkpoint complete: fast force wait: wrote 695 buffers (1.1%), wrote 1 SLRU buffers; 0 WAL file(s) added, 0 removed, 0 recycled; write=0.009 s, sync=0.014 s, total=0.035 s; sync files=9, longest=0.005 s, average=0.002 s; distance=12848 kB, estimate=86632 kB; lsn=0/11E6FE28, redo lsn=0/11E6FDC8
2026-09-22 11:47:03.216 PDT [1196748] LOG:  checkpoint starting: fast force wait
2026-09-22 11:47:03.269 PDT [1196748] LOG:  checkpoint complete: fast force wait: wrote 2553 buffers (3.9%), wrote 1 SLRU buffers; 0 WAL file(s) added, 0 removed, 1 recycled; write=0.018 s, sync=0.020 s, total=0.054 s; sync files=20, longest=0.005 s, average=0.001 s; distance=15186 kB, estimate=79488 kB; lsn=0/12D44718, redo lsn=0/12D446B8
2026-09-22 11:47:03.406 PDT [1196748] LOG:  checkpoint starting: fast force wait
2026-09-22 11:47:03.572 PDT [1196748] LOG:  checkpoint complete: fast force wait: wrote 10101 buffers (15.4%), wrote 1 SLRU buffers; 0 WAL file(s) added, 0 removed, 5 recycled; write=0.112 s, sync=0.023 s, total=0.167 s; sync files=3, longest=0.021 s, average=0.008 s; distance=72880 kB, estimate=78827 kB; lsn=0/17470968, redo lsn=0/17470908
2026-09-22 11:47:03.871 PDT [1196748] LOG:  checkpoint starting: fast force wait
2026-09-22 11:47:04.044 PDT [1196748] LOG:  checkpoint complete: fast force wait: wrote 12291 buffers (18.8%), wrote 1 SLRU buffers; 0 WAL file(s) added, 0 removed, 5 recycled; write=0.119 s, sync=0.022 s, total=0.174 s; sync files=14, longest=0.009 s, average=0.002 s; distance=84523 kB, estimate=84523 kB; lsn=0/1C6FB938, redo lsn=0/1C6FB8D8
2026-09-22 11:47:06.723 PDT [1196748] LOG:  checkpoint starting: fast force wait
2026-09-22 11:47:06.872 PDT [1196748] LOG:  checkpoint complete: fast force wait: wrote 2054 buffers (3.1%), wrote 1 SLRU buffers; 0 WAL file(s) added, 0 removed, 11 recycled; write=0.021 s, sync=0.073 s, total=0.150 s; sync files=26, longest=0.047 s, average=0.003 s; distance=179137 kB, estimate=179137 kB; lsn=0/275EC130, redo lsn=0/275EC0D0
2026-09-22 11:47:07.374 PDT [1196748] LOG:  checkpoint starting: fast force wait
2026-09-22 11:47:07.410 PDT [1196748] LOG:  checkpoint complete: fast force wait: wrote 17 buffers (0.0%), wrote 1 SLRU buffers; 0 WAL file(s) added, 0 removed, 0 recycled; write=0.005 s, sync=0.018 s, total=0.036 s; sync files=17, longest=0.006 s, average=0.002 s; distance=2085 kB, estimate=161432 kB; lsn=0/277F56C8, redo lsn=0/277F5668
2026-09-22 11:47:08.014 PDT [1196748] LOG:  checkpoint starting: fast force wait
2026-09-22 11:47:08.050 PDT [1196748] LOG:  checkpoint complete: fast force wait: wrote 14 buffers (0.0%), wrote 1 SLRU buffers; 0 WAL file(s) added, 0 removed, 0 recycled; write=0.005 s, sync=0.018 s, total=0.036 s; sync files=15, longest=0.006 s, average=0.002 s; distance=2148 kB, estimate=145504 kB; lsn=0/27A0E910, redo lsn=0/27A0E8B0
2026-09-22 11:47:08.650 PDT [1196748] LOG:  checkpoint starting: fast force wait
2026-09-22 11:47:08.690 PDT [1196748] LOG:  checkpoint complete: fast force wait: wrote 16 buffers (0.0%), wrote 1 SLRU buffers; 0 WAL file(s) added, 0 removed, 0 recycled; write=0.005 s, sync=0.021 s, total=0.040 s; sync files=15, longest=0.009 s, average=0.002 s; distance=2975 kB, estimate=131251 kB; lsn=0/27CF6758, redo lsn=0/27CF66F8
2026-09-22 11:47:09.218 PDT [1196748] LOG:  checkpoint starting: fast force wait
2026-09-22 11:47:09.265 PDT [1196748] LOG:  checkpoint complete: fast force wait: wrote 14 buffers (0.0%), wrote 1 SLRU buffers; 0 WAL file(s) added, 0 removed, 1 recycled; write=0.005 s, sync=0.023 s, total=0.047 s; sync files=15, longest=0.010 s, average=0.002 s; distance=7181 kB, estimate=118844 kB; lsn=0/283F9B90, redo lsn=0/283F9B30
2026-09-22 11:47:14.900 PDT [1196748] LOG:  checkpoint starting: fast force wait
2026-09-22 11:47:15.074 PDT [1196748] LOG:  checkpoint complete: fast force wait: wrote 10021 buffers (15.3%), wrote 1 SLRU buffers; 0 WAL file(s) added, 0 removed, 4 recycled; write=0.105 s, sync=0.040 s, total=0.174 s; sync files=22, longest=0.019 s, average=0.002 s; distance=77377 kB, estimate=114697 kB; lsn=0/2CF8A388, redo lsn=0/2CF8A328
2026-09-22 11:47:15.429 PDT [1196748] LOG:  checkpoint starting: fast force wait
2026-09-22 11:47:15.479 PDT [1196748] LOG:  checkpoint complete: fast force wait: wrote 1630 buffers (2.5%), wrote 1 SLRU buffers; 0 WAL file(s) added, 0 removed, 3 recycled; write=0.016 s, sync=0.010 s, total=0.051 s; sync files=8, longest=0.005 s, average=0.002 s; distance=40106 kB, estimate=107238 kB; lsn=0/2F6B4E78, redo lsn=0/2F6B4E18
2026-09-22 11:47:15.924 PDT [1196748] LOG:  checkpoint starting: fast force wait
2026-09-22 11:47:15.986 PDT [1196748] LOG:  checkpoint complete: fast force wait: wrote 2737 buffers (4.2%), wrote 1 SLRU buffers; 0 WAL file(s) added, 0 removed, 3 recycled; write=0.022 s, sync=0.015 s, total=0.062 s; sync files=9, longest=0.006 s, average=0.002 s; distance=54134 kB, estimate=101928 kB; lsn=0/32B929C0, redo lsn=0/32B92960
2026-09-22 11:47:16.097 PDT [1196748] LOG:  checkpoint starting: fast force wait
2026-09-22 11:47:16.126 PDT [1196748] LOG:  checkpoint complete: fast force wait: wrote 567 buffers (0.9%), wrote 1 SLRU buffers; 0 WAL file(s) added, 0 removed, 0 recycled; write=0.007 s, sync=0.010 s, total=0.030 s; sync files=9, longest=0.005 s, average=0.002 s; distance=4304 kB, estimate=92165 kB; lsn=0/32FC6C68, redo lsn=0/32FC6C08
2026-09-22 11:47:16.259 PDT [1196748] LOG:  checkpoint starting: fast force wait
2026-09-22 11:47:16.422 PDT [1196748] LOG:  checkpoint complete: fast force wait: wrote 10101 buffers (15.4%), wrote 1 SLRU buffers; 0 WAL file(s) added, 0 removed, 5 recycled; write=0.109 s, sync=0.020 s, total=0.163 s; sync files=3, longest=0.017 s, average=0.007 s; distance=72880 kB, estimate=90237 kB; lsn=0/376F2EB8, redo lsn=0/376F2E58
2026-09-22 11:47:16.800 PDT [1196748] LOG:  checkpoint starting: fast force wait
2026-09-22 11:47:16.978 PDT [1196748] LOG:  checkpoint complete: fast force wait: wrote 12870 buffers (19.6%), wrote 1 SLRU buffers; 0 WAL file(s) added, 0 removed, 6 recycled; write=0.121 s, sync=0.019 s, total=0.178 s; sync files=13, longest=0.006 s, average=0.002 s; distance=91696 kB, estimate=91696 kB; lsn=0/3D07F208, redo lsn=0/3D07F1A8
2026-09-22 11:47:18.411 PDT [1196748] LOG:  checkpoint starting: fast force wait
2026-09-22 11:47:18.482 PDT [1196748] LOG:  checkpoint complete: fast force wait: wrote 569 buffers (0.9%), wrote 1 SLRU buffers; 0 WAL file(s) added, 0 removed, 4 recycled; write=0.012 s, sync=0.029 s, total=0.071 s; sync files=27, longest=0.006 s, average=0.002 s; distance=81386 kB, estimate=90665 kB; lsn=0/41FF9D98, redo lsn=0/41FF9D38
2026-09-22 11:47:19.048 PDT [1196748] LOG:  checkpoint starting: fast force wait
2026-09-22 11:47:19.113 PDT [1196748] LOG:  checkpoint complete: fast force wait: wrote 2672 buffers (4.1%), wrote 1 SLRU buffers; 0 WAL file(s) added, 0 removed, 3 recycled; write=0.025 s, sync=0.015 s, total=0.065 s; sync files=10, longest=0.006 s, average=0.002 s; distance=43774 kB, estimate=85976 kB; lsn=0/44AB9640, redo lsn=0/44AB95E0
2026-09-22 11:47:21.691 PDT [1196748] LOG:  checkpoint starting: fast force wait
2026-09-22 11:47:21.871 PDT [1196748] LOG:  checkpoint complete: fast force wait: wrote 2055 buffers (3.1%), wrote 1 SLRU buffers; 0 WAL file(s) added, 0 removed, 13 recycled; write=0.035 s, sync=0.080 s, total=0.181 s; sync files=28, longest=0.051 s, average=0.003 s; distance=205059 kB, estimate=205059 kB; lsn=0/512FA268, redo lsn=0/512FA208
2026-09-22 11:47:22.082 PDT [1196748] LOG:  checkpoint starting: fast force wait
2026-09-22 11:47:22.120 PDT [1196748] LOG:  checkpoint complete: fast force wait: wrote 14 buffers (0.0%), wrote 1 SLRU buffers; 0 WAL file(s) added, 0 removed, 0 recycled; write=0.005 s, sync=0.020 s, total=0.039 s; sync files=15, longest=0.009 s, average=0.002 s; distance=6183 kB, estimate=185171 kB; lsn=0/51903F38, redo lsn=0/51903ED8
2026-09-22 11:47:22.365 PDT [1196748] LOG:  checkpoint starting: fast force wait
2026-09-22 11:47:22.404 PDT [1196748] LOG:  checkpoint complete: fast force wait: wrote 13 buffers (0.0%), wrote 1 SLRU buffers; 0 WAL file(s) added, 0 removed, 0 recycled; write=0.004 s, sync=0.022 s, total=0.039 s; sync files=15, longest=0.010 s, average=0.002 s; distance=6175 kB, estimate=167271 kB; lsn=0/51F0BE68, redo lsn=0/51F0BE08
2026-09-22 11:47:22.628 PDT [1196748] LOG:  checkpoint starting: fast force wait
2026-09-22 11:47:22.670 PDT [1196748] LOG:  checkpoint complete: fast force wait: wrote 13 buffers (0.0%), wrote 1 SLRU buffers; 0 WAL file(s) added, 0 removed, 1 recycled; write=0.004 s, sync=0.022 s, total=0.043 s; sync files=15, longest=0.009 s, average=0.002 s; distance=6179 kB, estimate=151162 kB; lsn=0/52514D10, redo lsn=0/52514CB0
2026-09-22 11:47:22.867 PDT [1196748] LOG:  checkpoint starting: fast force wait
2026-09-22 11:47:22.906 PDT [1196748] LOG:  checkpoint complete: fast force wait: wrote 13 buffers (0.0%), wrote 1 SLRU buffers; 0 WAL file(s) added, 0 removed, 0 recycled; write=0.004 s, sync=0.022 s, total=0.039 s; sync files=15, longest=0.009 s, average=0.002 s; distance=6467 kB, estimate=136693 kB; lsn=0/52B65BD8, redo lsn=0/52B65B78
2026-09-22 11:47:26.941 PDT [1196748] LOG:  checkpoint starting: fast force wait
2026-09-22 11:47:27.125 PDT [1196748] LOG:  checkpoint complete: fast force wait: wrote 10020 buffers (15.3%), wrote 1 SLRU buffers; 0 WAL file(s) added, 0 removed, 5 recycled; write=0.114 s, sync=0.037 s, total=0.185 s; sync files=22, longest=0.012 s, average=0.002 s; distance=80583 kB, estimate=131082 kB; lsn=0/57A17840, redo lsn=0/57A177E0
2026-09-22 11:47:27.215 PDT [1196748] LOG:  checkpoint starting: fast force wait
2026-09-22 11:47:27.258 PDT [1196748] LOG:  checkpoint complete: fast force wait: wrote 1569 buffers (2.4%), wrote 1 SLRU buffers; 0 WAL file(s) added, 0 removed, 1 recycled; write=0.013 s, sync=0.014 s, total=0.044 s; sync files=8, longest=0.006 s, average=0.002 s; distance=14377 kB, estimate=119411 kB; lsn=0/58822020, redo lsn=0/58821FA8
2026-09-22 11:47:27.462 PDT [1196748] LOG:  checkpoint starting: fast force wait
2026-09-22 11:47:27.510 PDT [1196748] LOG:  checkpoint complete: fast force wait: wrote 1974 buffers (3.0%), wrote 1 SLRU buffers; 0 WAL file(s) added, 0 removed, 1 recycled; write=0.018 s, sync=0.015 s, total=0.049 s; sync files=11, longest=0.005 s, average=0.002 s; distance=18541 kB, estimate=109324 kB; lsn=0/59A3D438, redo lsn=0/59A3D3D8
2026-09-22 11:47:27.626 PDT [1196748] LOG:  checkpoint starting: fast force wait
2026-09-22 11:47:27.656 PDT [1196748] LOG:  checkpoint complete: fast force wait: wrote 570 buffers (0.9%), wrote 1 SLRU buffers; 0 WAL file(s) added, 0 removed, 0 recycled; write=0.008 s, sync=0.011 s, total=0.030 s; sync files=11, longest=0.004 s, average=0.001 s; distance=4323 kB, estimate=98824 kB; lsn=0/59E76328, redo lsn=0/59E762C8
2026-09-22 11:47:27.791 PDT [1196748] LOG:  checkpoint starting: fast force wait
2026-09-22 11:47:27.935 PDT [1196748] LOG:  checkpoint complete: fast force wait: wrote 10101 buffers (15.4%), wrote 1 SLRU buffers; 0 WAL file(s) added, 0 removed, 5 recycled; write=0.098 s, sync=0.015 s, total=0.145 s; sync files=3, longest=0.013 s, average=0.005 s; distance=72880 kB, estimate=96230 kB; lsn=0/5E5A2578, redo lsn=0/5E5A2518
2026-09-22 11:47:28.253 PDT [1196748] LOG:  checkpoint starting: fast force wait
2026-09-22 11:47:28.427 PDT [1196748] LOG:  checkpoint complete: fast force wait: wrote 13653 buffers (20.8%), wrote 1 SLRU buffers; 0 WAL file(s) added, 0 removed, 6 recycled; write=0.119 s, sync=0.019 s, total=0.174 s; sync files=13, longest=0.005 s, average=0.002 s; distance=105876 kB, estimate=105876 kB; lsn=0/64D07630, redo lsn=0/64D075D0
2026-09-22 11:47:29.235 PDT [1196748] LOG:  checkpoint starting: fast force wait
2026-09-22 11:47:29.298 PDT [1196748] LOG:  checkpoint complete: fast force wait: wrote 570 buffers (0.9%), wrote 1 SLRU buffers; 0 WAL file(s) added, 0 removed, 2 recycled; write=0.009 s, sync=0.032 s, total=0.063 s; sync files=24, longest=0.006 s, average=0.002 s; distance=34858 kB, estimate=98774 kB; lsn=0/66F12080, redo lsn=0/66F12020
2026-09-22 11:47:29.557 PDT [1196748] LOG:  checkpoint starting: fast force wait
2026-09-22 11:47:29.604 PDT [1196748] LOG:  checkpoint complete: fast force wait: wrote 1622 buffers (2.5%), wrote 1 SLRU buffers; 0 WAL file(s) added, 0 removed, 2 recycled; write=0.014 s, sync=0.012 s, total=0.047 s; sync files=7, longest=0.006 s, average=0.002 s; distance=28459 kB, estimate=91742 kB; lsn=0/68ADD030, redo lsn=0/68ADCFD0
2026-09-22 11:47:42.114 PDT [1196748] LOG:  checkpoint starting: fast force wait
2026-09-22 11:47:42.644 PDT [1196748] LOG:  checkpoint complete: fast force wait: wrote 2069 buffers (3.2%), wrote 1 SLRU buffers; 0 WAL file(s) added, 0 removed, 51 recycled; write=0.028 s, sync=0.286 s, total=0.530 s; sync files=30, longest=0.261 s, average=0.010 s; distance=834392 kB, estimate=834392 kB; lsn=0/9B9B3368, redo lsn=0/9B9B3308
2026-09-22 11:47:43.112 PDT [1196748] LOG:  checkpoint starting: fast force wait
2026-09-22 11:47:43.151 PDT [1196748] LOG:  checkpoint complete: fast force wait: wrote 692 buffers (1.1%), wrote 1 SLRU buffers; 0 WAL file(s) added, 0 removed, 0 recycled; write=0.009 s, sync=0.018 s, total=0.039 s; sync files=15, longest=0.006 s, average=0.002 s; distance=5335 kB, estimate=751487 kB; lsn=0/9BEE91D0, redo lsn=0/9BEE9170
2026-09-22 11:47:43.682 PDT [1196748] LOG:  checkpoint starting: fast force wait
2026-09-22 11:47:43.726 PDT [1196748] LOG:  checkpoint complete: fast force wait: wrote 916 buffers (1.4%), wrote 1 SLRU buffers; 0 WAL file(s) added, 0 removed, 1 recycled; write=0.010 s, sync=0.017 s, total=0.044 s; sync files=15, longest=0.006 s, average=0.002 s; distance=6950 kB, estimate=677033 kB; lsn=0/9C5B2DC8, redo lsn=0/9C5B2D68
2026-09-22 11:47:44.347 PDT [1196748] LOG:  checkpoint starting: fast force wait
2026-09-22 11:47:44.396 PDT [1196748] LOG:  checkpoint complete: fast force wait: wrote 1616 buffers (2.5%), wrote 1 SLRU buffers; 0 WAL file(s) added, 0 removed, 0 recycled; write=0.012 s, sync=0.024 s, total=0.049 s; sync files=15, longest=0.008 s, average=0.002 s; distance=10234 kB, estimate=610353 kB; lsn=0/9CFB1840, redo lsn=0/9CFB17E0
2026-09-22 11:47:45.442 PDT [1196748] LOG:  checkpoint starting: fast force wait
2026-09-22 11:47:45.501 PDT [1196748] LOG:  checkpoint complete: fast force wait: wrote 3378 buffers (5.2%), wrote 1 SLRU buffers; 0 WAL file(s) added, 0 removed, 1 recycled; write=0.025 s, sync=0.018 s, total=0.060 s; sync files=15, longest=0.006 s, average=0.002 s; distance=15763 kB, estimate=550894 kB; lsn=0/9DF16728, redo lsn=0/9DF166C8
2026-09-22 11:48:25.167 PDT [1196748] LOG:  checkpoint starting: fast force wait
2026-09-22 11:48:25.648 PDT [1196748] LOG:  checkpoint complete: fast force wait: wrote 0 buffers (0.0%), wrote 1 SLRU buffers; 0 WAL file(s) added, 0 removed, 24 recycled; write=0.004 s, sync=0.366 s, total=0.482 s; sync files=20, longest=0.347 s, average=0.019 s; distance=381845 kB, estimate=533989 kB; lsn=0/B53FBC58, redo lsn=0/B53FBBF8
2026-09-22 11:48:25.946 PDT [1196748] LOG:  checkpoint starting: fast force wait
2026-09-22 11:48:25.997 PDT [1196748] LOG:  checkpoint complete: fast force wait: wrote 1591 buffers (2.4%), wrote 1 SLRU buffers; 0 WAL file(s) added, 0 removed, 3 recycled; write=0.015 s, sync=0.013 s, total=0.052 s; sync files=8, longest=0.005 s, average=0.002 s; distance=47156 kB, estimate=485306 kB; lsn=0/B8208F30, redo lsn=0/B8208ED0
2026-09-22 11:48:26.748 PDT [1196748] LOG:  checkpoint starting: fast force wait
2026-09-22 11:48:26.814 PDT [1196748] LOG:  checkpoint complete: fast force wait: wrote 3192 buffers (4.9%), wrote 1 SLRU buffers; 0 WAL file(s) added, 0 removed, 4 recycled; write=0.022 s, sync=0.017 s, total=0.067 s; sync files=10, longest=0.006 s, average=0.002 s; distance=64071 kB, estimate=443182 kB; lsn=0/BC09ACA0, redo lsn=0/BC09AC40
2026-09-22 11:48:27.362 PDT [1196748] LOG:  checkpoint starting: fast force wait
2026-09-22 11:48:27.460 PDT [1196748] LOG:  checkpoint complete: fast force wait: wrote 8370 buffers (12.8%), wrote 1 SLRU buffers; 0 WAL file(s) added, 0 removed, 3 recycled; write=0.052 s, sync=0.021 s, total=0.098 s; sync files=18, longest=0.006 s, average=0.002 s; distance=57602 kB, estimate=404624 kB; lsn=0/BF8DB6F8, redo lsn=0/BF8DB698
2026-09-22 11:48:28.708 PDT [1196748] LOG:  checkpoint starting: fast force wait
2026-09-22 11:48:29.362 PDT [1196748] LOG:  checkpoint complete: fast force wait: wrote 48574 buffers (74.1%), wrote 1 SLRU buffers; 0 WAL file(s) added, 0 removed, 22 recycled; write=0.512 s, sync=0.040 s, total=0.655 s; sync files=3, longest=0.019 s, average=0.014 s; distance=364377 kB, estimate=400600 kB; lsn=0/D5CB1DC0, redo lsn=0/D5CB1D60
2026-09-22 11:48:32.056 PDT [1196748] LOG:  checkpoint starting: fast force wait
2026-09-22 11:48:32.749 PDT [1196748] LOG:  checkpoint complete: fast force wait: wrote 53650 buffers (81.9%), wrote 1 SLRU buffers; 0 WAL file(s) added, 0 removed, 26 recycled; write=0.523 s, sync=0.051 s, total=0.694 s; sync files=13, longest=0.027 s, average=0.004 s; distance=420087 kB, estimate=420087 kB; lsn=0/EF6EF9C0, redo lsn=0/EF6EF960
2026-09-22 11:48:52.963 PDT [1196748] LOG:  checkpoint starting: fast force wait
2026-09-22 11:48:53.488 PDT [1196748] LOG:  checkpoint complete: fast force wait: wrote 2068 buffers (3.2%), wrote 1 SLRU buffers; 0 WAL file(s) added, 0 removed, 55 recycled; write=0.020 s, sync=0.269 s, total=0.525 s; sync files=28, longest=0.243 s, average=0.010 s; distance=894429 kB, estimate=894429 kB; lsn=1/260671A0, redo lsn=1/26067140
2026-09-22 11:48:54.565 PDT [1196748] LOG:  checkpoint starting: fast force wait
2026-09-22 11:48:54.617 PDT [1196748] LOG:  checkpoint complete: fast force wait: wrote 13 buffers (0.0%), wrote 1 SLRU buffers; 0 WAL file(s) added, 0 removed, 1 recycled; write=0.005 s, sync=0.030 s, total=0.053 s; sync files=15, longest=0.018 s, average=0.003 s; distance=30646 kB, estimate=808051 kB; lsn=1/27E54B58, redo lsn=1/27E54AF8
2026-09-22 11:48:55.846 PDT [1196748] LOG:  checkpoint starting: fast force wait
2026-09-22 11:48:55.909 PDT [1196748] LOG:  checkpoint complete: fast force wait: wrote 13 buffers (0.0%), wrote 1 SLRU buffers; 0 WAL file(s) added, 0 removed, 2 recycled; write=0.005 s, sync=0.036 s, total=0.063 s; sync files=15, longest=0.025 s, average=0.003 s; distance=30647 kB, estimate=730311 kB; lsn=1/29C427F8, redo lsn=1/29C42798
2026-09-22 11:48:57.089 PDT [1196748] LOG:  checkpoint starting: fast force wait
2026-09-22 11:48:57.149 PDT [1196748] LOG:  checkpoint complete: fast force wait: wrote 13 buffers (0.0%), wrote 1 SLRU buffers; 0 WAL file(s) added, 0 removed, 2 recycled; write=0.005 s, sync=0.035 s, total=0.061 s; sync files=15, longest=0.024 s, average=0.003 s; distance=30649 kB, estimate=660345 kB; lsn=1/2BA30F58, redo lsn=1/2BA30EF8
2026-09-22 11:48:58.290 PDT [1196748] LOG:  checkpoint starting: fast force wait
2026-09-22 11:48:58.347 PDT [1196748] LOG:  checkpoint complete: fast force wait: wrote 13 buffers (0.0%), wrote 1 SLRU buffers; 0 WAL file(s) added, 0 removed, 2 recycled; write=0.005 s, sync=0.032 s, total=0.058 s; sync files=15, longest=0.021 s, average=0.003 s; distance=30802 kB, estimate=597390 kB; lsn=1/2D8457F8, redo lsn=1/2D845798
2026-09-22 11:49:24.894 PDT [1196748] LOG:  checkpoint starting: fast force wait
2026-09-22 11:49:25.379 PDT [1196748] LOG:  checkpoint complete: fast force wait: wrote 0 buffers (0.0%), wrote 1 SLRU buffers; 0 WAL file(s) added, 0 removed, 25 recycled; write=0.005 s, sync=0.366 s, total=0.485 s; sync files=20, longest=0.300 s, average=0.018 s; distance=402497 kB, estimate=577901 kB; lsn=1/46155E98, redo lsn=1/46155E38
2026-09-22 11:49:25.910 PDT [1196748] LOG:  checkpoint starting: fast force wait
2026-09-22 11:49:25.994 PDT [1196748] LOG:  checkpoint complete: fast force wait: wrote 6613 buffers (10.1%), wrote 1 SLRU buffers; 0 WAL file(s) added, 0 removed, 3 recycled; write=0.043 s, sync=0.015 s, total=0.084 s; sync files=8, longest=0.006 s, average=0.002 s; distance=61120 kB, estimate=526223 kB; lsn=1/49D05FF8, redo lsn=1/49D05F98
2026-09-22 11:49:27.333 PDT [1196748] LOG:  checkpoint starting: fast force wait
2026-09-22 11:49:27.442 PDT [1196748] LOG:  checkpoint complete: fast force wait: wrote 8170 buffers (12.5%), wrote 1 SLRU buffers; 0 WAL file(s) added, 0 removed, 5 recycled; write=0.049 s, sync=0.027 s, total=0.110 s; sync files=10, longest=0.014 s, average=0.003 s; distance=78865 kB, estimate=481487 kB; lsn=1/4EA0A658, redo lsn=1/4EA0A5F8
2026-09-22 11:49:27.882 PDT [1196748] LOG:  checkpoint starting: fast force wait
2026-09-22 11:49:27.929 PDT [1196748] LOG:  checkpoint complete: fast force wait: wrote 2445 buffers (3.7%), wrote 1 SLRU buffers; 0 WAL file(s) added, 0 removed, 1 recycled; write=0.016 s, sync=0.013 s, total=0.047 s; sync files=8, longest=0.005 s, average=0.002 s; distance=21233 kB, estimate=435462 kB; lsn=1/4FEC6BA8, redo lsn=1/4FEC6B48
2026-09-22 11:49:29.100 PDT [1196748] LOG:  checkpoint starting: fast force wait
2026-09-22 11:49:29.743 PDT [1196748] LOG:  checkpoint complete: fast force wait: wrote 47951 buffers (73.2%), wrote 1 SLRU buffers; 0 WAL file(s) added, 0 removed, 23 recycled; write=0.482 s, sync=0.054 s, total=0.643 s; sync files=3, longest=0.037 s, average=0.018 s; distance=364377 kB, estimate=428353 kB; lsn=1/6629D280, redo lsn=1/6629D220
2026-09-22 11:49:32.607 PDT [1196748] LOG:  checkpoint starting: fast force wait
2026-09-22 11:49:33.342 PDT [1196748] LOG:  checkpoint complete: fast force wait: wrote 58273 buffers (88.9%), wrote 1 SLRU buffers; 0 WAL file(s) added, 0 removed, 32 recycled; write=0.536 s, sync=0.059 s, total=0.735 s; sync files=13, longest=0.027 s, average=0.005 s; distance=528075 kB, estimate=528075 kB; lsn=1/8664FFD8, redo lsn=1/8664FF78
2026-09-22 11:49:50.192 PDT [1196748] LOG:  checkpoint starting: fast force wait
2026-09-22 11:49:50.716 PDT [1196748] LOG:  checkpoint complete: fast force wait: wrote 2070 buffers (3.2%), wrote 1 SLRU buffers; 0 WAL file(s) added, 0 removed, 56 recycled; write=0.030 s, sync=0.259 s, total=0.524 s; sync files=29, longest=0.236 s, average=0.009 s; distance=918789 kB, estimate=918789 kB; lsn=1/BE7915D8, redo lsn=1/BE791578
2026-09-22 11:49:53.216 PDT [1196748] LOG:  checkpoint starting: fast force wait
2026-09-22 11:49:53.260 PDT [1196748] LOG:  checkpoint complete: fast force wait: wrote 14 buffers (0.0%), wrote 1 SLRU buffers; 0 WAL file(s) added, 0 removed, 1 recycled; write=0.005 s, sync=0.022 s, total=0.045 s; sync files=15, longest=0.011 s, average=0.002 s; distance=10015 kB, estimate=827912 kB; lsn=1/BF1591F0, redo lsn=1/BF159190
2026-09-22 11:49:56.784 PDT [1196748] LOG:  checkpoint starting: fast force wait
2026-09-22 11:49:56.824 PDT [1196748] LOG:  checkpoint complete: fast force wait: wrote 14 buffers (0.0%), wrote 1 SLRU buffers; 0 WAL file(s) added, 0 removed, 0 recycled; write=0.005 s, sync=0.023 s, total=0.041 s; sync files=15, longest=0.012 s, average=0.002 s; distance=10421 kB, estimate=746163 kB; lsn=1/BFB86950, redo lsn=1/BFB868F0
2026-09-22 11:50:00.302 PDT [1196748] LOG:  checkpoint starting: fast force wait
2026-09-22 11:50:00.351 PDT [1196748] LOG:  checkpoint complete: fast force wait: wrote 14 buffers (0.0%), wrote 1 SLRU buffers; 0 WAL file(s) added, 0 removed, 1 recycled; write=0.005 s, sync=0.027 s, total=0.049 s; sync files=15, longest=0.015 s, average=0.002 s; distance=14455 kB, estimate=672992 kB; lsn=1/C09A47C8, redo lsn=1/C09A4768
2026-09-22 11:50:03.374 PDT [1196748] LOG:  checkpoint starting: fast force wait
2026-09-22 11:50:03.433 PDT [1196748] LOG:  checkpoint complete: fast force wait: wrote 14 buffers (0.0%), wrote 1 SLRU buffers; 0 WAL file(s) added, 0 removed, 2 recycled; write=0.004 s, sync=0.035 s, total=0.060 s; sync files=15, longest=0.023 s, average=0.003 s; distance=31316 kB, estimate=608824 kB; lsn=1/C2839A90, redo lsn=1/C2839A30
2026-09-22 11:50:46.270 PDT [1196748] LOG:  checkpoint starting: fast force wait
2026-09-22 11:50:46.720 PDT [1196748] LOG:  checkpoint complete: fast force wait: wrote 0 buffers (0.0%), wrote 1 SLRU buffers; 0 WAL file(s) added, 0 removed, 24 recycled; write=0.004 s, sync=0.338 s, total=0.450 s; sync files=20, longest=0.317 s, average=0.017 s; distance=386337 kB, estimate=586575 kB; lsn=1/DA182028, redo lsn=1/DA181FB0
2026-09-22 11:50:48.486 PDT [1196748] LOG:  checkpoint starting: fast force wait
2026-09-22 11:50:48.602 PDT [1196748] LOG:  checkpoint complete: fast force wait: wrote 6732 buffers (10.3%), wrote 1 SLRU buffers; 0 WAL file(s) added, 0 removed, 12 recycled; write=0.042 s, sync=0.014 s, total=0.117 s; sync files=8, longest=0.006 s, average=0.002 s; distance=196542 kB, estimate=547572 kB; lsn=1/E6171A50, redo lsn=1/E61719F0
2026-09-22 11:50:50.982 PDT [1196748] LOG:  checkpoint starting: fast force wait
2026-09-22 11:50:51.131 PDT [1196748] LOG:  checkpoint complete: fast force wait: wrote 8886 buffers (13.6%), wrote 1 SLRU buffers; 0 WAL file(s) added, 0 removed, 16 recycled; write=0.055 s, sync=0.018 s, total=0.149 s; sync files=10, longest=0.006 s, average=0.002 s; distance=264169 kB, estimate=519232 kB; lsn=1/F636C0F8, redo lsn=1/F636C098
2026-09-22 11:50:51.564 PDT [1196748] LOG:  checkpoint starting: fast force wait
2026-09-22 11:50:51.608 PDT [1196748] LOG:  checkpoint complete: fast force wait: wrote 2071 buffers (3.2%), wrote 1 SLRU buffers; 0 WAL file(s) added, 0 removed, 1 recycled; write=0.015 s, sync=0.013 s, total=0.045 s; sync files=9, longest=0.004 s, average=0.002 s; distance=21249 kB, estimate=469434 kB; lsn=1/F782C650, redo lsn=1/F782C5F0
2026-09-22 11:50:52.829 PDT [1196748] LOG:  checkpoint starting: fast force wait
2026-09-22 11:50:53.464 PDT [1196748] LOG:  checkpoint complete: fast force wait: wrote 48533 buffers (74.1%), wrote 1 SLRU buffers; 0 WAL file(s) added, 0 removed, 22 recycled; write=0.506 s, sync=0.029 s, total=0.636 s; sync files=3, longest=0.027 s, average=0.010 s; distance=364377 kB, estimate=458928 kB; lsn=2/0DC02D18, redo lsn=2/0DC02CB8
2026-09-22 11:50:57.128 PDT [1196748] LOG:  checkpoint starting: fast force wait
2026-09-22 11:50:57.845 PDT [1196748] LOG:  checkpoint complete: fast force wait: wrote 55976 buffers (85.4%), wrote 1 SLRU buffers; 0 WAL file(s) added, 0 removed, 28 recycled; write=0.524 s, sync=0.067 s, total=0.718 s; sync files=13, longest=0.056 s, average=0.006 s; distance=453679 kB, estimate=458403 kB; lsn=2/2970ED30, redo lsn=2/2970EC98
2026-09-22 11:51:10.818 PDT [1196748] LOG:  checkpoint starting: fast force wait
2026-09-22 11:51:11.007 PDT [1196748] LOG:  checkpoint complete: fast force wait: wrote 2058 buffers (3.1%), wrote 1 SLRU buffers; 0 WAL file(s) added, 0 removed, 26 recycled; write=0.024 s, sync=0.044 s, total=0.190 s; sync files=34, longest=0.020 s, average=0.002 s; distance=419016 kB, estimate=454464 kB; lsn=2/43041078, redo lsn=2/43041018
2026-09-22 11:51:11.131 PDT [1196748] LOG:  checkpoint starting: fast force wait
2026-09-22 11:51:11.166 PDT [1196748] LOG:  checkpoint complete: fast force wait: wrote 279 buffers (0.4%), wrote 1 SLRU buffers; 0 WAL file(s) added, 0 removed, 0 recycled; write=0.006 s, sync=0.018 s, total=0.035 s; sync files=15, longest=0.006 s, average=0.002 s; distance=1401 kB, estimate=409158 kB; lsn=2/4319F628, redo lsn=2/4319F5C8
2026-09-22 11:51:13.161 PDT [1196748] LOG:  checkpoint starting: fast force wait
2026-09-22 11:51:13.271 PDT [1196748] LOG:  checkpoint complete: fast force wait: wrote 2058 buffers (3.1%), wrote 1 SLRU buffers; 0 WAL file(s) added, 3 removed, 0 recycled; write=0.021 s, sync=0.056 s, total=0.110 s; sync files=28, longest=0.028 s, average=0.003 s; distance=55846 kB, estimate=373827 kB; lsn=2/46829088, redo lsn=2/46829028
2026-09-22 11:51:13.877 PDT [1196748] LOG:  checkpoint starting: fast force wait
2026-09-22 11:51:13.914 PDT [1196748] LOG:  checkpoint complete: fast force wait: wrote 14 buffers (0.0%), wrote 1 SLRU buffers; 0 WAL file(s) added, 0 removed, 0 recycled; write=0.004 s, sync=0.020 s, total=0.038 s; sync files=15, longest=0.007 s, average=0.002 s; distance=2270 kB, estimate=336671 kB; lsn=2/46A60948, redo lsn=2/46A608E8
2026-09-22 11:51:16.090 PDT [1196745] LOG:  received fast shutdown request
2026-09-22 11:51:16.094 PDT [1196745] LOG:  aborting any active transactions
2026-09-22 11:51:16.095 PDT [1196745] LOG:  background worker "logical replication launcher" (PID 1196752) exited with exit code 1
2026-09-22 11:51:16.114 PDT [1196748] LOG:  shutting down
2026-09-22 11:51:16.118 PDT [1196748] LOG:  checkpoint starting: shutdown fast
2026-09-22 11:51:16.149 PDT [1196748] LOG:  checkpoint complete: shutdown fast: wrote 19 buffers (0.0%), wrote 1 SLRU buffers; 0 WAL file(s) added, 0 removed, 0 recycled; write=0.005 s, sync=0.015 s, total=0.035 s; sync files=18, longest=0.004 s, average=0.001 s; distance=4205 kB, estimate=303425 kB; lsn=2/46E7C070, redo lsn=2/46E7C070
2026-09-22 11:51:16.274 PDT [1196745] LOG:  database system is shut down
