In file included from src/lion_am.c:14:
In file included from /tmp/lion-range-review-fkvc3cle/pg20/include/postgresql/server/access/htup_details.h:20:
/tmp/lion-range-review-fkvc3cle/pg20/include/postgresql/server/access/tupmacs.h:85:3: warning: Call to function 'memcpy' is insecure as it does not provide security checks introduced in the C11 standard. Replace with analogous functions that support length arguments or provides boundary checks such as 'memcpy_s' in case of C11 [security.insecureAPI.DeprecatedOrUnsafeBufferHandling]
   85 |                 memcpy(isnull, &isnull_8, sizeof(uint64));
      |                 ^~~~~~
/tmp/lion-range-review-fkvc3cle/pg20/include/postgresql/server/access/tupmacs.h:85:3: note: Call to function 'memcpy' is insecure as it does not provide security checks introduced in the C11 standard. Replace with analogous functions that support length arguments or provides boundary checks such as 'memcpy_s' in case of C11
   85 |                 memcpy(isnull, &isnull_8, sizeof(uint64));
      |                 ^~~~~~
In file included from src/lion_am.c:42:
In file included from src/lion.h:29:
In file included from src/lion_wal.h:46:
/tmp/lion-range-review-fkvc3cle/pg20/include/postgresql/server/access/xlog_internal.h:204:2: warning: Call to function 'sscanf' is insecure as it does not provide security checks introduced in the C11 standard. Replace with analogous functions that support length arguments or provides boundary checks such as 'sscanf_s' in case of C11 [security.insecureAPI.DeprecatedOrUnsafeBufferHandling]
  204 |         sscanf(fname, "%08X%08X%08X", tli, &log, &seg);
      |         ^~~~~~
/tmp/lion-range-review-fkvc3cle/pg20/include/postgresql/server/access/xlog_internal.h:204:2: note: Call to function 'sscanf' is insecure as it does not provide security checks introduced in the C11 standard. Replace with analogous functions that support length arguments or provides boundary checks such as 'sscanf_s' in case of C11
  204 |         sscanf(fname, "%08X%08X%08X", tli, &log, &seg);
      |         ^~~~~~
src/lion_am.c:368:2: warning: Call to function 'memset' is insecure as it does not provide security checks introduced in the C11 standard. Replace with analogous functions that support length arguments or provides boundary checks such as 'memset_s' in case of C11 [security.insecureAPI.DeprecatedOrUnsafeBufferHandling]
  368 |         memset(&state, 0, sizeof(state));
      |         ^~~~~~
src/lion_am.c:368:2: note: Call to function 'memset' is insecure as it does not provide security checks introduced in the C11 standard. Replace with analogous functions that support length arguments or provides boundary checks such as 'memset_s' in case of C11
  368 |         memset(&state, 0, sizeof(state));
      |         ^~~~~~
src/lion_am.c:1290:2: warning: Call to function 'memset' is insecure as it does not provide security checks introduced in the C11 standard. Replace with analogous functions that support length arguments or provides boundary checks such as 'memset_s' in case of C11 [security.insecureAPI.DeprecatedOrUnsafeBufferHandling]
 1290 |         memset(&meta, 0, sizeof(meta));
      |         ^~~~~~
src/lion_am.c:1290:2: note: Call to function 'memset' is insecure as it does not provide security checks introduced in the C11 standard. Replace with analogous functions that support length arguments or provides boundary checks such as 'memset_s' in case of C11
 1290 |         memset(&meta, 0, sizeof(meta));
      |         ^~~~~~
4 warnings generated.
