In file included from src/lion_scan.c:38:
In file included from /tmp/lion-range-review-fkvc3cle/pg20/include/postgresql/server/access/relscan.h:17:
In file included from /tmp/lion-range-review-fkvc3cle/pg20/include/postgresql/server/access/htup_details.h:20:
/tmp/lion-range-review-fkvc3cle/pg20/include/postgresql/server/access/tupmacs.h:85:3: warning: Call to function 'memcpy' is insecure as it does not provide security checks introduced in the C11 standard. Replace with analogous functions that support length arguments or provides boundary checks such as 'memcpy_s' in case of C11 [security.insecureAPI.DeprecatedOrUnsafeBufferHandling]
   85 |                 memcpy(isnull, &isnull_8, sizeof(uint64));
      |                 ^~~~~~
/tmp/lion-range-review-fkvc3cle/pg20/include/postgresql/server/access/tupmacs.h:85:3: note: Call to function 'memcpy' is insecure as it does not provide security checks introduced in the C11 standard. Replace with analogous functions that support length arguments or provides boundary checks such as 'memcpy_s' in case of C11
   85 |                 memcpy(isnull, &isnull_8, sizeof(uint64));
      |                 ^~~~~~
In file included from src/lion_scan.c:51:
In file included from src/lion.h:29:
In file included from src/lion_wal.h:46:
/tmp/lion-range-review-fkvc3cle/pg20/include/postgresql/server/access/xlog_internal.h:204:2: warning: Call to function 'sscanf' is insecure as it does not provide security checks introduced in the C11 standard. Replace with analogous functions that support length arguments or provides boundary checks such as 'sscanf_s' in case of C11 [security.insecureAPI.DeprecatedOrUnsafeBufferHandling]
  204 |         sscanf(fname, "%08X%08X%08X", tli, &log, &seg);
      |         ^~~~~~
/tmp/lion-range-review-fkvc3cle/pg20/include/postgresql/server/access/xlog_internal.h:204:2: note: Call to function 'sscanf' is insecure as it does not provide security checks introduced in the C11 standard. Replace with analogous functions that support length arguments or provides boundary checks such as 'sscanf_s' in case of C11
  204 |         sscanf(fname, "%08X%08X%08X", tli, &log, &seg);
      |         ^~~~~~
src/lion_scan.c:202:3: warning: Call to function 'memcpy' is insecure as it does not provide security checks introduced in the C11 standard. Replace with analogous functions that support length arguments or provides boundary checks such as 'memcpy_s' in case of C11 [security.insecureAPI.DeprecatedOrUnsafeBufferHandling]
  202 |                 memcpy(scan->keyData, scankey,
      |                 ^~~~~~
src/lion_scan.c:202:3: note: Call to function 'memcpy' is insecure as it does not provide security checks introduced in the C11 standard. Replace with analogous functions that support length arguments or provides boundary checks such as 'memcpy_s' in case of C11
  202 |                 memcpy(scan->keyData, scankey,
      |                 ^~~~~~
src/lion_scan.c:265:3: warning: Call to function 'memcpy' is insecure as it does not provide security checks introduced in the C11 standard. Replace with analogous functions that support length arguments or provides boundary checks such as 'memcpy_s' in case of C11 [security.insecureAPI.DeprecatedOrUnsafeBufferHandling]
  265 |                 memcpy(cpage, page, BLCKSZ);
      |                 ^~~~~~
src/lion_scan.c:265:3: note: Call to function 'memcpy' is insecure as it does not provide security checks introduced in the C11 standard. Replace with analogous functions that support length arguments or provides boundary checks such as 'memcpy_s' in case of C11
  265 |                 memcpy(cpage, page, BLCKSZ);
      |                 ^~~~~~
src/lion_scan.c:333:4: warning: Call to function 'memcpy' is insecure as it does not provide security checks introduced in the C11 standard. Replace with analogous functions that support length arguments or provides boundary checks such as 'memcpy_s' in case of C11 [security.insecureAPI.DeprecatedOrUnsafeBufferHandling]
  333 |                         memcpy(payload, LionEntryGetPayload(entry), paylen);
      |                         ^~~~~~
src/lion_scan.c:333:4: note: Call to function 'memcpy' is insecure as it does not provide security checks introduced in the C11 standard. Replace with analogous functions that support length arguments or provides boundary checks such as 'memcpy_s' in case of C11
  333 |                         memcpy(payload, LionEntryGetPayload(entry), paylen);
      |                         ^~~~~~
src/lion_scan.c:531:3: warning: Call to function 'memcpy' is insecure as it does not provide security checks introduced in the C11 standard. Replace with analogous functions that support length arguments or provides boundary checks such as 'memcpy_s' in case of C11 [security.insecureAPI.DeprecatedOrUnsafeBufferHandling]
  531 |                 memcpy(cpage, page, BLCKSZ);
      |                 ^~~~~~
src/lion_scan.c:531:3: note: Call to function 'memcpy' is insecure as it does not provide security checks introduced in the C11 standard. Replace with analogous functions that support length arguments or provides boundary checks such as 'memcpy_s' in case of C11
  531 |                 memcpy(cpage, page, BLCKSZ);
      |                 ^~~~~~
src/lion_scan.c:960:2: warning: Call to function 'memset' is insecure as it does not provide security checks introduced in the C11 standard. Replace with analogous functions that support length arguments or provides boundary checks such as 'memset_s' in case of C11 [security.insecureAPI.DeprecatedOrUnsafeBufferHandling]
  960 |         memset(&acc->sets[first], 0, sizeof(LionPostingSet) * n);
      |         ^~~~~~
src/lion_scan.c:960:2: note: Call to function 'memset' is insecure as it does not provide security checks introduced in the C11 standard. Replace with analogous functions that support length arguments or provides boundary checks such as 'memset_s' in case of C11
  960 |         memset(&acc->sets[first], 0, sizeof(LionPostingSet) * n);
      |         ^~~~~~
7 warnings generated.
