2026-09-22 11:31:46.049 PDT [1195876] LOG:  starting PostgreSQL 20devel on x86_64-pc-linux-gnu, compiled by gcc (Ubuntu 13.3.0-6ubuntu2~24.04.1) 13.3.0, 64-bit
2026-09-22 11:31:46.052 PDT [1195876] LOG:  listening on Unix socket "/tmp/lion-comparison-sed4hgdi/socket/.s.PGSQL.55449"
2026-09-22 11:31:46.063 PDT [1195881] LOG:  database system was shut down at 2026-09-22 11:31:45 PDT
2026-09-22 11:31:46.069 PDT [1195876] LOG:  database system is ready to accept connections
2026-09-22 11:31:48.392 PDT [1195879] LOG:  checkpoint starting: fast force wait
2026-09-22 11:31:48.599 PDT [1195879] LOG:  checkpoint complete: fast force wait: wrote 2194 buffers (3.3%), wrote 3 SLRU buffers; 0 WAL file(s) added, 0 removed, 10 recycled; write=0.030 s, sync=0.124 s, total=0.208 s; sync files=76, longest=0.060 s, average=0.002 s; distance=162539 kB, estimate=162539 kB; lsn=0/0B5ADD88, redo lsn=0/0B5ADD28
2026-09-22 11:31:48.703 PDT [1195879] LOG:  checkpoint starting: fast force wait
2026-09-22 11:31:48.742 PDT [1195879] LOG:  checkpoint complete: fast force wait: wrote 162 buffers (0.2%), wrote 1 SLRU buffers; 0 WAL file(s) added, 0 removed, 0 recycled; write=0.008 s, sync=0.020 s, total=0.040 s; sync files=18, longest=0.006 s, average=0.002 s; distance=1183 kB, estimate=146403 kB; lsn=0/0B6D59C8, redo lsn=0/0B6D5968
2026-09-22 11:31:48.858 PDT [1195879] LOG:  checkpoint starting: fast force wait
2026-09-22 11:31:48.892 PDT [1195879] LOG:  checkpoint complete: fast force wait: wrote 218 buffers (0.3%), wrote 1 SLRU buffers; 0 WAL file(s) added, 0 removed, 0 recycled; write=0.006 s, sync=0.016 s, total=0.035 s; sync files=17, longest=0.006 s, average=0.001 s; distance=1461 kB, estimate=131909 kB; lsn=0/0B842E90, redo lsn=0/0B842E30
2026-09-22 11:31:49.042 PDT [1195879] LOG:  checkpoint starting: fast force wait
2026-09-22 11:31:49.082 PDT [1195879] LOG:  checkpoint complete: fast force wait: wrote 618 buffers (0.9%), wrote 1 SLRU buffers; 0 WAL file(s) added, 0 removed, 0 recycled; write=0.009 s, sync=0.018 s, total=0.040 s; sync files=17, longest=0.004 s, average=0.002 s; distance=2126 kB, estimate=118931 kB; lsn=0/0BA56960, redo lsn=0/0BA56900
2026-09-22 11:31:49.348 PDT [1195879] LOG:  checkpoint starting: fast force wait
2026-09-22 11:31:49.388 PDT [1195879] LOG:  checkpoint complete: fast force wait: wrote 878 buffers (1.3%), wrote 1 SLRU buffers; 0 WAL file(s) added, 0 removed, 0 recycled; write=0.009 s, sync=0.019 s, total=0.040 s; sync files=17, longest=0.005 s, average=0.002 s; distance=3678 kB, estimate=107405 kB; lsn=0/0BDEE178, redo lsn=0/0BDEE118
2026-09-22 11:31:54.469 PDT [1195879] LOG:  checkpoint starting: fast force wait
2026-09-22 11:31:54.674 PDT [1195879] LOG:  checkpoint complete: fast force wait: wrote 10647 buffers (16.2%), wrote 1 SLRU buffers; 0 WAL file(s) added, 0 removed, 5 recycled; write=0.138 s, sync=0.032 s, total=0.206 s; sync files=24, longest=0.005 s, average=0.002 s; distance=76519 kB, estimate=104317 kB; lsn=0/108A7DE0, redo lsn=0/108A7D80
2026-09-22 11:31:54.732 PDT [1195879] LOG:  checkpoint starting: fast force wait
2026-09-22 11:31:54.768 PDT [1195879] LOG:  checkpoint complete: fast force wait: wrote 328 buffers (0.5%), wrote 1 SLRU buffers; 0 WAL file(s) added, 0 removed, 1 recycled; write=0.006 s, sync=0.014 s, total=0.037 s; sync files=8, longest=0.006 s, average=0.002 s; distance=9455 kB, estimate=94831 kB; lsn=0/111E3BF8, redo lsn=0/111E3B98
2026-09-22 11:31:54.876 PDT [1195879] LOG:  checkpoint starting: fast force wait
2026-09-22 11:31:54.910 PDT [1195879] LOG:  checkpoint complete: fast force wait: wrote 695 buffers (1.1%), wrote 1 SLRU buffers; 0 WAL file(s) added, 0 removed, 0 recycled; write=0.009 s, sync=0.013 s, total=0.035 s; sync files=9, longest=0.004 s, average=0.002 s; distance=12848 kB, estimate=86632 kB; lsn=0/11E6FF20, redo lsn=0/11E6FEC0
2026-09-22 11:31:57.748 PDT [1195879] LOG:  checkpoint starting: fast force wait
2026-09-22 11:31:57.890 PDT [1195879] LOG:  checkpoint complete: fast force wait: wrote 2057 buffers (3.1%), wrote 1 SLRU buffers; 0 WAL file(s) added, 0 removed, 11 recycled; write=0.023 s, sync=0.062 s, total=0.142 s; sync files=31, longest=0.036 s, average=0.002 s; distance=176540 kB, estimate=176540 kB; lsn=0/1CAD7278, redo lsn=0/1CAD7218
2026-09-22 11:31:58.343 PDT [1195879] LOG:  checkpoint starting: fast force wait
2026-09-22 11:31:58.378 PDT [1195879] LOG:  checkpoint complete: fast force wait: wrote 17 buffers (0.0%), wrote 1 SLRU buffers; 0 WAL file(s) added, 0 removed, 0 recycled; write=0.004 s, sync=0.020 s, total=0.036 s; sync files=17, longest=0.006 s, average=0.002 s; distance=2085 kB, estimate=159095 kB; lsn=0/1CCE0828, redo lsn=0/1CCE07C8
2026-09-22 11:31:59.021 PDT [1195879] LOG:  checkpoint starting: fast force wait
2026-09-22 11:31:59.055 PDT [1195879] LOG:  checkpoint complete: fast force wait: wrote 14 buffers (0.0%), wrote 1 SLRU buffers; 0 WAL file(s) added, 0 removed, 0 recycled; write=0.005 s, sync=0.019 s, total=0.035 s; sync files=15, longest=0.006 s, average=0.002 s; distance=2148 kB, estimate=143400 kB; lsn=0/1CEF9A58, redo lsn=0/1CEF99F8
2026-09-22 11:31:59.633 PDT [1195879] LOG:  checkpoint starting: fast force wait
2026-09-22 11:31:59.680 PDT [1195879] LOG:  checkpoint complete: fast force wait: wrote 16 buffers (0.0%), wrote 1 SLRU buffers; 0 WAL file(s) added, 0 removed, 1 recycled; write=0.005 s, sync=0.025 s, total=0.048 s; sync files=15, longest=0.010 s, average=0.002 s; distance=2975 kB, estimate=129358 kB; lsn=0/1D1E18B0, redo lsn=0/1D1E1850
2026-09-22 11:32:00.201 PDT [1195879] LOG:  checkpoint starting: fast force wait
2026-09-22 11:32:00.244 PDT [1195879] LOG:  checkpoint complete: fast force wait: wrote 14 buffers (0.0%), wrote 1 SLRU buffers; 0 WAL file(s) added, 0 removed, 0 recycled; write=0.004 s, sync=0.027 s, total=0.044 s; sync files=15, longest=0.013 s, average=0.002 s; distance=7180 kB, estimate=117140 kB; lsn=0/1D8E4C88, redo lsn=0/1D8E4C28
2026-09-22 11:32:05.561 PDT [1195879] LOG:  checkpoint starting: fast force wait
2026-09-22 11:32:05.779 PDT [1195879] LOG:  checkpoint complete: fast force wait: wrote 10023 buffers (15.3%), wrote 1 SLRU buffers; 0 WAL file(s) added, 0 removed, 5 recycled; write=0.135 s, sync=0.048 s, total=0.218 s; sync files=23, longest=0.022 s, average=0.003 s; distance=77383 kB, estimate=113164 kB; lsn=0/22476A58, redo lsn=0/224769F8
2026-09-22 11:32:06.119 PDT [1195879] LOG:  checkpoint starting: fast force wait
2026-09-22 11:32:06.168 PDT [1195879] LOG:  checkpoint complete: fast force wait: wrote 1630 buffers (2.5%), wrote 1 SLRU buffers; 0 WAL file(s) added, 0 removed, 2 recycled; write=0.017 s, sync=0.012 s, total=0.050 s; sync files=8, longest=0.006 s, average=0.002 s; distance=40106 kB, estimate=105858 kB; lsn=0/24BA1538, redo lsn=0/24BA14D8
2026-09-22 11:32:06.632 PDT [1195879] LOG:  checkpoint starting: fast force wait
2026-09-22 11:32:06.696 PDT [1195879] LOG:  checkpoint complete: fast force wait: wrote 2737 buffers (4.2%), wrote 1 SLRU buffers; 0 WAL file(s) added, 0 removed, 4 recycled; write=0.020 s, sync=0.015 s, total=0.064 s; sync files=9, longest=0.006 s, average=0.002 s; distance=54134 kB, estimate=100686 kB; lsn=0/2807F090, redo lsn=0/2807F030
2026-09-22 11:32:09.506 PDT [1195879] LOG:  checkpoint starting: fast force wait
2026-09-22 11:32:09.676 PDT [1195879] LOG:  checkpoint complete: fast force wait: wrote 2060 buffers (3.1%), wrote 1 SLRU buffers; 0 WAL file(s) added, 0 removed, 10 recycled; write=0.026 s, sync=0.086 s, total=0.171 s; sync files=29, longest=0.057 s, average=0.003 s; distance=165663 kB, estimate=165663 kB; lsn=0/32246D28, redo lsn=0/32246CC8
2026-09-22 11:32:09.892 PDT [1195879] LOG:  checkpoint starting: fast force wait
2026-09-22 11:32:09.931 PDT [1195879] LOG:  checkpoint complete: fast force wait: wrote 14 buffers (0.0%), wrote 1 SLRU buffers; 0 WAL file(s) added, 0 removed, 0 recycled; write=0.005 s, sync=0.021 s, total=0.039 s; sync files=15, longest=0.008 s, average=0.002 s; distance=6182 kB, estimate=149715 kB; lsn=0/32850558, redo lsn=0/328504F8
2026-09-22 11:32:10.165 PDT [1195879] LOG:  checkpoint starting: fast force wait
2026-09-22 11:32:10.203 PDT [1195879] LOG:  checkpoint complete: fast force wait: wrote 13 buffers (0.0%), wrote 1 SLRU buffers; 0 WAL file(s) added, 0 removed, 0 recycled; write=0.004 s, sync=0.022 s, total=0.039 s; sync files=15, longest=0.009 s, average=0.002 s; distance=6173 kB, estimate=135360 kB; lsn=0/32E57A18, redo lsn=0/32E579B8
2026-09-22 11:32:10.425 PDT [1195879] LOG:  checkpoint starting: fast force wait
2026-09-22 11:32:10.467 PDT [1195879] LOG:  checkpoint complete: fast force wait: wrote 13 buffers (0.0%), wrote 1 SLRU buffers; 0 WAL file(s) added, 0 removed, 1 recycled; write=0.005 s, sync=0.021 s, total=0.043 s; sync files=15, longest=0.009 s, average=0.002 s; distance=6177 kB, estimate=122442 kB; lsn=0/3345FE60, redo lsn=0/3345FE00
2026-09-22 11:32:10.672 PDT [1195879] LOG:  checkpoint starting: fast force wait
2026-09-22 11:32:10.710 PDT [1195879] LOG:  checkpoint complete: fast force wait: wrote 13 buffers (0.0%), wrote 1 SLRU buffers; 0 WAL file(s) added, 0 removed, 0 recycled; write=0.005 s, sync=0.021 s, total=0.039 s; sync files=15, longest=0.008 s, average=0.002 s; distance=6465 kB, estimate=110844 kB; lsn=0/33AB02E8, redo lsn=0/33AB0288
2026-09-22 11:32:14.691 PDT [1195879] LOG:  checkpoint starting: fast force wait
2026-09-22 11:32:14.881 PDT [1195879] LOG:  checkpoint complete: fast force wait: wrote 10019 buffers (15.3%), wrote 1 SLRU buffers; 0 WAL file(s) added, 0 removed, 5 recycled; write=0.118 s, sync=0.039 s, total=0.190 s; sync files=20, longest=0.019 s, average=0.002 s; distance=80575 kB, estimate=107817 kB; lsn=0/3895FEE8, redo lsn=0/3895FE88
2026-09-22 11:32:14.974 PDT [1195879] LOG:  checkpoint starting: fast force wait
2026-09-22 11:32:15.020 PDT [1195879] LOG:  checkpoint complete: fast force wait: wrote 1569 buffers (2.4%), wrote 1 SLRU buffers; 0 WAL file(s) added, 0 removed, 1 recycled; write=0.015 s, sync=0.015 s, total=0.047 s; sync files=8, longest=0.007 s, average=0.002 s; distance=14377 kB, estimate=98473 kB; lsn=0/3976A6C8, redo lsn=0/3976A668
2026-09-22 11:32:15.224 PDT [1195879] LOG:  checkpoint starting: fast force wait
2026-09-22 11:32:15.285 PDT [1195879] LOG:  checkpoint complete: fast force wait: wrote 1973 buffers (3.0%), wrote 1 SLRU buffers; 0 WAL file(s) added, 0 removed, 1 recycled; write=0.018 s, sync=0.027 s, total=0.062 s; sync files=10, longest=0.014 s, average=0.003 s; distance=18540 kB, estimate=90480 kB; lsn=0/3A985830, redo lsn=0/3A9857D0
2026-09-22 11:32:27.733 PDT [1195879] LOG:  checkpoint starting: fast force wait
2026-09-22 11:32:28.354 PDT [1195879] LOG:  checkpoint complete: fast force wait: wrote 2071 buffers (3.2%), wrote 1 SLRU buffers; 0 WAL file(s) added, 0 removed, 50 recycled; write=0.022 s, sync=0.383 s, total=0.621 s; sync files=28, longest=0.356 s, average=0.014 s; distance=810241 kB, estimate=810241 kB; lsn=0/6C0C6018, redo lsn=0/6C0C5FA0
2026-09-22 11:32:30.865 PDT [1195879] LOG:  checkpoint starting: fast force wait
2026-09-22 11:32:30.903 PDT [1195879] LOG:  checkpoint complete: fast force wait: wrote 14 buffers (0.0%), wrote 1 SLRU buffers; 0 WAL file(s) added, 0 removed, 0 recycled; write=0.004 s, sync=0.022 s, total=0.038 s; sync files=15, longest=0.009 s, average=0.002 s; distance=10012 kB, estimate=730218 kB; lsn=0/6CA8D168, redo lsn=0/6CA8D108
2026-09-22 11:32:34.523 PDT [1195879] LOG:  checkpoint starting: fast force wait
2026-09-22 11:32:34.581 PDT [1195879] LOG:  checkpoint complete: fast force wait: wrote 14 buffers (0.0%), wrote 1 SLRU buffers; 0 WAL file(s) added, 0 removed, 1 recycled; write=0.005 s, sync=0.037 s, total=0.059 s; sync files=15, longest=0.025 s, average=0.003 s; distance=10419 kB, estimate=658239 kB; lsn=0/6D4B9DD8, redo lsn=0/6D4B9D78
2026-09-22 11:32:38.101 PDT [1195879] LOG:  checkpoint starting: fast force wait
2026-09-22 11:32:38.171 PDT [1195879] LOG:  checkpoint complete: fast force wait: wrote 14 buffers (0.0%), wrote 1 SLRU buffers; 0 WAL file(s) added, 0 removed, 1 recycled; write=0.006 s, sync=0.047 s, total=0.070 s; sync files=15, longest=0.034 s, average=0.003 s; distance=14454 kB, estimate=593860 kB; lsn=0/6E2D75E8, redo lsn=0/6E2D7588
2026-09-22 11:32:41.280 PDT [1195879] LOG:  checkpoint starting: fast force wait
2026-09-22 11:32:41.362 PDT [1195879] LOG:  checkpoint complete: fast force wait: wrote 14 buffers (0.0%), wrote 1 SLRU buffers; 0 WAL file(s) added, 0 removed, 2 recycled; write=0.005 s, sync=0.056 s, total=0.083 s; sync files=15, longest=0.046 s, average=0.004 s; distance=31314 kB, estimate=537605 kB; lsn=0/7016BE80, redo lsn=0/7016BE20
2026-09-22 11:33:24.536 PDT [1195879] LOG:  checkpoint starting: fast force wait
2026-09-22 11:33:25.038 PDT [1195879] LOG:  checkpoint complete: fast force wait: wrote 0 buffers (0.0%), wrote 1 SLRU buffers; 0 WAL file(s) added, 0 removed, 23 recycled; write=0.004 s, sync=0.389 s, total=0.503 s; sync files=20, longest=0.371 s, average=0.020 s; distance=386329 kB, estimate=522478 kB; lsn=0/87AB2388, redo lsn=0/87AB2328
2026-09-22 11:33:26.744 PDT [1195879] LOG:  checkpoint starting: fast force wait
2026-09-22 11:33:26.863 PDT [1195879] LOG:  checkpoint complete: fast force wait: wrote 6732 buffers (10.3%), wrote 1 SLRU buffers; 0 WAL file(s) added, 0 removed, 12 recycled; write=0.045 s, sync=0.013 s, total=0.120 s; sync files=8, longest=0.005 s, average=0.002 s; distance=196542 kB, estimate=489884 kB; lsn=0/93AA1DB0, redo lsn=0/93AA1D50
2026-09-22 11:33:29.096 PDT [1195879] LOG:  checkpoint starting: fast force wait
2026-09-22 11:33:29.248 PDT [1195879] LOG:  checkpoint complete: fast force wait: wrote 8770 buffers (13.4%), wrote 1 SLRU buffers; 0 WAL file(s) added, 0 removed, 16 recycled; write=0.057 s, sync=0.019 s, total=0.152 s; sync files=10, longest=0.007 s, average=0.002 s; distance=264166 kB, estimate=467312 kB; lsn=0/A3C9B5D8, redo lsn=0/A3C9B578
2026-09-22 11:33:45.279 PDT [1195879] LOG:  checkpoint starting: fast force wait
2026-09-22 11:33:45.822 PDT [1195879] LOG:  checkpoint complete: fast force wait: wrote 2071 buffers (3.2%), wrote 1 SLRU buffers; 0 WAL file(s) added, 0 removed, 51 recycled; write=0.023 s, sync=0.298 s, total=0.544 s; sync files=30, longest=0.264 s, average=0.010 s; distance=827167 kB, estimate=827167 kB; lsn=0/D64633E0, redo lsn=0/D6463380
2026-09-22 11:33:46.937 PDT [1195879] LOG:  checkpoint starting: fast force wait
2026-09-22 11:33:46.995 PDT [1195879] LOG:  checkpoint complete: fast force wait: wrote 13 buffers (0.0%), wrote 1 SLRU buffers; 0 WAL file(s) added, 0 removed, 2 recycled; write=0.005 s, sync=0.032 s, total=0.059 s; sync files=15, longest=0.020 s, average=0.003 s; distance=30642 kB, estimate=747514 kB; lsn=0/D824FC30, redo lsn=0/D824FBD0
2026-09-22 11:33:48.253 PDT [1195879] LOG:  checkpoint starting: fast force wait
2026-09-22 11:33:48.319 PDT [1195879] LOG:  checkpoint complete: fast force wait: wrote 13 buffers (0.0%), wrote 1 SLRU buffers; 0 WAL file(s) added, 0 removed, 2 recycled; write=0.005 s, sync=0.040 s, total=0.066 s; sync files=15, longest=0.028 s, average=0.003 s; distance=30642 kB, estimate=675827 kB; lsn=0/DA03C770, redo lsn=0/DA03C710
2026-09-22 11:33:49.560 PDT [1195879] LOG:  checkpoint starting: fast force wait
2026-09-22 11:33:49.614 PDT [1195879] LOG:  checkpoint complete: fast force wait: wrote 13 buffers (0.0%), wrote 1 SLRU buffers; 0 WAL file(s) added, 0 removed, 1 recycled; write=0.004 s, sync=0.033 s, total=0.054 s; sync files=15, longest=0.020 s, average=0.003 s; distance=30645 kB, estimate=611309 kB; lsn=0/DBE29CE0, redo lsn=0/DBE29C80
2026-09-22 11:33:50.741 PDT [1195879] LOG:  checkpoint starting: fast force wait
2026-09-22 11:33:50.810 PDT [1195879] LOG:  checkpoint complete: fast force wait: wrote 13 buffers (0.0%), wrote 1 SLRU buffers; 0 WAL file(s) added, 0 removed, 2 recycled; write=0.004 s, sync=0.040 s, total=0.069 s; sync files=15, longest=0.027 s, average=0.003 s; distance=30797 kB, estimate=553258 kB; lsn=0/DDC3D418, redo lsn=0/DDC3D3B8
2026-09-22 11:34:17.485 PDT [1195879] LOG:  checkpoint starting: fast force wait
2026-09-22 11:34:17.987 PDT [1195879] LOG:  checkpoint complete: fast force wait: wrote 0 buffers (0.0%), wrote 1 SLRU buffers; 0 WAL file(s) added, 0 removed, 25 recycled; write=0.004 s, sync=0.381 s, total=0.502 s; sync files=20, longest=0.320 s, average=0.019 s; distance=402494 kB, estimate=538181 kB; lsn=0/F654CFD0, redo lsn=0/F654CF70
2026-09-22 11:34:18.536 PDT [1195879] LOG:  checkpoint starting: fast force wait
2026-09-22 11:34:18.623 PDT [1195879] LOG:  checkpoint complete: fast force wait: wrote 6613 buffers (10.1%), wrote 1 SLRU buffers; 0 WAL file(s) added, 0 removed, 4 recycled; write=0.043 s, sync=0.014 s, total=0.087 s; sync files=8, longest=0.008 s, average=0.002 s; distance=61120 kB, estimate=490475 kB; lsn=0/FA0FD140, redo lsn=0/FA0FD0E0
2026-09-22 11:34:19.829 PDT [1195879] LOG:  checkpoint starting: fast force wait
2026-09-22 11:34:19.929 PDT [1195879] LOG:  checkpoint complete: fast force wait: wrote 8350 buffers (12.7%), wrote 1 SLRU buffers; 0 WAL file(s) added, 0 removed, 4 recycled; write=0.051 s, sync=0.019 s, total=0.100 s; sync files=9, longest=0.010 s, average=0.002 s; distance=78858 kB, estimate=449314 kB; lsn=0/FEDFFC80, redo lsn=0/FEDFFC20
2026-09-22 11:34:32.909 PDT [1195879] LOG:  checkpoint starting: fast force wait
2026-09-22 11:34:33.421 PDT [1195879] LOG:  checkpoint complete: fast force wait: wrote 2069 buffers (3.2%), wrote 1 SLRU buffers; 0 WAL file(s) added, 0 removed, 51 recycled; write=0.023 s, sync=0.270 s, total=0.512 s; sync files=29, longest=0.244 s, average=0.010 s; distance=828224 kB, estimate=828224 kB; lsn=1/316D0070, redo lsn=1/316CFFF8
2026-09-22 11:34:33.890 PDT [1195879] LOG:  checkpoint starting: fast force wait
2026-09-22 11:34:33.929 PDT [1195879] LOG:  checkpoint complete: fast force wait: wrote 692 buffers (1.1%), wrote 1 SLRU buffers; 0 WAL file(s) added, 0 removed, 0 recycled; write=0.009 s, sync=0.017 s, total=0.039 s; sync files=15, longest=0.006 s, average=0.002 s; distance=5347 kB, estimate=745937 kB; lsn=1/31C08F68, redo lsn=1/31C08F08
2026-09-22 11:34:34.463 PDT [1195879] LOG:  checkpoint starting: fast force wait
2026-09-22 11:34:34.507 PDT [1195879] LOG:  checkpoint complete: fast force wait: wrote 916 buffers (1.4%), wrote 1 SLRU buffers; 0 WAL file(s) added, 0 removed, 1 recycled; write=0.010 s, sync=0.017 s, total=0.044 s; sync files=15, longest=0.006 s, average=0.002 s; distance=6963 kB, estimate=672039 kB; lsn=1/322D5BF0, redo lsn=1/322D5B90
2026-09-22 11:34:35.113 PDT [1195879] LOG:  checkpoint starting: fast force wait
2026-09-22 11:34:35.158 PDT [1195879] LOG:  checkpoint complete: fast force wait: wrote 1616 buffers (2.5%), wrote 1 SLRU buffers; 0 WAL file(s) added, 0 removed, 0 recycled; write=0.015 s, sync=0.017 s, total=0.045 s; sync files=15, longest=0.005 s, average=0.002 s; distance=10247 kB, estimate=605860 kB; lsn=1/32CD7828, redo lsn=1/32CD77C8
2026-09-22 11:34:36.214 PDT [1195879] LOG:  checkpoint starting: fast force wait
2026-09-22 11:34:36.275 PDT [1195879] LOG:  checkpoint complete: fast force wait: wrote 3378 buffers (5.2%), wrote 1 SLRU buffers; 0 WAL file(s) added, 0 removed, 1 recycled; write=0.026 s, sync=0.018 s, total=0.061 s; sync files=15, longest=0.006 s, average=0.002 s; distance=15772 kB, estimate=546851 kB; lsn=1/33C3EC18, redo lsn=1/33C3EBB8
2026-09-22 11:35:16.980 PDT [1195879] LOG:  checkpoint starting: fast force wait
2026-09-22 11:35:17.443 PDT [1195879] LOG:  checkpoint complete: fast force wait: wrote 0 buffers (0.0%), wrote 1 SLRU buffers; 0 WAL file(s) added, 0 removed, 24 recycled; write=0.004 s, sync=0.352 s, total=0.464 s; sync files=21, longest=0.335 s, average=0.017 s; distance=381860 kB, estimate=530352 kB; lsn=1/4B127C98, redo lsn=1/4B127C38
2026-09-22 11:35:17.730 PDT [1195879] LOG:  checkpoint starting: fast force wait
2026-09-22 11:35:17.776 PDT [1195879] LOG:  checkpoint complete: fast force wait: wrote 1591 buffers (2.4%), wrote 1 SLRU buffers; 0 WAL file(s) added, 0 removed, 2 recycled; write=0.013 s, sync=0.012 s, total=0.047 s; sync files=8, longest=0.005 s, average=0.002 s; distance=47156 kB, estimate=482033 kB; lsn=1/4DF34F28, redo lsn=1/4DF34EC8
2026-09-22 11:35:18.569 PDT [1195879] LOG:  checkpoint starting: fast force wait
2026-09-22 11:35:18.636 PDT [1195879] LOG:  checkpoint complete: fast force wait: wrote 3249 buffers (5.0%), wrote 1 SLRU buffers; 0 WAL file(s) added, 0 removed, 4 recycled; write=0.021 s, sync=0.017 s, total=0.068 s; sync files=10, longest=0.006 s, average=0.002 s; distance=64070 kB, estimate=440236 kB; lsn=1/51DC67F0, redo lsn=1/51DC6790
2026-09-22 11:35:26.308 PDT [1195879] LOG:  checkpoint starting: fast force wait
2026-09-22 11:35:26.427 PDT [1195879] LOG:  checkpoint complete: fast force wait: wrote 2057 buffers (3.1%), wrote 1 SLRU buffers; 0 WAL file(s) added, 0 removed, 7 recycled; write=0.021 s, sync=0.055 s, total=0.119 s; sync files=33, longest=0.026 s, average=0.002 s; distance=110742 kB, estimate=407287 kB; lsn=1/589EC0F0, redo lsn=1/589EC090
2026-09-22 11:35:27.018 PDT [1195879] LOG:  checkpoint starting: fast force wait
2026-09-22 11:35:27.054 PDT [1195879] LOG:  checkpoint complete: fast force wait: wrote 14 buffers (0.0%), wrote 1 SLRU buffers; 0 WAL file(s) added, 0 removed, 0 recycled; write=0.004 s, sync=0.020 s, total=0.037 s; sync files=15, longest=0.007 s, average=0.002 s; distance=2268 kB, estimate=366785 kB; lsn=1/58C23268, redo lsn=1/58C23208
2026-09-22 11:35:30.451 PDT [1195879] LOG:  checkpoint starting: fast force wait
2026-09-22 11:35:30.555 PDT [1195879] LOG:  checkpoint complete: fast force wait: wrote 2062 buffers (3.1%), wrote 1 SLRU buffers; 0 WAL file(s) added, 4 removed, 0 recycled; write=0.021 s, sync=0.045 s, total=0.104 s; sync files=28, longest=0.020 s, average=0.002 s; distance=57274 kB, estimate=335834 kB; lsn=1/5C411B38, redo lsn=1/5C411AD8
2026-09-22 11:35:30.677 PDT [1195879] LOG:  checkpoint starting: fast force wait
2026-09-22 11:35:30.711 PDT [1195879] LOG:  checkpoint complete: fast force wait: wrote 279 buffers (0.4%), wrote 1 SLRU buffers; 0 WAL file(s) added, 0 removed, 0 recycled; write=0.006 s, sync=0.016 s, total=0.035 s; sync files=15, longest=0.005 s, average=0.002 s; distance=1400 kB, estimate=302390 kB; lsn=1/5C56FB60, redo lsn=1/5C56FB00
2026-09-22 11:35:31.446 PDT [1195876] LOG:  received fast shutdown request
2026-09-22 11:35:31.450 PDT [1195876] LOG:  aborting any active transactions
2026-09-22 11:35:31.450 PDT [1195876] LOG:  background worker "logical replication launcher" (PID 1195883) exited with exit code 1
2026-09-22 11:35:31.470 PDT [1195879] LOG:  shutting down
2026-09-22 11:35:31.474 PDT [1195879] LOG:  checkpoint starting: shutdown fast
2026-09-22 11:35:31.506 PDT [1195879] LOG:  checkpoint complete: shutdown fast: wrote 17 buffers (0.0%), wrote 1 SLRU buffers; 0 WAL file(s) added, 0 removed, 0 recycled; write=0.004 s, sync=0.016 s, total=0.037 s; sync files=18, longest=0.005 s, average=0.001 s; distance=2779 kB, estimate=272429 kB; lsn=1/5C826A90, redo lsn=1/5C826A90
2026-09-22 11:35:31.627 PDT [1195876] LOG:  database system is shut down
